Archive member included to satisfy reference by file (symbol)

c:/nxp/mcuxpressoide_11.0.1_2563/ide/plugins/com.nxp.mcuxpresso.tools.win32_11.0.1.201907311258/tools/bin/../lib/gcc/arm-none-eabi/8.2.1/../../../../arm-none-eabi/lib/thumb/v7e-m/nofp\libcr_semihost_nf.a(_cr__main.o)
                              ./startup/startup_mk60d10.o (__main)
c:/nxp/mcuxpressoide_11.0.1_2563/ide/plugins/com.nxp.mcuxpresso.tools.win32_11.0.1.201907311258/tools/bin/../lib/gcc/arm-none-eabi/8.2.1/../../../../arm-none-eabi/lib/thumb/v7e-m/nofp\libcr_semihost_nf.a(_cr_assert.o)
                              ./drivers/fsl_clock.o (__assertion_failed)
c:/nxp/mcuxpressoide_11.0.1_2563/ide/plugins/com.nxp.mcuxpresso.tools.win32_11.0.1.201907311258/tools/bin/../lib/gcc/arm-none-eabi/8.2.1/../../../../arm-none-eabi/lib/thumb/v7e-m/nofp\libcr_semihost_nf.a(__ciob.o)
                              c:/nxp/mcuxpressoide_11.0.1_2563/ide/plugins/com.nxp.mcuxpresso.tools.win32_11.0.1.201907311258/tools/bin/../lib/gcc/arm-none-eabi/8.2.1/../../../../arm-none-eabi/lib/thumb/v7e-m/nofp\libcr_semihost_nf.a(_cr_assert.o) (__Ciob)
c:/nxp/mcuxpressoide_11.0.1_2563/ide/plugins/com.nxp.mcuxpresso.tools.win32_11.0.1.201907311258/tools/bin/../lib/gcc/arm-none-eabi/8.2.1/../../../../arm-none-eabi/lib/thumb/v7e-m/nofp\libcr_semihost_nf.a(__sys_appexit.o)
                              c:/nxp/mcuxpressoide_11.0.1_2563/ide/plugins/com.nxp.mcuxpresso.tools.win32_11.0.1.201907311258/tools/bin/../lib/gcc/arm-none-eabi/8.2.1/../../../../arm-none-eabi/lib/thumb/v7e-m/nofp\libcr_semihost_nf.a(_cr_assert.o) (__sys_appexit)
c:/nxp/mcuxpressoide_11.0.1_2563/ide/plugins/com.nxp.mcuxpresso.tools.win32_11.0.1.201907311258/tools/bin/../lib/gcc/arm-none-eabi/8.2.1/../../../../arm-none-eabi/lib/thumb/v7e-m/nofp\libcr_c.a(memcpy.o)
                              ./lwip/src/netif/ethernet.o (memcpy)
c:/nxp/mcuxpressoide_11.0.1_2563/ide/plugins/com.nxp.mcuxpresso.tools.win32_11.0.1.201907311258/tools/bin/../lib/gcc/arm-none-eabi/8.2.1/../../../../arm-none-eabi/lib/thumb/v7e-m/nofp\libcr_c.a(memset.o)
                              ./lwip/src/core/ipv4/dhcp.o (memset)
c:/nxp/mcuxpressoide_11.0.1_2563/ide/plugins/com.nxp.mcuxpresso.tools.win32_11.0.1.201907311258/tools/bin/../lib/gcc/arm-none-eabi/8.2.1/../../../../arm-none-eabi/lib/thumb/v7e-m/nofp\libcr_c.a(_deferredlazyseek.o)
                              c:/nxp/mcuxpressoide_11.0.1_2563/ide/plugins/com.nxp.mcuxpresso.tools.win32_11.0.1.201907311258/tools/bin/../lib/gcc/arm-none-eabi/8.2.1/../../../../arm-none-eabi/lib/thumb/v7e-m/nofp\libcr_semihost_nf.a(_cr_assert.o) (__flsbuf)
c:/nxp/mcuxpressoide_11.0.1_2563/ide/plugins/com.nxp.mcuxpresso.tools.win32_11.0.1.201907311258/tools/bin/../lib/gcc/arm-none-eabi/8.2.1/../../../../arm-none-eabi/lib/thumb/v7e-m/nofp\libcr_c.a(_fflush.o)
                              c:/nxp/mcuxpressoide_11.0.1_2563/ide/plugins/com.nxp.mcuxpresso.tools.win32_11.0.1.201907311258/tools/bin/../lib/gcc/arm-none-eabi/8.2.1/../../../../arm-none-eabi/lib/thumb/v7e-m/nofp\libcr_c.a(_deferredlazyseek.o) (_fflush)
c:/nxp/mcuxpressoide_11.0.1_2563/ide/plugins/com.nxp.mcuxpresso.tools.win32_11.0.1.201907311258/tools/bin/../lib/gcc/arm-none-eabi/8.2.1/../../../../arm-none-eabi/lib/thumb/v7e-m/nofp\libcr_c.a(_writebuf.o)
                              c:/nxp/mcuxpressoide_11.0.1_2563/ide/plugins/com.nxp.mcuxpresso.tools.win32_11.0.1.201907311258/tools/bin/../lib/gcc/arm-none-eabi/8.2.1/../../../../arm-none-eabi/lib/thumb/v7e-m/nofp\libcr_c.a(_deferredlazyseek.o) (_Cwritebuf)
c:/nxp/mcuxpressoide_11.0.1_2563/ide/plugins/com.nxp.mcuxpresso.tools.win32_11.0.1.201907311258/tools/bin/../lib/gcc/arm-none-eabi/8.2.1/../../../../arm-none-eabi/lib/thumb/v7e-m/nofp\libcr_c.a(alloc.o)
                              c:/nxp/mcuxpressoide_11.0.1_2563/ide/plugins/com.nxp.mcuxpresso.tools.win32_11.0.1.201907311258/tools/bin/../lib/gcc/arm-none-eabi/8.2.1/../../../../arm-none-eabi/lib/thumb/v7e-m/nofp\libcr_c.a(_deferredlazyseek.o) (_Csys_alloc)
c:/nxp/mcuxpressoide_11.0.1_2563/ide/plugins/com.nxp.mcuxpresso.tools.win32_11.0.1.201907311258/tools/bin/../lib/gcc/arm-none-eabi/8.2.1/../../../../arm-none-eabi/lib/thumb/v7e-m/nofp\libcr_c.a(fputs.o)
                              c:/nxp/mcuxpressoide_11.0.1_2563/ide/plugins/com.nxp.mcuxpresso.tools.win32_11.0.1.201907311258/tools/bin/../lib/gcc/arm-none-eabi/8.2.1/../../../../arm-none-eabi/lib/thumb/v7e-m/nofp\libcr_semihost_nf.a(_cr_assert.o) (fputs)
c:/nxp/mcuxpressoide_11.0.1_2563/ide/plugins/com.nxp.mcuxpresso.tools.win32_11.0.1.201907311258/tools/bin/../lib/gcc/arm-none-eabi/8.2.1/../../../../arm-none-eabi/lib/thumb/v7e-m/nofp\libcr_c.a(fseek.o)
                              c:/nxp/mcuxpressoide_11.0.1_2563/ide/plugins/com.nxp.mcuxpresso.tools.win32_11.0.1.201907311258/tools/bin/../lib/gcc/arm-none-eabi/8.2.1/../../../../arm-none-eabi/lib/thumb/v7e-m/nofp\libcr_c.a(_deferredlazyseek.o) (fseek)
[...]
Memory Configuration

Name             Origin             Length             Attributes
PROGRAM_FLASH    0x00000000         0x00080000         xr
SRAM_UPPER       0x20000000         0x00010000         xrw
SRAM_LOWER       0x1fff0000         0x00010000         xrw
FLEX_RAM         0x14000000         0x00001000         xrw
*default*        0x00000000         0xffffffff

Linker script and memory map

                0x00000001                __ram_vector_table__ = 0x1
LOAD ./utilities/fsl_debug_console.o
LOAD ./startup/startup_mk60d10.o
LOAD ./source/lwip_httpsrv_bm.o
LOAD ./source/semihost_hardfault.o
LOAD ./lwip/src/netif/ppp/auth.o
LOAD ./lwip/src/netif/ppp/ccp.o
LOAD ./lwip/src/netif/ppp/chap-md5.o
LOAD ./lwip/src/netif/ppp/chap-new.o
LOAD ./lwip/src/netif/ppp/chap_ms.o
LOAD ./lwip/src/netif/ppp/demand.o
LOAD ./lwip/src/netif/ppp/eap.o
LOAD ./lwip/src/netif/ppp/eui64.o
LOAD ./lwip/src/netif/ppp/fsm.o
LOAD ./lwip/src/netif/ppp/ipcp.o
LOAD ./lwip/src/netif/ppp/ipv6cp.o
LOAD ./lwip/src/netif/ppp/lcp.o
LOAD ./lwip/src/netif/ppp/lwip_ecp.o
LOAD ./lwip/src/netif/ppp/magic.o
LOAD ./lwip/src/netif/ppp/mppe.o
LOAD ./lwip/src/netif/ppp/multilink.o
LOAD ./lwip/src/netif/ppp/ppp.o
LOAD ./lwip/src/netif/ppp/pppapi.o
LOAD ./lwip/src/netif/ppp/pppcrypt.o
LOAD ./lwip/src/netif/ppp/pppoe.o
LOAD ./lwip/src/netif/ppp/pppol2tp.o
LOAD ./lwip/src/netif/ppp/pppos.o
LOAD ./lwip/src/netif/ppp/upap.o
LOAD ./lwip/src/netif/ppp/utils.o
LOAD ./lwip/src/netif/ppp/vj.o
LOAD ./lwip/src/netif/ethernet.o
LOAD ./lwip/src/netif/lowpan6.o
LOAD ./lwip/src/netif/slipif.o
LOAD ./lwip/src/core/ipv6/dhcp6.o
LOAD ./lwip/src/core/ipv6/ethip6.o
LOAD ./lwip/src/core/ipv6/icmp6.o
LOAD ./lwip/src/core/ipv6/inet6.o
LOAD ./lwip/src/core/ipv6/ip6.o
LOAD ./lwip/src/core/ipv6/ip6_addr.o
LOAD ./lwip/src/core/ipv6/ip6_frag.o
LOAD ./lwip/src/core/ipv6/mld6.o
LOAD ./lwip/src/core/ipv6/nd6.o
LOAD ./lwip/src/core/ipv4/autoip.o
LOAD ./lwip/src/core/ipv4/dhcp.o
LOAD ./lwip/src/core/ipv4/etharp.o
LOAD ./lwip/src/core/ipv4/icmp.o
LOAD ./lwip/src/core/ipv4/igmp.o
LOAD ./lwip/src/core/ipv4/ip4.o
LOAD ./lwip/src/core/ipv4/ip4_addr.o
LOAD ./lwip/src/core/ipv4/ip4_frag.o
LOAD ./lwip/src/core/def.o
LOAD ./lwip/src/core/dns.o
LOAD ./lwip/src/core/inet_chksum.o
LOAD ./lwip/src/core/init.o
LOAD ./lwip/src/core/ip.o
LOAD ./lwip/src/core/mem.o
LOAD ./lwip/src/core/memp.o
LOAD ./lwip/src/core/netif.o
LOAD ./lwip/src/core/pbuf.o
LOAD ./lwip/src/core/raw.o
LOAD ./lwip/src/core/stats.o
LOAD ./lwip/src/core/sys.o
LOAD ./lwip/src/core/tcp.o
LOAD ./lwip/src/core/tcp_in.o
LOAD ./lwip/src/core/tcp_out.o
LOAD ./lwip/src/core/timeouts.o
LOAD ./lwip/src/core/udp.o
LOAD ./lwip/src/apps/httpd/fs.o
LOAD ./lwip/src/apps/httpd/httpd.o
LOAD ./lwip/src/api/api_lib.o
LOAD ./lwip/src/api/api_msg.o
LOAD ./lwip/src/api/err.o
LOAD ./lwip/src/api/netbuf.o
LOAD ./lwip/src/api/netdb.o
LOAD ./lwip/src/api/netifapi.o
LOAD ./lwip/src/api/sockets.o
LOAD ./lwip/src/api/tcpip.o
LOAD ./lwip/port/ethernetif.o
LOAD ./lwip/port/sys_arch.o
LOAD ./drivers/fsl_clock.o
LOAD ./drivers/fsl_common.o
LOAD ./drivers/fsl_enet.o
LOAD ./drivers/fsl_flash.o
LOAD ./drivers/fsl_gpio.o
LOAD ./drivers/fsl_sim.o
LOAD ./drivers/fsl_smc.o
LOAD ./drivers/fsl_uart.o
LOAD ./board/board.o
LOAD ./board/clock_config.o
LOAD ./board/fsl_phy.o
LOAD ./board/pin_mux.o
LOAD ./CMSIS/system_MK60D10.o
START GROUP
LOAD c:/nxp/mcuxpressoide_11.0.1_2563/ide/plugins/com.nxp.mcuxpresso.tools.win32_11.0.1.201907311258/tools/bin/../lib/gcc/arm-none-eabi/8.2.1/../../../../arm-none-eabi/lib/thumb/v7e-m/nofp\libcr_semihost_nf.a
LOAD c:/nxp/mcuxpressoide_11.0.1_2563/ide/plugins/com.nxp.mcuxpresso.tools.win32_11.0.1.201907311258/tools/bin/../lib/gcc/arm-none-eabi/8.2.1/../../../../arm-none-eabi/lib/thumb/v7e-m/nofp\libcr_c.a
LOAD c:/nxp/mcuxpressoide_11.0.1_2563/ide/plugins/com.nxp.mcuxpresso.tools.win32_11.0.1.201907311258/tools/bin/../lib/gcc/arm-none-eabi/8.2.1/thumb/v7e-m/nofp\libcr_eabihelpers.a
LOAD c:/nxp/mcuxpressoide_11.0.1_2563/ide/plugins/com.nxp.mcuxpresso.tools.win32_11.0.1.201907311258/tools/bin/../lib/gcc/arm-none-eabi/8.2.1/thumb/v7e-m/nofp\libgcc.a
END GROUP
                0x00000000                __base_PROGRAM_FLASH = 0x0
                0x00000000                __base_Flash = 0x0
                0x00080000                __top_PROGRAM_FLASH = 0x80000
                0x00080000                __top_Flash = 0x80000
                0x20000000                __base_SRAM_UPPER = 0x20000000
                0x20000000                __base_RAM = 0x20000000
                0x20010000                __top_SRAM_UPPER = 0x20010000
                0x20010000                __top_RAM = 0x20010000
                0x1fff0000                __base_SRAM_LOWER = 0x1fff0000
                0x1fff0000                __base_RAM2 = 0x1fff0000
                0x20000000                __top_SRAM_LOWER = 0x20000000
                0x20000000                __top_RAM2 = 0x20000000
                0x14000000                __base_FLEX_RAM = 0x14000000
                0x14000000                __base_RAM3 = 0x14000000
                0x14001000                __top_FLEX_RAM = 0x14001000
                0x14001000                __top_RAM3 = 0x14001000

.text           0x00000000    0x14bf4
 FILL mask 0xff
                0x00000000                __vectors_start__ = ABSOLUTE (.)
 *(SORT_BY_ALIGNMENT(.isr_vector))
 .isr_vector    0x00000000      0x1bc ./startup/startup_mk60d10.o
                0x00000000                g_pfnVectors
                0x00000000                __Vectors
                0x000001bc                . = ALIGN (0x4)
                0x000001bc                __section_table_start = .
                0x000001bc                __data_section_table = .
                0x000001bc        0x4 LONG 0x14bf4 LOADADDR (.data)
                0x000001c0        0x4 LONG 0x20000000 ADDR (.data)
                0x000001c4        0x4 LONG 0x1c SIZEOF (.data)
                0x000001c8        0x4 LONG 0x14bf4 LOADADDR (.data_RAM2)
                0x000001cc        0x4 LONG 0x1fff0000 ADDR (.data_RAM2)
                0x000001d0        0x4 LONG 0x0 SIZEOF (.data_RAM2)
                0x000001d4        0x4 LONG 0x14bf4 LOADADDR (.data_RAM3)
                0x000001d8        0x4 LONG 0x14000000 ADDR (.data_RAM3)
                0x000001dc        0x4 LONG 0x0 SIZEOF (.data_RAM3)
                0x000001e0                __data_section_table_end = .
                0x000001e0                __bss_section_table = .
                0x000001e0        0x4 LONG 0x2000001c ADDR (.bss)
                0x000001e4        0x4 LONG 0xd81c SIZEOF (.bss)
                0x000001e8        0x4 LONG 0x1fff0000 ADDR (.bss_RAM2)
                0x000001ec        0x4 LONG 0x0 SIZEOF (.bss_RAM2)
                0x000001f0        0x4 LONG 0x14000000 ADDR (.bss_RAM3)
                0x000001f4        0x4 LONG 0x0 SIZEOF (.bss_RAM3)
                0x000001f8                __bss_section_table_end = .
                0x000001f8                __section_table_end = .
 *(SORT_BY_ALIGNMENT(.after_vectors*))
 .after_vectors.reset
                0x000001f8       0x4c ./startup/startup_mk60d10.o
                0x000001f8                ResetISR
 .after_vectors.init_data
                0x00000244       0x1c ./startup/startup_mk60d10.o
                0x00000244                data_init
 .after_vectors.init_bss
                0x00000260       0x12 ./startup/startup_mk60d10.o
                0x00000260                bss_init
 .after_vectors
                0x00000272       0x14 ./startup/startup_mk60d10.o
                0x00000272                NMI_Handler
                0x00000276                MemManage_Handler
                0x00000278                BusFault_Handler
                0x0000027a                UsageFault_Handler
                0x0000027c                SVC_Handler
                0x0000027e                DebugMon_Handler
                0x00000280                PendSV_Handler
                0x00000284                DMA_Error_DriverIRQHandler
                0x00000284                LPTMR0_DriverIRQHandler
                0x00000284                SPI1_DriverIRQHandler
                0x00000284                FTM1_DriverIRQHandler
                0x00000284                FTM2_DriverIRQHandler
                0x00000284                PIT2_DriverIRQHandler
                0x00000284                SDHC_DriverIRQHandler
                0x00000284                I2S0_Tx_DriverIRQHandler
                0x00000284                TSI0_DriverIRQHandler
                0x00000284                RTC_Seconds_DriverIRQHandler
                0x00000284                Reserved109_DriverIRQHandler
                0x00000284                DMA6_DriverIRQHandler
                0x00000284                LLWU_DriverIRQHandler
                0x00000284                MCM_DriverIRQHandler
                0x00000284                MCG_DriverIRQHandler
                0x00000284                ENET_1588_Timer_DriverIRQHandler
                0x00000284                DAC1_DriverIRQHandler
                0x00000284                DMA12_DriverIRQHandler
                0x00000284                CMP1_DriverIRQHandler
                0x00000284                FTM0_DriverIRQHandler
                0x00000284                IntDefaultHandler
                0x00000284                USB0_DriverIRQHandler
                0x00000284                UART5_ERR_DriverIRQHandler
                0x00000284                PORTC_DriverIRQHandler
                0x00000284                DMA11_DriverIRQHandler
                0x00000284                DAC0_DriverIRQHandler
                0x00000284                DMA10_DriverIRQHandler
                0x00000284                CMP2_DriverIRQHandler
                0x00000284                UART2_ERR_DriverIRQHandler
                0x00000284                SPI2_DriverIRQHandler
                0x00000284                LVD_LVW_DriverIRQHandler
                0x00000284                PIT0_DriverIRQHandler
                0x00000284                PORTB_DriverIRQHandler
                0x00000284                DMA5_DriverIRQHandler
                0x00000284                DMA4_DriverIRQHandler
                0x00000284                USBDCD_DriverIRQHandler
                0x00000284                UART3_ERR_DriverIRQHandler
                0x00000284                DMA3_DriverIRQHandler
                0x00000284                DMA8_DriverIRQHandler
                0x00000284                DMA9_DriverIRQHandler
                0x00000284                UART0_ERR_DriverIRQHandler
                0x00000284                CMT_DriverIRQHandler
                0x00000284                ADC1_DriverIRQHandler
                0x00000284                PORTA_DriverIRQHandler
                0x00000284                DMA14_DriverIRQHandler
                0x00000284                PIT3_DriverIRQHandler
                0x00000284                PIT1_DriverIRQHandler
                0x00000284                WDOG_EWM_DriverIRQHandler
                0x00000284                PDB0_DriverIRQHandler
                0x00000284                Reserved95_DriverIRQHandler
                0x00000284                RTC_DriverIRQHandler
                0x00000284                I2S0_Rx_DriverIRQHandler
                0x00000284                Read_Collision_DriverIRQHandler
                0x00000284                SWI_DriverIRQHandler
                0x00000284                UART4_ERR_DriverIRQHandler
                0x00000284                DMA0_DriverIRQHandler
                0x00000284                UART0_LON_DriverIRQHandler
                0x00000284                Reserved102_DriverIRQHandler
                0x00000284                DMA1_DriverIRQHandler
                0x00000284                I2C1_DriverIRQHandler
                0x00000284                ENET_Receive_DriverIRQHandler
                0x00000284                DMA13_DriverIRQHandler
                0x00000284                ENET_Error_DriverIRQHandler
                0x00000284                DMA15_DriverIRQHandler
                0x00000284                SPI0_DriverIRQHandler
                0x00000284                ADC0_DriverIRQHandler
                0x00000284                FTFL_DriverIRQHandler
                0x00000284                CMP0_DriverIRQHandler
                0x00000284                CAN0_DriverIRQHandler
                0x00000284                Reserved59_DriverIRQHandler
                0x00000284                RNG_DriverIRQHandler
                0x00000284                UART1_ERR_DriverIRQHandler
                0x00000284                DMA2_DriverIRQHandler
                0x00000284                ENET_Transmit_DriverIRQHandler
                0x00000284                PORTD_DriverIRQHandler
                0x00000284                PORTE_DriverIRQHandler
                0x00000284                I2C0_DriverIRQHandler
                0x00000284                CAN1_DriverIRQHandler
                0x00000284                DMA7_DriverIRQHandler
                0x00000284                Reserved108_DriverIRQHandler
                0x00000400                . = 0x400
 *fill*         0x00000286      0x17a ff
                0x00000400                PROVIDE (__FLASH_CONFIG_START__ = .)
 *(SORT_BY_ALIGNMENT(.FlashConfig))
 .FlashConfig   0x00000400       0x10 ./startup/startup_mk60d10.o
                0x00000400                Flash_Config
                0x00000410                PROVIDE (__FLASH_CONFIG_END__ = .)
                0x00000001                ASSERT (! ((__FLASH_CONFIG_START__ == __FLASH_CONFIG_END__)), Linker Flash Config Support Enabled, but no .FlashConfig section provided within application)
 *(SORT_BY_ALIGNMENT(.text*))
 .text.DbgConsole_Init
                0x00000410       0x90 ./utilities/fsl_debug_console.o
                0x00000410                DbgConsole_Init
 .text.main     0x000004a0      0x14c ./source/lwip_httpsrv_bm.o
                0x000004a0                main
 .text.ethernet_input
                0x000005ec      0x12c ./lwip/src/netif/ethernet.o
                0x000005ec                ethernet_input
 .text.ethernet_output
                0x00000718       0x80 ./lwip/src/netif/ethernet.o
                0x00000718                ethernet_output
 .text.dhcp_check
                0x00000798       0x68 ./lwip/src/core/ipv4/dhcp.o
 .text.dhcp_select
                0x00000800      0x14c ./lwip/src/core/ipv4/dhcp.o
 .text.dhcp_coarse_tmr
                0x0000094c       0xa8 ./lwip/src/core/ipv4/dhcp.o
                0x0000094c                dhcp_coarse_tmr
 .text.dhcp_fine_tmr
                0x000009f4       0x64 ./lwip/src/core/ipv4/dhcp.o
                0x000009f4                dhcp_fine_tmr
 .text.dhcp_arp_reply
                0x00000a58       0x48 ./lwip/src/core/ipv4/dhcp.o
                0x00000a58                dhcp_arp_reply
 .text.dhcp_decline
                0x00000aa0       0xd4 ./lwip/src/core/ipv4/dhcp.o
 .text.dhcp_discover
                0x00000b74      0x118 ./lwip/src/core/ipv4/dhcp.o
 .text.dhcp_bind
                0x00000c8c      0x19c ./lwip/src/core/ipv4/dhcp.o
 .text.dhcp_renew
                0x00000e28      0x10c ./lwip/src/core/ipv4/dhcp.o
                0x00000e28                dhcp_renew
 .text.dhcp_rebind
                0x00000f34      0x10c ./lwip/src/core/ipv4/dhcp.o
 .text.dhcp_reboot
                0x00001040      0x128 ./lwip/src/core/ipv4/dhcp.o
 .text.dhcp_release
                0x00001168      0x110 ./lwip/src/core/ipv4/dhcp.o
                0x00001168                dhcp_release
 .text.dhcp_option
                0x00001278       0x64 ./lwip/src/core/ipv4/dhcp.o
 .text.dhcp_option_byte
                0x000012dc       0x40 ./lwip/src/core/ipv4/dhcp.o
 .text.dhcp_option_short
                0x0000131c       0x64 ./lwip/src/core/ipv4/dhcp.o
 .text.dhcp_option_long
                0x00001380       0x9c ./lwip/src/core/ipv4/dhcp.o
 .text.dhcp_create_msg
                0x0000141c      0x288 ./lwip/src/core/ipv4/dhcp.o
 .text.dhcp_delete_msg
                0x000016a4       0x64 ./lwip/src/core/ipv4/dhcp.o
 .text.dhcp_option_trailer
                0x00001708       0x94 ./lwip/src/core/ipv4/dhcp.o
 .text.etharp_free_entry
                0x0000179c       0xc0 ./lwip/src/core/ipv4/etharp.o
 .text.etharp_tmr
                0x0000185c      0x150 ./lwip/src/core/ipv4/etharp.o
                0x0000185c                etharp_tmr
 .text.etharp_find_entry
                0x000019ac      0x264 ./lwip/src/core/ipv4/etharp.o
 .text.etharp_update_arp_entry
                0x00001c10      0x13c ./lwip/src/core/ipv4/etharp.o
 .text.etharp_input
                0x00001d4c      0x174 ./lwip/src/core/ipv4/etharp.o
                0x00001d4c                etharp_input
 .text.etharp_output_to_arp_index
                0x00001ec0      0x124 ./lwip/src/core/ipv4/etharp.o
 .text.etharp_output
                0x00001fe4      0x1bc ./lwip/src/core/ipv4/etharp.o
                0x00001fe4                etharp_output
 .text.etharp_query
                0x000021a0      0x274 ./lwip/src/core/ipv4/etharp.o
                0x000021a0                etharp_query
 .text.etharp_raw
                0x00002414      0x100 ./lwip/src/core/ipv4/etharp.o
 .text.etharp_request_dst
                0x00002514       0x44 ./lwip/src/core/ipv4/etharp.o
 .text.etharp_request
                0x00002558       0x24 ./lwip/src/core/ipv4/etharp.o
                0x00002558                etharp_request
 .text.icmp_input
                0x0000257c      0x250 ./lwip/src/core/ipv4/icmp.o
                0x0000257c                icmp_input
 .text.icmp_send_response
                0x000027cc       0xd4 ./lwip/src/core/ipv4/icmp.o
 .text.ip4_route
                0x000028a0       0xd4 ./lwip/src/core/ipv4/ip4.o
                0x000028a0                ip4_route
 .text.ip4_input
                0x00002974      0x2c8 ./lwip/src/core/ipv4/ip4.o
                0x00002974                ip4_input
 .text.ip4_output_if_src
                0x00002c3c      0x1c8 ./lwip/src/core/ipv4/ip4.o
                0x00002c3c                ip4_output_if_src
 .text.ip_reass_tmr
                0x00002e04       0x58 ./lwip/src/core/ipv4/ip4_frag.o
                0x00002e04                ip_reass_tmr
 .text.ip_reass_free_complete_datagram
                0x00002e5c      0x120 ./lwip/src/core/ipv4/ip4_frag.o
 .text.ip_reass_remove_oldest_datagram
                0x00002f7c       0xc4 ./lwip/src/core/ipv4/ip4_frag.o
 .text.ip_reass_enqueue_new_datagram
                0x00003040       0x74 ./lwip/src/core/ipv4/ip4_frag.o
 .text.ip_reass_dequeue_datagram
                0x000030b4       0x4c ./lwip/src/core/ipv4/ip4_frag.o
 .text.ip_reass_chain_frag_into_datagram_and_validate
                0x00003100      0x27c ./lwip/src/core/ipv4/ip4_frag.o
 .text.ip4_reass
                0x0000337c      0x26c ./lwip/src/core/ipv4/ip4_frag.o
                0x0000337c                ip4_reass
 .text.ip_frag_free_pbuf_custom_ref
                0x000035e8       0x28 ./lwip/src/core/ipv4/ip4_frag.o
 .text.ipfrag_free_pbuf_custom
                0x00003610       0x50 ./lwip/src/core/ipv4/ip4_frag.o
 .text.ip4_frag
                0x00003660      0x230 ./lwip/src/core/ipv4/ip4_frag.o
                0x00003660                ip4_frag
 .text.lwip_itoa
                0x00003890       0x98 ./lwip/src/core/def.o
                0x00003890                lwip_itoa
 .text.plug_holes
                0x00003928      0x108 ./lwip/src/core/mem.o
 .text.mem_init
                0x00003a30       0x78 ./lwip/src/core/mem.o
                0x00003a30                mem_init
 .text.mem_free
                0x00003aa8       0xac ./lwip/src/core/mem.o
                0x00003aa8                mem_free
 .text.mem_trim
                0x00003b54      0x1ac ./lwip/src/core/mem.o
                0x00003b54                mem_trim
 .text.mem_malloc
                0x00003d00      0x1a8 ./lwip/src/core/mem.o
                0x00003d00                mem_malloc
 .text.memp_init
                0x00003ea8       0x34 ./lwip/src/core/memp.o
                0x00003ea8                memp_init
 .text.do_memp_malloc_pool
                0x00003edc       0x54 ./lwip/src/core/memp.o
 .text.memp_malloc
                0x00003f30       0x3c ./lwip/src/core/memp.o
                0x00003f30                memp_malloc
 .text.do_memp_free_pool
                0x00003f6c       0x48 ./lwip/src/core/memp.o
 .text.memp_free
                0x00003fb4       0x44 ./lwip/src/core/memp.o
                0x00003fb4                memp_free
 .text.netif_add
                0x00003ff8       0xa8 ./lwip/src/core/netif.o
                0x00003ff8                netif_add
 .text.netif_set_ipaddr
                0x000040a0       0x70 ./lwip/src/core/netif.o
                0x000040a0                netif_set_ipaddr
 .text.netif_set_default
                0x00004110       0x1c ./lwip/src/core/netif.o
                0x00004110                netif_set_default
 .text.pbuf_alloc
                0x0000412c      0x2c0 ./lwip/src/core/pbuf.o
                0x0000412c                pbuf_alloc
 .text.pbuf_alloced_custom
                0x000043ec       0xc4 ./lwip/src/core/pbuf.o
                0x000043ec                pbuf_alloced_custom
 .text.pbuf_realloc
                0x000044b0      0x12c ./lwip/src/core/pbuf.o
                0x000044b0                pbuf_realloc
 .text.pbuf_header_impl
                0x000045dc      0x124 ./lwip/src/core/pbuf.o
 .text.pbuf_free
                0x00004700      0x10c ./lwip/src/core/pbuf.o
                0x00004700                pbuf_free
 .text.pbuf_cat
                0x0000480c       0x8c ./lwip/src/core/pbuf.o
                0x0000480c                pbuf_cat
 .text.pbuf_copy
                0x00004898      0x160 ./lwip/src/core/pbuf.o
                0x00004898                pbuf_copy
 .text.pbuf_copy_partial
                0x000049f8       0xdc ./lwip/src/core/pbuf.o
                0x000049f8                pbuf_copy_partial
 .text.tcp_tmr  0x00004ad4       0x2c ./lwip/src/core/tcp.o
                0x00004ad4                tcp_tmr
 .text.tcp_listen_closed
                0x00004b00       0x5c ./lwip/src/core/tcp.o
 .text.tcp_backlog_accepted
                0x00004b5c       0x64 ./lwip/src/core/tcp.o
                0x00004b5c                tcp_backlog_accepted
 .text.tcp_close_shutdown
                0x00004bc0      0x26c ./lwip/src/core/tcp.o
 .text.tcp_abandon
                0x00004e2c      0x140 ./lwip/src/core/tcp.o
                0x00004e2c                tcp_abandon
 .text.tcp_bind
                0x00004f6c      0x114 ./lwip/src/core/tcp.o
                0x00004f6c                tcp_bind
 .text.tcp_listen_with_backlog
                0x00005080      0x128 ./lwip/src/core/tcp.o
                0x00005080                tcp_listen_with_backlog
 .text.tcp_update_rcv_ann_wnd
                0x000051a8       0x8c ./lwip/src/core/tcp.o
                0x000051a8                tcp_update_rcv_ann_wnd
 .text.tcp_recved
                0x00005234       0xa0 ./lwip/src/core/tcp.o
                0x00005234                tcp_recved
 .text.tcp_new_port
                0x000052d4       0x88 ./lwip/src/core/tcp.o
 .text.tcp_slowtmr
                0x0000535c      0x50c ./lwip/src/core/tcp.o
                0x0000535c                tcp_slowtmr
 .text.tcp_fasttmr
                0x00005868       0xa8 ./lwip/src/core/tcp.o
                0x00005868                tcp_fasttmr
 .text.tcp_kill_prio
                0x00005910       0x84 ./lwip/src/core/tcp.o
 .text.tcp_kill_state
                0x00005994       0x84 ./lwip/src/core/tcp.o
 .text.tcp_kill_timewait
                0x00005a18       0x60 ./lwip/src/core/tcp.o
 .text.tcp_alloc
                0x00005a78      0x128 ./lwip/src/core/tcp.o
                0x00005a78                tcp_alloc
 .text.tcp_recv
                0x00005ba0       0x30 ./lwip/src/core/tcp.o
                0x00005ba0                tcp_recv
 .text.tcp_sent
                0x00005bd0       0x30 ./lwip/src/core/tcp.o
                0x00005bd0                tcp_sent
 .text.tcp_err  0x00005c00       0x34 ./lwip/src/core/tcp.o
                0x00005c00                tcp_err
 .text.tcp_poll
                0x00005c34       0x38 ./lwip/src/core/tcp.o
                0x00005c34                tcp_poll
 .text.tcp_pcb_remove
                0x00005c6c       0xc4 ./lwip/src/core/tcp.o
                0x00005c6c                tcp_pcb_remove
 .text.tcp_next_iss
                0x00005d30       0x28 ./lwip/src/core/tcp.o
                0x00005d30                tcp_next_iss
 .text.tcp_netif_ip_addr_changed
                0x00005d58       0x80 ./lwip/src/core/tcp.o
                0x00005d58                tcp_netif_ip_addr_changed
 .text.tcp_input
                0x00005dd8      0x774 ./lwip/src/core/tcp_in.o
                0x00005dd8                tcp_input
 .text.tcp_listen_input
                0x0000654c      0x1e4 ./lwip/src/core/tcp_in.o
 .text.tcp_timewait_input
                0x00006730       0xd0 ./lwip/src/core/tcp_in.o
 .text.tcp_process
                0x00006800      0x754 ./lwip/src/core/tcp_in.o
 .text.tcp_receive
                0x00006f54      0x954 ./lwip/src/core/tcp_in.o
 .text.tcp_getoptbyte
                0x000078a8       0x74 ./lwip/src/core/tcp_in.o
 .text.tcp_parseopt
                0x0000791c       0xc4 ./lwip/src/core/tcp_in.o
 .text.tcp_trigger_input_pcb_close
                0x000079e0       0x20 ./lwip/src/core/tcp_in.o
                0x000079e0                tcp_trigger_input_pcb_close
 .text.tcp_output_alloc_header
                0x00007a00       0xe8 ./lwip/src/core/tcp_out.o
 .text.tcp_create_segment
                0x00007ae8      0x104 ./lwip/src/core/tcp_out.o
 .text.tcp_pbuf_prealloc
                0x00007bec       0xb4 ./lwip/src/core/tcp_out.o
 .text.tcp_write_checks
                0x00007ca0       0xd4 ./lwip/src/core/tcp_out.o
 .text.tcp_write
                0x00007d74      0x5dc ./lwip/src/core/tcp_out.o
                0x00007d74                tcp_write
 .text.tcp_enqueue_flags
                0x00008350      0x1c8 ./lwip/src/core/tcp_out.o
                0x00008350                tcp_enqueue_flags
 .text.tcp_output
                0x00008518      0x34c ./lwip/src/core/tcp_out.o
                0x00008518                tcp_output
 .text.tcp_output_segment
                0x00008864      0x160 ./lwip/src/core/tcp_out.o
 .text.tcp_rst  0x000089c4       0xf8 ./lwip/src/core/tcp_out.o
                0x000089c4                tcp_rst
 .text.tcpip_tcp_timer
                0x00008abc       0x48 ./lwip/src/core/timeouts.o
 .text.tcp_timer_needed
                0x00008b04       0x40 ./lwip/src/core/timeouts.o
                0x00008b04                tcp_timer_needed
 .text.cyclic_timer
                0x00008b44       0x2c ./lwip/src/core/timeouts.o
 .text.sys_timeouts_init
                0x00008b70       0x50 ./lwip/src/core/timeouts.o
                0x00008b70                sys_timeouts_init
 .text.sys_timeout
                0x00008bc0      0x138 ./lwip/src/core/timeouts.o
                0x00008bc0                sys_timeout
 .text.sys_check_timeouts
                0x00008cf8       0x94 ./lwip/src/core/timeouts.o
                0x00008cf8                sys_check_timeouts
 .text.udp_new_port
                0x00008d8c       0x70 ./lwip/src/core/udp.o
 .text.udp_input_local_match
                0x00008dfc       0x74 ./lwip/src/core/udp.o
 .text.udp_input
                0x00008e70      0x1ec ./lwip/src/core/udp.o
                0x00008e70                udp_input
 .text.udp_sendto_if_src
                0x0000905c      0x158 ./lwip/src/core/udp.o
                0x0000905c                udp_sendto_if_src
 .text.udp_bind
                0x000091b4       0xe0 ./lwip/src/core/udp.o
                0x000091b4                udp_bind
 .text.udp_netif_ip_addr_changed
                0x00009294       0x5c ./lwip/src/core/udp.o
                0x00009294                udp_netif_ip_addr_changed
 .text.cgi_handler_basic
                0x000092f0      0x21c ./lwip/src/apps/httpd/fs.o
 .text.cgi_ex_init
                0x0000950c       0x14 ./lwip/src/apps/httpd/fs.o
                0x0000950c                cgi_ex_init
 .text.fs_open_custom
                0x00009520       0x78 ./lwip/src/apps/httpd/fs.o
                0x00009520                fs_open_custom
 .text.fs_open  0x00009598       0x98 ./lwip/src/apps/httpd/fs.o
                0x00009598                fs_open
 .text.http_write
                0x00009630       0xe4 ./lwip/src/apps/httpd/httpd.o
 .text.http_close_or_abort_conn
                0x00009714       0x80 ./lwip/src/apps/httpd/httpd.o
 .text.get_http_headers
                0x00009794      0x214 ./lwip/src/apps/httpd/httpd.o
 .text.http_check_eof
                0x000099a8       0x50 ./lwip/src/apps/httpd/httpd.o
 .text.http_get_404_file
                0x000099f8       0x8c ./lwip/src/apps/httpd/httpd.o
 .text.http_parse_request
                0x00009a84      0x1b8 ./lwip/src/apps/httpd/httpd.o
 .text.http_find_file
                0x00009c3c      0x20c ./lwip/src/apps/httpd/httpd.o
 .text.http_init_file
                0x00009e48       0xf8 ./lwip/src/apps/httpd/httpd.o
 .text.http_recv
                0x00009f40       0xfc ./lwip/src/apps/httpd/httpd.o
 .text.http_accept
                0x0000a03c       0x88 ./lwip/src/apps/httpd/httpd.o
 .text.httpd_init
                0x0000a0c4       0x78 ./lwip/src/apps/httpd/httpd.o
                0x0000a0c4                httpd_init
 .text.http_set_cgi_handlers
                0x0000a13c       0x48 ./lwip/src/apps/httpd/httpd.o
                0x0000a13c                http_set_cgi_handlers
 .text.enet_get_tx_buffer
                0x0000a184       0x18 ./lwip/port/ethernetif.o
 .text.low_level_output
                0x0000a19c       0xd0 ./lwip/port/ethernetif.o
 .text.ethernetif_input
                0x0000a26c       0x4c ./lwip/port/ethernetif.o
                0x0000a26c                ethernetif_input
 .text.ethernetif_init
                0x0000a2b8       0x68 ./lwip/port/ethernetif.o
                0x0000a2b8                ethernetif_init
 .text.NVIC_SetPriority
                0x0000a320       0x54 ./lwip/port/sys_arch.o
 .text.SysTick_Config
                0x0000a374       0x44 ./lwip/port/sys_arch.o
 .text.sys_assert
                0x0000a3b8       0x1c ./lwip/port/sys_arch.o
                0x0000a3b8                sys_assert
 .text.time_isr
                0x0000a3d4       0x1c ./lwip/port/sys_arch.o
                0x0000a3d4                time_isr
 .text.time_init
                0x0000a3f0       0x80 ./lwip/port/sys_arch.o
                0x0000a3f0                time_init
 .text.sys_now  0x0000a470       0x14 ./lwip/port/sys_arch.o
                0x0000a470                sys_now
 .text.CLOCK_SetEr32kClock
                0x0000a484       0x2c ./drivers/fsl_clock.o
 .text.CLOCK_SetPllFllSelClock
                0x0000a4b0       0x38 ./drivers/fsl_clock.o
 .text.CLOCK_GetMcgExtClkFreq
                0x0000a4e8       0x6c ./drivers/fsl_clock.o
 .text.CLOCK_GetFllExtRefClkFreq
                0x0000a554       0xc8 ./drivers/fsl_clock.o
 .text.CLOCK_GetInternalRefClkSelectFreq
                0x0000a61c       0x40 ./drivers/fsl_clock.o
 .text.CLOCK_GetFllRefClkFreq
                0x0000a65c       0x2c ./drivers/fsl_clock.o
 .text.CLOCK_GetOscRangeFromFreq
                0x0000a688       0x3c ./drivers/fsl_clock.o
 .text.CLOCK_GetOsc0ErClkFreq
                0x0000a6c4       0x38 ./drivers/fsl_clock.o
                0x0000a6c4                CLOCK_GetOsc0ErClkFreq
 .text.CLOCK_GetEr32kClkFreq
                0x0000a6fc       0x70 ./drivers/fsl_clock.o
                0x0000a6fc                CLOCK_GetEr32kClkFreq
 .text.CLOCK_GetPllFllSelClkFreq
                0x0000a76c       0x44 ./drivers/fsl_clock.o
                0x0000a76c                CLOCK_GetPllFllSelClkFreq
 .text.CLOCK_GetBusClkFreq
                0x0000a7b0       0x28 ./drivers/fsl_clock.o
                0x0000a7b0                CLOCK_GetBusClkFreq
 .text.CLOCK_GetFreq
                0x0000a7d8      0x13c ./drivers/fsl_clock.o
                0x0000a7d8                CLOCK_GetFreq
 .text.CLOCK_SetSimConfig
                0x0000a914       0x38 ./drivers/fsl_clock.o
                0x0000a914                CLOCK_SetSimConfig
 .text.CLOCK_GetOutClkFreq
                0x0000a94c       0x64 ./drivers/fsl_clock.o
                0x0000a94c                CLOCK_GetOutClkFreq
 .text.CLOCK_GetFllFreq
                0x0000a9b0       0x7c ./drivers/fsl_clock.o
                0x0000a9b0                CLOCK_GetFllFreq
 .text.CLOCK_GetInternalRefClkFreq
                0x0000aa2c       0x24 ./drivers/fsl_clock.o
                0x0000aa2c                CLOCK_GetInternalRefClkFreq
 .text.CLOCK_GetPll0Freq
                0x0000aa50       0x68 ./drivers/fsl_clock.o
                0x0000aa50                CLOCK_GetPll0Freq
 .text.CLOCK_SetExternalRefClkConfig
                0x0000aab8       0x6c ./drivers/fsl_clock.o
                0x0000aab8                CLOCK_SetExternalRefClkConfig
 .text.CLOCK_SetInternalRefClkConfig
                0x0000ab24      0x104 ./drivers/fsl_clock.o
                0x0000ab24                CLOCK_SetInternalRefClkConfig
 .text.CLOCK_EnablePll0
                0x0000ac28       0x84 ./drivers/fsl_clock.o
                0x0000ac28                CLOCK_EnablePll0
 .text.CLOCK_InitOsc0
                0x0000acac       0x8c ./drivers/fsl_clock.o
                0x0000acac                CLOCK_InitOsc0
 .text.CLOCK_SetPbeMode
                0x0000ad38       0xa8 ./drivers/fsl_clock.o
                0x0000ad38                CLOCK_SetPbeMode
 .text.CLOCK_BootToPeeMode
                0x0000ade0       0x64 ./drivers/fsl_clock.o
                0x0000ade0                CLOCK_BootToPeeMode
 .text.NVIC_EnableIRQ
                0x0000ae44       0x30 ./drivers/fsl_enet.o
 .text.ENET_GetInstance
                0x0000ae74       0x44 ./drivers/fsl_enet.o
                0x0000ae74                ENET_GetInstance
 .text.ENET_GetDefaultConfig
                0x0000aeb8       0x44 ./drivers/fsl_enet.o
                0x0000aeb8                ENET_GetDefaultConfig
 .text.ENET_Init
                0x0000aefc      0x18c ./drivers/fsl_enet.o
                0x0000aefc                ENET_Init
 .text.ENET_SetHandler
                0x0000b088       0xd0 ./drivers/fsl_enet.o
 .text.ENET_SetMacController
                0x0000b158      0x238 ./drivers/fsl_enet.o
 .text.ENET_SetTxBufferDescriptors
                0x0000b390       0x8c ./drivers/fsl_enet.o
 .text.ENET_SetRxBufferDescriptors
                0x0000b41c       0x90 ./drivers/fsl_enet.o
 .text.ENET_SetSMI
                0x0000b4ac       0x84 ./drivers/fsl_enet.o
                0x0000b4ac                ENET_SetSMI
 .text.ENET_GetRxFrameSize
                0x0000b530       0xc8 ./drivers/fsl_enet.o
                0x0000b530                ENET_GetRxFrameSize
 .text.ENET_ReadFrame
                0x0000b5f8      0x12c ./drivers/fsl_enet.o
                0x0000b5f8                ENET_ReadFrame
 .text.ENET_UpdateReadBuffers
                0x0000b724       0x7c ./drivers/fsl_enet.o
 .text.ENET_SendFrame
                0x0000b7a0      0x1b8 ./drivers/fsl_enet.o
                0x0000b7a0                ENET_SendFrame
 .text.ENET_TransmitIRQHandler
                0x0000b958       0x50 ./drivers/fsl_enet.o
                0x0000b958                ENET_TransmitIRQHandler
 .text.ENET_ReceiveIRQHandler
                0x0000b9a8       0x50 ./drivers/fsl_enet.o
                0x0000b9a8                ENET_ReceiveIRQHandler
 .text.ENET_ErrorIRQHandler
                0x0000b9f8       0x88 ./drivers/fsl_enet.o
                0x0000b9f8                ENET_ErrorIRQHandler
 .text.ENET_Transmit_IRQHandler
                0x0000ba80       0x24 ./drivers/fsl_enet.o
                0x0000ba80                ENET_Transmit_IRQHandler
 .text.ENET_Receive_IRQHandler
                0x0000baa4       0x24 ./drivers/fsl_enet.o
                0x0000baa4                ENET_Receive_IRQHandler
 .text.ENET_Error_IRQHandler
                0x0000bac8       0x24 ./drivers/fsl_enet.o
                0x0000bac8                ENET_Error_IRQHandler
 .text.ENET_1588_Timer_IRQHandler
                0x0000baec       0x24 ./drivers/fsl_enet.o
                0x0000baec                ENET_1588_Timer_IRQHandler
 .text.UART_GetInstance
                0x0000bb10       0x54 ./drivers/fsl_uart.o
                0x0000bb10                UART_GetInstance
 .text.UART_Init
                0x0000bb64      0x290 ./drivers/fsl_uart.o
                0x0000bb64                UART_Init
 .text.UART_GetDefaultConfig
                0x0000bdf4       0x48 ./drivers/fsl_uart.o
                0x0000bdf4                UART_GetDefaultConfig
 .text.UART_ReadBlocking
                0x0000be3c       0x90 ./drivers/fsl_uart.o
                0x0000be3c                UART_ReadBlocking
 .text.UART0_DriverIRQHandler
                0x0000becc       0x24 ./drivers/fsl_uart.o
                0x0000becc                UART0_DriverIRQHandler
 .text.UART1_DriverIRQHandler
                0x0000bef0       0x24 ./drivers/fsl_uart.o
                0x0000bef0                UART1_DriverIRQHandler
 .text.UART2_DriverIRQHandler
                0x0000bf14       0x24 ./drivers/fsl_uart.o
                0x0000bf14                UART2_DriverIRQHandler
 .text.UART3_DriverIRQHandler
                0x0000bf38       0x24 ./drivers/fsl_uart.o
                0x0000bf38                UART3_DriverIRQHandler
 .text.UART4_DriverIRQHandler
                0x0000bf5c       0x24 ./drivers/fsl_uart.o
                0x0000bf5c                UART4_DriverIRQHandler
 .text.UART5_DriverIRQHandler
                0x0000bf80       0x24 ./drivers/fsl_uart.o
                0x0000bf80                UART5_DriverIRQHandler
 .text.BOARD_InitDebugConsole
                0x0000bfa4       0x28 ./board/board.o
                0x0000bfa4                BOARD_InitDebugConsole
 .text.CLOCK_SetSimSafeDivs
                0x0000bfcc       0x20 ./board/clock_config.o
 .text.CLOCK_SetXtal0Freq
                0x0000bfec       0x1c ./board/clock_config.o
 .text.CLOCK_CONFIG_SetFllExtRefDiv
                0x0000c008       0x38 ./board/clock_config.o
 .text.BOARD_BootClockRUN
                0x0000c040       0x60 ./board/clock_config.o
                0x0000c040                BOARD_BootClockRUN
 .text.PHY_Init
                0x0000c0a0       0xf8 ./board/fsl_phy.o
                0x0000c0a0                PHY_Init
 .text.PHY_Write
                0x0000c198       0x74 ./board/fsl_phy.o
                0x0000c198                PHY_Write
 .text.PHY_Read
                0x0000c20c       0x8c ./board/fsl_phy.o
                0x0000c20c                PHY_Read
 .text.PHY_GetLinkStatus
                0x0000c298       0x58 ./board/fsl_phy.o
                0x0000c298                PHY_GetLinkStatus
 .text.PHY_GetLinkSpeedDuplex
                0x0000c2f0       0x88 ./board/fsl_phy.o
                0x0000c2f0                PHY_GetLinkSpeedDuplex
 .text.PORT_SetPinConfig
                0x0000c378       0x38 ./board/pin_mux.o
 .text.BOARD_InitPins
                0x0000c3b0       0xe0 ./board/pin_mux.o
                0x0000c3b0                BOARD_InitPins
 .text.SystemInit
                0x0000c490       0x28 ./CMSIS/system_MK60D10.o
                0x0000c490                SystemInit
 .text.__assertion_failed
                0x0000c4b8       0x4c c:/nxp/mcuxpressoide_11.0.1_2563/ide/plugins/com.nxp.mcuxpresso.tools.win32_11.0.1.201907311258/tools/bin/../lib/gcc/arm-none-eabi/8.2.1/../../../../arm-none-eabi/lib/thumb/v7e-m/nofp\libcr_semihost_nf.a(_cr_assert.o)
                0x0000c4b8                __assertion_failed
 .text.__sys_appexit
                0x0000c504        0xc c:/nxp/mcuxpressoide_11.0.1_2563/ide/plugins/com.nxp.mcuxpresso.tools.win32_11.0.1.201907311258/tools/bin/../lib/gcc/arm-none-eabi/8.2.1/../../../../arm-none-eabi/lib/thumb/v7e-m/nofp\libcr_semihost_nf.a(__sys_appexit.o)
                0x0000c504                __sys_appexit
                0x0000c504                __exit
 .text._Cwritebuf
                0x0000c510       0x6c c:/nxp/mcuxpressoide_11.0.1_2563/ide/plugins/com.nxp.mcuxpresso.tools.win32_11.0.1.201907311258/tools/bin/../lib/gcc/arm-none-eabi/8.2.1/../../../../arm-none-eabi/lib/thumb/v7e-m/nofp\libcr_c.a(_writebuf.o)
                0x0000c510                _Cwritebuf
 .text.malloc   0x0000c57c       0xc8 c:/nxp/mcuxpressoide_11.0.1_2563/ide/plugins/com.nxp.mcuxpresso.tools.win32_11.0.1.201907311258/tools/bin/../lib/gcc/arm-none-eabi/8.2.1/../../../../arm-none-eabi/lib/thumb/v7e-m/nofp\libcr_c.a(alloc.o)
                0x0000c57c                malloc
 .text._Csys_alloc
                0x0000c644       0x20 c:/nxp/mcuxpressoide_11.0.1_2563/ide/plugins/com.nxp.mcuxpresso.tools.win32_11.0.1.201907311258/tools/bin/../lib/gcc/arm-none-eabi/8.2.1/../../../../arm-none-eabi/lib/thumb/v7e-m/nofp\libcr_c.a(alloc.o)
                0x0000c644                _Csys_alloc
 .text.fseek    0x0000c664      0x100 c:/nxp/mcuxpressoide_11.0.1_2563/ide/plugins/com.nxp.mcuxpresso.tools.win32_11.0.1.201907311258/tools/bin/../lib/gcc/arm-none-eabi/8.2.1/../../../../arm-none-eabi/lib/thumb/v7e-m/nofp\libcr_c.a(fseek.o)
                0x0000c664                fseek
 .text.ftell    0x0000c764       0x48 c:/nxp/mcuxpressoide_11.0.1_2563/ide/plugins/com.nxp.mcuxpresso.tools.win32_11.0.1.201907311258/tools/bin/../lib/gcc/arm-none-eabi/8.2.1/../../../../arm-none-eabi/lib/thumb/v7e-m/nofp\libcr_c.a(ftell.o)
                0x0000c764                ftell
 .text._initio  0x0000c7ac       0x78 c:/nxp/mcuxpressoide_11.0.1_2563/ide/plugins/com.nxp.mcuxpresso.tools.win32_11.0.1.201907311258/tools/bin/../lib/gcc/arm-none-eabi/8.2.1/../../../../arm-none-eabi/lib/thumb/v7e-m/nofp\libcr_c.a(initio.o)
                0x0000c7ac                _initio
 .text.__vfprintf
                0x0000c824      0xbdc c:/nxp/mcuxpressoide_11.0.1_2563/ide/plugins/com.nxp.mcuxpresso.tools.win32_11.0.1.201907311258/tools/bin/../lib/gcc/arm-none-eabi/8.2.1/../../../../arm-none-eabi/lib/thumb/v7e-m/nofp\libcr_c.a(printf.o)
                0x0000c824                __vfprintf
 .text._vsnprintf
                0x0000d400       0x68 c:/nxp/mcuxpressoide_11.0.1_2563/ide/plugins/com.nxp.mcuxpresso.tools.win32_11.0.1.201907311258/tools/bin/../lib/gcc/arm-none-eabi/8.2.1/../../../../arm-none-eabi/lib/thumb/v7e-m/nofp\libcr_c.a(printf.o)
                0x0000d400                _vsnprintf
 .text._printf  0x0000d468       0x54 c:/nxp/mcuxpressoide_11.0.1_2563/ide/plugins/com.nxp.mcuxpresso.tools.win32_11.0.1.201907311258/tools/bin/../lib/gcc/arm-none-eabi/8.2.1/../../../../arm-none-eabi/lib/thumb/v7e-m/nofp\libcr_c.a(printf.o)
                0x0000d468                _printf
 .text.setvbuf  0x0000d4bc       0x40 c:/nxp/mcuxpressoide_11.0.1_2563/ide/plugins/com.nxp.mcuxpresso.tools.win32_11.0.1.201907311258/tools/bin/../lib/gcc/arm-none-eabi/8.2.1/../../../../arm-none-eabi/lib/thumb/v7e-m/nofp\libcr_c.a(setvbuf.o)
                0x0000d4bc                setvbuf
 .text._sbrk    0x0000d4fc       0x3c c:/nxp/mcuxpressoide_11.0.1_2563/ide/plugins/com.nxp.mcuxpresso.tools.win32_11.0.1.201907311258/tools/bin/../lib/gcc/arm-none-eabi/8.2.1/../../../../arm-none-eabi/lib/thumb/v7e-m/nofp\libcr_c.a(_cr_sbrk.o)
                0x0000d4fc                _sbrk
 .text.fflush   0x0000d538       0x44 c:/nxp/mcuxpressoide_11.0.1_2563/ide/plugins/com.nxp.mcuxpresso.tools.win32_11.0.1.201907311258/tools/bin/../lib/gcc/arm-none-eabi/8.2.1/../../../../arm-none-eabi/lib/thumb/v7e-m/nofp\libcr_c.a(fflush.o)
                0x0000d538                fflush
 .text.__check_heap_overflow
                0x0000d57c       0x18 c:/nxp/mcuxpressoide_11.0.1_2563/ide/plugins/com.nxp.mcuxpresso.tools.win32_11.0.1.201907311258/tools/bin/../lib/gcc/arm-none-eabi/8.2.1/../../../../arm-none-eabi/lib/thumb/v7e-m/nofp\libcr_c.a(_cr_check_heap.o)
                0x0000d57c                __check_heap_overflow
 .text.UART_EnableTx
                0x0000d594       0x3e ./utilities/fsl_debug_console.o
 .text.UART_EnableRx
                0x0000d5d2       0x3e ./utilities/fsl_debug_console.o
 .text.DMA0_IRQHandler
                0x0000d610        0x8 ./startup/startup_mk60d10.o
                0x0000d610                DMA0_IRQHandler
 .text.DMA1_IRQHandler
                0x0000d618        0x8 ./startup/startup_mk60d10.o
                0x0000d618                DMA1_IRQHandler
 .text.DMA2_IRQHandler
                0x0000d620        0x8 ./startup/startup_mk60d10.o
                0x0000d620                DMA2_IRQHandler
 .text.DMA3_IRQHandler
                0x0000d628        0x8 ./startup/startup_mk60d10.o
                0x0000d628                DMA3_IRQHandler
 .text.DMA4_IRQHandler
                0x0000d630        0x8 ./startup/startup_mk60d10.o
                0x0000d630                DMA4_IRQHandler
 .text.DMA5_IRQHandler
                0x0000d638        0x8 ./startup/startup_mk60d10.o
                0x0000d638                DMA5_IRQHandler
 .text.DMA6_IRQHandler
                0x0000d640        0x8 ./startup/startup_mk60d10.o
                0x0000d640                DMA6_IRQHandler
 .text.DMA7_IRQHandler
                0x0000d648        0x8 ./startup/startup_mk60d10.o
                0x0000d648                DMA7_IRQHandler
 .text.DMA8_IRQHandler
                0x0000d650        0x8 ./startup/startup_mk60d10.o
                0x0000d650                DMA8_IRQHandler
 .text.DMA9_IRQHandler
                0x0000d658        0x8 ./startup/startup_mk60d10.o
                0x0000d658                DMA9_IRQHandler
 .text.DMA10_IRQHandler
                0x0000d660        0x8 ./startup/startup_mk60d10.o
                0x0000d660                DMA10_IRQHandler
 .text.DMA11_IRQHandler
                0x0000d668        0x8 ./startup/startup_mk60d10.o
                0x0000d668                DMA11_IRQHandler
 .text.DMA12_IRQHandler
                0x0000d670        0x8 ./startup/startup_mk60d10.o
                0x0000d670                DMA12_IRQHandler
 .text.DMA13_IRQHandler
                0x0000d678        0x8 ./startup/startup_mk60d10.o
                0x0000d678                DMA13_IRQHandler
 .text.DMA14_IRQHandler
                0x0000d680        0x8 ./startup/startup_mk60d10.o
                0x0000d680                DMA14_IRQHandler
 .text.DMA15_IRQHandler
                0x0000d688        0x8 ./startup/startup_mk60d10.o
                0x0000d688                DMA15_IRQHandler
 .text.DMA_Error_IRQHandler
                0x0000d690        0x8 ./startup/startup_mk60d10.o
                0x0000d690                DMA_Error_IRQHandler
 .text.MCM_IRQHandler
                0x0000d698        0x8 ./startup/startup_mk60d10.o
                0x0000d698                MCM_IRQHandler
 .text.FTFL_IRQHandler
                0x0000d6a0        0x8 ./startup/startup_mk60d10.o
                0x0000d6a0                FTFL_IRQHandler
 .text.Read_Collision_IRQHandler
                0x0000d6a8        0x8 ./startup/startup_mk60d10.o
                0x0000d6a8                Read_Collision_IRQHandler
 .text.LVD_LVW_IRQHandler
                0x0000d6b0        0x8 ./startup/startup_mk60d10.o
                0x0000d6b0                LVD_LVW_IRQHandler
 .text.LLWU_IRQHandler
                0x0000d6b8        0x8 ./startup/startup_mk60d10.o
                0x0000d6b8                LLWU_IRQHandler
 .text.WDOG_EWM_IRQHandler
                0x0000d6c0        0x8 ./startup/startup_mk60d10.o
                0x0000d6c0                WDOG_EWM_IRQHandler
 .text.RNG_IRQHandler
                0x0000d6c8        0x8 ./startup/startup_mk60d10.o
                0x0000d6c8                RNG_IRQHandler
 .text.I2C0_IRQHandler
                0x0000d6d0        0x8 ./startup/startup_mk60d10.o
                0x0000d6d0                I2C0_IRQHandler
 .text.I2C1_IRQHandler
                0x0000d6d8        0x8 ./startup/startup_mk60d10.o
                0x0000d6d8                I2C1_IRQHandler
 .text.SPI0_IRQHandler
                0x0000d6e0        0x8 ./startup/startup_mk60d10.o
                0x0000d6e0                SPI0_IRQHandler
 .text.SPI1_IRQHandler
                0x0000d6e8        0x8 ./startup/startup_mk60d10.o
                0x0000d6e8                SPI1_IRQHandler
 .text.SPI2_IRQHandler
                0x0000d6f0        0x8 ./startup/startup_mk60d10.o
                0x0000d6f0                SPI2_IRQHandler
 .text.CAN0_ORed_Message_buffer_IRQHandler
                0x0000d6f8        0x8 ./startup/startup_mk60d10.o
                0x0000d6f8                CAN0_ORed_Message_buffer_IRQHandler
 .text.CAN0_Bus_Off_IRQHandler
                0x0000d700        0x8 ./startup/startup_mk60d10.o
                0x0000d700                CAN0_Bus_Off_IRQHandler
 .text.CAN0_Error_IRQHandler
                0x0000d708        0x8 ./startup/startup_mk60d10.o
                0x0000d708                CAN0_Error_IRQHandler
 .text.CAN0_Tx_Warning_IRQHandler
                0x0000d710        0x8 ./startup/startup_mk60d10.o
                0x0000d710                CAN0_Tx_Warning_IRQHandler
 .text.CAN0_Rx_Warning_IRQHandler
                0x0000d718        0x8 ./startup/startup_mk60d10.o
                0x0000d718                CAN0_Rx_Warning_IRQHandler
 .text.CAN0_Wake_Up_IRQHandler
                0x0000d720        0x8 ./startup/startup_mk60d10.o
                0x0000d720                CAN0_Wake_Up_IRQHandler
 .text.I2S0_Tx_IRQHandler
                0x0000d728        0x8 ./startup/startup_mk60d10.o
                0x0000d728                I2S0_Tx_IRQHandler
 .text.I2S0_Rx_IRQHandler
                0x0000d730        0x8 ./startup/startup_mk60d10.o
                0x0000d730                I2S0_Rx_IRQHandler
 .text.CAN1_ORed_Message_buffer_IRQHandler
                0x0000d738        0x8 ./startup/startup_mk60d10.o
                0x0000d738                CAN1_ORed_Message_buffer_IRQHandler
 .text.CAN1_Bus_Off_IRQHandler
                0x0000d740        0x8 ./startup/startup_mk60d10.o
                0x0000d740                CAN1_Bus_Off_IRQHandler
 .text.CAN1_Error_IRQHandler
                0x0000d748        0x8 ./startup/startup_mk60d10.o
                0x0000d748                CAN1_Error_IRQHandler
 .text.CAN1_Tx_Warning_IRQHandler
                0x0000d750        0x8 ./startup/startup_mk60d10.o
                0x0000d750                CAN1_Tx_Warning_IRQHandler
 .text.CAN1_Rx_Warning_IRQHandler
                0x0000d758        0x8 ./startup/startup_mk60d10.o
                0x0000d758                CAN1_Rx_Warning_IRQHandler
 .text.CAN1_Wake_Up_IRQHandler
                0x0000d760        0x8 ./startup/startup_mk60d10.o
                0x0000d760                CAN1_Wake_Up_IRQHandler
 .text.Reserved59_IRQHandler
                0x0000d768        0x8 ./startup/startup_mk60d10.o
                0x0000d768                Reserved59_IRQHandler
 .text.UART0_LON_IRQHandler
                0x0000d770        0x8 ./startup/startup_mk60d10.o
                0x0000d770                UART0_LON_IRQHandler
 .text.UART0_RX_TX_IRQHandler
                0x0000d778        0x8 ./startup/startup_mk60d10.o
                0x0000d778                UART0_RX_TX_IRQHandler
 .text.UART0_ERR_IRQHandler
                0x0000d780        0x8 ./startup/startup_mk60d10.o
                0x0000d780                UART0_ERR_IRQHandler
 .text.UART1_RX_TX_IRQHandler
                0x0000d788        0x8 ./startup/startup_mk60d10.o
                0x0000d788                UART1_RX_TX_IRQHandler
 .text.UART1_ERR_IRQHandler
                0x0000d790        0x8 ./startup/startup_mk60d10.o
                0x0000d790                UART1_ERR_IRQHandler
 .text.UART2_RX_TX_IRQHandler
                0x0000d798        0x8 ./startup/startup_mk60d10.o
                0x0000d798                UART2_RX_TX_IRQHandler
 .text.UART2_ERR_IRQHandler
                0x0000d7a0        0x8 ./startup/startup_mk60d10.o
                0x0000d7a0                UART2_ERR_IRQHandler
 .text.UART3_RX_TX_IRQHandler
                0x0000d7a8        0x8 ./startup/startup_mk60d10.o
                0x0000d7a8                UART3_RX_TX_IRQHandler
 .text.UART3_ERR_IRQHandler
                0x0000d7b0        0x8 ./startup/startup_mk60d10.o
                0x0000d7b0                UART3_ERR_IRQHandler
 .text.UART4_RX_TX_IRQHandler
                0x0000d7b8        0x8 ./startup/startup_mk60d10.o
                0x0000d7b8                UART4_RX_TX_IRQHandler
 .text.UART4_ERR_IRQHandler
                0x0000d7c0        0x8 ./startup/startup_mk60d10.o
                0x0000d7c0                UART4_ERR_IRQHandler
 .text.UART5_RX_TX_IRQHandler
                0x0000d7c8        0x8 ./startup/startup_mk60d10.o
                0x0000d7c8                UART5_RX_TX_IRQHandler
 .text.UART5_ERR_IRQHandler
                0x0000d7d0        0x8 ./startup/startup_mk60d10.o
                0x0000d7d0                UART5_ERR_IRQHandler
 .text.ADC0_IRQHandler
                0x0000d7d8        0x8 ./startup/startup_mk60d10.o
                0x0000d7d8                ADC0_IRQHandler
 .text.ADC1_IRQHandler
                0x0000d7e0        0x8 ./startup/startup_mk60d10.o
                0x0000d7e0                ADC1_IRQHandler
 .text.CMP0_IRQHandler
                0x0000d7e8        0x8 ./startup/startup_mk60d10.o
                0x0000d7e8                CMP0_IRQHandler
 .text.CMP1_IRQHandler
                0x0000d7f0        0x8 ./startup/startup_mk60d10.o
                0x0000d7f0                CMP1_IRQHandler
 .text.CMP2_IRQHandler
                0x0000d7f8        0x8 ./startup/startup_mk60d10.o
                0x0000d7f8                CMP2_IRQHandler
 .text.FTM0_IRQHandler
                0x0000d800        0x8 ./startup/startup_mk60d10.o
                0x0000d800                FTM0_IRQHandler
 .text.FTM1_IRQHandler
                0x0000d808        0x8 ./startup/startup_mk60d10.o
                0x0000d808                FTM1_IRQHandler
 .text.FTM2_IRQHandler
                0x0000d810        0x8 ./startup/startup_mk60d10.o
                0x0000d810                FTM2_IRQHandler
 .text.CMT_IRQHandler
                0x0000d818        0x8 ./startup/startup_mk60d10.o
                0x0000d818                CMT_IRQHandler
 .text.RTC_IRQHandler
                0x0000d820        0x8 ./startup/startup_mk60d10.o
                0x0000d820                RTC_IRQHandler
 .text.RTC_Seconds_IRQHandler
                0x0000d828        0x8 ./startup/startup_mk60d10.o
                0x0000d828                RTC_Seconds_IRQHandler
 .text.PIT0_IRQHandler
                0x0000d830        0x8 ./startup/startup_mk60d10.o
                0x0000d830                PIT0_IRQHandler
 .text.PIT1_IRQHandler
                0x0000d838        0x8 ./startup/startup_mk60d10.o
                0x0000d838                PIT1_IRQHandler
 .text.PIT2_IRQHandler
                0x0000d840        0x8 ./startup/startup_mk60d10.o
                0x0000d840                PIT2_IRQHandler
 .text.PIT3_IRQHandler
                0x0000d848        0x8 ./startup/startup_mk60d10.o
                0x0000d848                PIT3_IRQHandler
 .text.PDB0_IRQHandler
                0x0000d850        0x8 ./startup/startup_mk60d10.o
                0x0000d850                PDB0_IRQHandler
 .text.USB0_IRQHandler
                0x0000d858        0x8 ./startup/startup_mk60d10.o
                0x0000d858                USB0_IRQHandler
 .text.USBDCD_IRQHandler
                0x0000d860        0x8 ./startup/startup_mk60d10.o
                0x0000d860                USBDCD_IRQHandler
 .text.Reserved95_IRQHandler
                0x0000d868        0x8 ./startup/startup_mk60d10.o
                0x0000d868                Reserved95_IRQHandler
 .text.SDHC_IRQHandler
                0x0000d870        0x8 ./startup/startup_mk60d10.o
                0x0000d870                SDHC_IRQHandler
 .text.DAC0_IRQHandler
                0x0000d878        0x8 ./startup/startup_mk60d10.o
                0x0000d878                DAC0_IRQHandler
 .text.DAC1_IRQHandler
                0x0000d880        0x8 ./startup/startup_mk60d10.o
                0x0000d880                DAC1_IRQHandler
 .text.TSI0_IRQHandler
                0x0000d888        0x8 ./startup/startup_mk60d10.o
                0x0000d888                TSI0_IRQHandler
 .text.MCG_IRQHandler
                0x0000d890        0x8 ./startup/startup_mk60d10.o
                0x0000d890                MCG_IRQHandler
 .text.LPTMR0_IRQHandler
                0x0000d898        0x8 ./startup/startup_mk60d10.o
                0x0000d898                LPTMR0_IRQHandler
 .text.Reserved102_IRQHandler
                0x0000d8a0        0x8 ./startup/startup_mk60d10.o
                0x0000d8a0                Reserved102_IRQHandler
 .text.PORTA_IRQHandler
                0x0000d8a8        0x8 ./startup/startup_mk60d10.o
                0x0000d8a8                PORTA_IRQHandler
 .text.PORTB_IRQHandler
                0x0000d8b0        0x8 ./startup/startup_mk60d10.o
                0x0000d8b0                PORTB_IRQHandler
 .text.PORTC_IRQHandler
                0x0000d8b8        0x8 ./startup/startup_mk60d10.o
                0x0000d8b8                PORTC_IRQHandler
 .text.PORTD_IRQHandler
                0x0000d8c0        0x8 ./startup/startup_mk60d10.o
                0x0000d8c0                PORTD_IRQHandler
 .text.PORTE_IRQHandler
                0x0000d8c8        0x8 ./startup/startup_mk60d10.o
                0x0000d8c8                PORTE_IRQHandler
 .text.Reserved108_IRQHandler
                0x0000d8d0        0x8 ./startup/startup_mk60d10.o
                0x0000d8d0                Reserved108_IRQHandler
 .text.Reserved109_IRQHandler
                0x0000d8d8        0x8 ./startup/startup_mk60d10.o
                0x0000d8d8                Reserved109_IRQHandler
 .text.SWI_IRQHandler
                0x0000d8e0        0x8 ./startup/startup_mk60d10.o
                0x0000d8e0                SWI_IRQHandler
 .text.SysTick_Handler
                0x0000d8e8        0xc ./source/lwip_httpsrv_bm.o
                0x0000d8e8                SysTick_Handler
 .text.HardFault_Handler
                0x0000d8f4       0x2c ./source/semihost_hardfault.o
                0x0000d8f4                HardFault_Handler
 .text.dhcp_timeout
                0x0000d920       0x92 ./lwip/src/core/ipv4/dhcp.o
 .text.dhcp_t1_timeout
                0x0000d9b2       0x5c ./lwip/src/core/ipv4/dhcp.o
 .text.dhcp_t2_timeout
                0x0000da0e       0x64 ./lwip/src/core/ipv4/dhcp.o
 .text.dhcp_set_state
                0x0000da72       0x32 ./lwip/src/core/ipv4/dhcp.o
 .text.dhcp_supplied_address
                0x0000daa4       0x42 ./lwip/src/core/ipv4/dhcp.o
                0x0000daa4                dhcp_supplied_address
 .text.icmp_dest_unreach
                0x0000dae6       0x20 ./lwip/src/core/ipv4/icmp.o
                0x0000dae6                icmp_dest_unreach
 .text.icmp_time_exceeded
                0x0000db06       0x20 ./lwip/src/core/ipv4/icmp.o
                0x0000db06                icmp_time_exceeded
 .text.ip4_output_if
                0x0000db26       0x54 ./lwip/src/core/ipv4/ip4.o
                0x0000db26                ip4_output_if
 .text.ip4_addr_isbroadcast_u32
                0x0000db7a       0x80 ./lwip/src/core/ipv4/ip4_addr.o
                0x0000db7a                ip4_addr_isbroadcast_u32
 .text.ip_frag_alloc_pbuf_custom_ref
                0x0000dbfa       0x10 ./lwip/src/core/ipv4/ip4_frag.o
 .text.lwip_htons
                0x0000dc0a       0x28 ./lwip/src/core/def.o
                0x0000dc0a                lwip_htons
 .text.lwip_htonl
                0x0000dc32       0x30 ./lwip/src/core/def.o
                0x0000dc32                lwip_htonl
 .text.lwip_strnstr
                0x0000dc62       0x70 ./lwip/src/core/def.o
                0x0000dc62                lwip_strnstr
 .text.lwip_stricmp
                0x0000dcd2       0x66 ./lwip/src/core/def.o
                0x0000dcd2                lwip_stricmp
 .text.lwip_standard_chksum
                0x0000dd38       0xb8 ./lwip/src/core/inet_chksum.o
                0x0000dd38                lwip_standard_chksum
 .text.inet_cksum_pseudo_base
                0x0000ddf0       0xd8 ./lwip/src/core/inet_chksum.o
 .text.inet_chksum_pseudo
                0x0000dec8       0x70 ./lwip/src/core/inet_chksum.o
                0x0000dec8                inet_chksum_pseudo
 .text.ip_chksum_pseudo
                0x0000df38       0x2c ./lwip/src/core/inet_chksum.o
                0x0000df38                ip_chksum_pseudo
 .text.inet_chksum
                0x0000df64       0x24 ./lwip/src/core/inet_chksum.o
                0x0000df64                inet_chksum
 .text.inet_chksum_pbuf
                0x0000df88       0x94 ./lwip/src/core/inet_chksum.o
                0x0000df88                inet_chksum_pbuf
 .text.lwip_init
                0x0000e01c       0x20 ./lwip/src/core/init.o
                0x0000e01c                lwip_init
 .text.memp_init_pool
                0x0000e03c       0x5c ./lwip/src/core/memp.o
                0x0000e03c                memp_init_pool
 .text.netif_init
                0x0000e098        0xc ./lwip/src/core/netif.o
                0x0000e098                netif_init
 .text.netif_set_addr
                0x0000e0a4       0x56 ./lwip/src/core/netif.o
                0x0000e0a4                netif_set_addr
 .text.netif_set_gw
                0x0000e0fa       0x26 ./lwip/src/core/netif.o
                0x0000e0fa                netif_set_gw
 .text.netif_set_netmask
                0x0000e120       0x26 ./lwip/src/core/netif.o
                0x0000e120                netif_set_netmask
 .text.netif_set_up
                0x0000e146       0x46 ./lwip/src/core/netif.o
                0x0000e146                netif_set_up
 .text.netif_issue_reports
                0x0000e18c       0x42 ./lwip/src/core/netif.o
 .text.pbuf_header
                0x0000e1ce       0x24 ./lwip/src/core/pbuf.o
                0x0000e1ce                pbuf_header
 .text.pbuf_header_force
                0x0000e1f2       0x24 ./lwip/src/core/pbuf.o
                0x0000e1f2                pbuf_header_force
 .text.pbuf_clen
                0x0000e216       0x2c ./lwip/src/core/pbuf.o
                0x0000e216                pbuf_clen
 .text.pbuf_ref
                0x0000e242       0x2e ./lwip/src/core/pbuf.o
                0x0000e242                pbuf_ref
 .text.pbuf_chain
                0x0000e270       0x20 ./lwip/src/core/pbuf.o
                0x0000e270                pbuf_chain
 .text.tcp_init
                0x0000e290        0xc ./lwip/src/core/tcp.o
                0x0000e290                tcp_init
 .text.tcp_remove_listener
                0x0000e29c       0x36 ./lwip/src/core/tcp.o
 .text.tcp_close
                0x0000e2d2       0x30 ./lwip/src/core/tcp.o
                0x0000e2d2                tcp_close
 .text.tcp_abort
                0x0000e302       0x18 ./lwip/src/core/tcp.o
                0x0000e302                tcp_abort
 .text.tcp_accept_null
                0x0000e31a       0x20 ./lwip/src/core/tcp.o
 .text.tcp_process_refused_data
                0x0000e33a       0xcc ./lwip/src/core/tcp.o
                0x0000e33a                tcp_process_refused_data
 .text.tcp_segs_free
                0x0000e406       0x28 ./lwip/src/core/tcp.o
                0x0000e406                tcp_segs_free
 .text.tcp_seg_free
                0x0000e42e       0x30 ./lwip/src/core/tcp.o
                0x0000e42e                tcp_seg_free
 .text.tcp_setprio
                0x0000e45e       0x1c ./lwip/src/core/tcp.o
                0x0000e45e                tcp_setprio
 .text.tcp_recv_null
                0x0000e47a       0x44 ./lwip/src/core/tcp.o
                0x0000e47a                tcp_recv_null
 .text.tcp_new_ip_type
                0x0000e4be       0x1c ./lwip/src/core/tcp.o
                0x0000e4be                tcp_new_ip_type
 .text.tcp_arg  0x0000e4da       0x20 ./lwip/src/core/tcp.o
                0x0000e4da                tcp_arg
 .text.tcp_accept
                0x0000e4fa       0x2c ./lwip/src/core/tcp.o
                0x0000e4fa                tcp_accept
 .text.tcp_pcb_purge
                0x0000e526       0x78 ./lwip/src/core/tcp.o
                0x0000e526                tcp_pcb_purge
 .text.tcp_eff_send_mss_impl
                0x0000e59e       0x48 ./lwip/src/core/tcp.o
                0x0000e59e                tcp_eff_send_mss_impl
 .text.tcp_netif_ip_addr_changed_pcblist
                0x0000e5e6       0x42 ./lwip/src/core/tcp.o
 .text.tcp_send_fin
                0x0000e628       0x7e ./lwip/src/core/tcp_out.o
                0x0000e628                tcp_send_fin
 .text.tcp_send_empty_ack
                0x0000e6a6       0xdc ./lwip/src/core/tcp_out.o
                0x0000e6a6                tcp_send_empty_ack
 .text.tcp_rexmit_rto
                0x0000e782       0x74 ./lwip/src/core/tcp_out.o
                0x0000e782                tcp_rexmit_rto
 .text.tcp_rexmit
                0x0000e7f6       0x96 ./lwip/src/core/tcp_out.o
                0x0000e7f6                tcp_rexmit
 .text.tcp_rexmit_fast
                0x0000e88c       0xac ./lwip/src/core/tcp_out.o
                0x0000e88c                tcp_rexmit_fast
 .text.tcp_keepalive
                0x0000e938       0x9e ./lwip/src/core/tcp_out.o
                0x0000e938                tcp_keepalive
 .text.tcp_zero_window_probe
                0x0000e9d6      0x158 ./lwip/src/core/tcp_out.o
                0x0000e9d6                tcp_zero_window_probe
 .text.udp_init
                0x0000eb2e        0xc ./lwip/src/core/udp.o
                0x0000eb2e                udp_init
 .text.udp_sendto_if
                0x0000eb3a       0x7a ./lwip/src/core/udp.o
                0x0000eb3a                udp_sendto_if
 .text.fs_close_custom
                0x0000ebb4       0x2e ./lwip/src/apps/httpd/fs.o
                0x0000ebb4                fs_close_custom
 .text.fs_close
                0x0000ebe2       0x1e ./lwip/src/apps/httpd/fs.o
                0x0000ebe2                fs_close
 .text.fs_bytes_left
                0x0000ec00       0x1c ./lwip/src/apps/httpd/fs.o
                0x0000ec00                fs_bytes_left
 .text.http_state_init
                0x0000ec1c       0x22 ./lwip/src/apps/httpd/httpd.o
 .text.http_state_alloc
                0x0000ec3e       0x24 ./lwip/src/apps/httpd/httpd.o
 .text.http_state_eof
                0x0000ec62       0x40 ./lwip/src/apps/httpd/httpd.o
 .text.http_state_free
                0x0000eca2       0x22 ./lwip/src/apps/httpd/httpd.o
 .text.http_close_conn
                0x0000ecc4       0x1e ./lwip/src/apps/httpd/httpd.o
 .text.http_eof
                0x0000ece2       0x1a ./lwip/src/apps/httpd/httpd.o
 .text.extract_uri_parameters
                0x0000ecfc       0xc2 ./lwip/src/apps/httpd/httpd.o
 .text.http_send_headers
                0x0000edbe      0x190 ./lwip/src/apps/httpd/httpd.o
 .text.http_send_data_nonssi
                0x0000ef4e       0xa0 ./lwip/src/apps/httpd/httpd.o
 .text.http_send
                0x0000efee       0x96 ./lwip/src/apps/httpd/httpd.o
 .text.http_err
                0x0000f084       0x24 ./lwip/src/apps/httpd/httpd.o
 .text.http_sent
                0x0000f0a8       0x36 ./lwip/src/apps/httpd/httpd.o
 .text.http_poll
                0x0000f0de       0x76 ./lwip/src/apps/httpd/httpd.o
 .text.ENET_ActiveRead
                0x0000f154       0x1a ./lwip/port/ethernetif.o
 .text.enet_init
                0x0000f16e      0x110 ./lwip/port/ethernetif.o
 .text.low_level_init
                0x0000f27e       0x70 ./lwip/port/ethernetif.o
 .text.enet_send_frame
                0x0000f2ee       0x4a ./lwip/port/ethernetif.o
 .text.enet_get_rx_frame_size
                0x0000f338       0x20 ./lwip/port/ethernetif.o
 .text.enet_read_frame
                0x0000f358       0x24 ./lwip/port/ethernetif.o
 .text.low_level_input
                0x0000f37c      0x130 ./lwip/port/ethernetif.o
 .text.DisableGlobalIRQ
                0x0000f4ac       0x1e ./lwip/port/sys_arch.o
 .text.EnableGlobalIRQ
                0x0000f4ca       0x1c ./lwip/port/sys_arch.o
 .text.sys_arch_protect
                0x0000f4e6       0x16 ./lwip/port/sys_arch.o
                0x0000f4e6                sys_arch_protect
 .text.sys_arch_unprotect
                0x0000f4fc       0x16 ./lwip/port/sys_arch.o
                0x0000f4fc                sys_arch_unprotect
 .text.OSC_SetExtRefClkConfig
                0x0000f512       0x32 ./drivers/fsl_clock.o
 .text.OSC_SetCapLoad
                0x0000f544       0x32 ./drivers/fsl_clock.o
 .text.CLOCK_GetPll0RefFreq
                0x0000f576        0xe ./drivers/fsl_clock.o
 .text.CLOCK_GetFixedFreqClkFreq
                0x0000f584       0x2e ./drivers/fsl_clock.o
                0x0000f584                CLOCK_GetFixedFreqClkFreq
 .text.CLOCK_EnableClock
                0x0000f5b2       0x32 ./drivers/fsl_enet.o
 .text.EnableIRQ
                0x0000f5e4       0x28 ./drivers/fsl_enet.o
 .text.ENET_Reset
                0x0000f60c       0x1e ./drivers/fsl_enet.o
 .text.ENET_GetSMI
                0x0000f62a       0x24 ./drivers/fsl_enet.o
 .text.ENET_EnableSleepMode
                0x0000f64e       0x36 ./drivers/fsl_enet.o
 .text.ENET_EnableInterrupts
                0x0000f684       0x20 ./drivers/fsl_enet.o
 .text.ENET_SetMacAddr
                0x0000f6a4       0x5c ./drivers/fsl_enet.o
                0x0000f6a4                ENET_SetMacAddr
 .text.ENET_StartSMIWrite
                0x0000f700       0x4e ./drivers/fsl_enet.o
                0x0000f700                ENET_StartSMIWrite
 .text.ENET_StartSMIRead
                0x0000f74e       0x48 ./drivers/fsl_enet.o
                0x0000f74e                ENET_StartSMIRead
 .text.CLOCK_EnableClock
                0x0000f796       0x32 ./drivers/fsl_uart.o
 .text.UART_GetStatusFlags
                0x0000f7c8       0x44 ./drivers/fsl_uart.o
                0x0000f7c8                UART_GetStatusFlags
 .text.UART_WriteBlocking
                0x0000f80c       0x3c ./drivers/fsl_uart.o
                0x0000f80c                UART_WriteBlocking
 .text.UART0_RX_TX_DriverIRQHandler
                0x0000f848        0xc ./drivers/fsl_uart.o
                0x0000f848                UART0_RX_TX_DriverIRQHandler
 .text.UART1_RX_TX_DriverIRQHandler
                0x0000f854        0xc ./drivers/fsl_uart.o
                0x0000f854                UART1_RX_TX_DriverIRQHandler
 .text.UART2_RX_TX_DriverIRQHandler
                0x0000f860        0xc ./drivers/fsl_uart.o
                0x0000f860                UART2_RX_TX_DriverIRQHandler
 .text.UART3_RX_TX_DriverIRQHandler
                0x0000f86c        0xc ./drivers/fsl_uart.o
                0x0000f86c                UART3_RX_TX_DriverIRQHandler
 .text.UART4_RX_TX_DriverIRQHandler
                0x0000f878        0xc ./drivers/fsl_uart.o
                0x0000f878                UART4_RX_TX_DriverIRQHandler
 .text.UART5_RX_TX_DriverIRQHandler
                0x0000f884        0xc ./drivers/fsl_uart.o
                0x0000f884                UART5_RX_TX_DriverIRQHandler
 .text.CLOCK_EnableClock
                0x0000f890       0x32 ./board/fsl_phy.o
 .text.ENET_ReadSMIData
                0x0000f8c2       0x18 ./board/fsl_phy.o
 .text.ENET_GetInterruptStatus
                0x0000f8da       0x16 ./board/fsl_phy.o
 .text.ENET_ClearInterruptStatus
                0x0000f8f0       0x1a ./board/fsl_phy.o
 .text.CLOCK_EnableClock
                0x0000f90a       0x32 ./board/pin_mux.o
 .text.PORT_SetPinMux
                0x0000f93c       0x38 ./board/pin_mux.o
 .text.__main   0x0000f974        0xe c:/nxp/mcuxpressoide_11.0.1_2563/ide/plugins/com.nxp.mcuxpresso.tools.win32_11.0.1.201907311258/tools/bin/../lib/gcc/arm-none-eabi/8.2.1/../../../../arm-none-eabi/lib/thumb/v7e-m/nofp\libcr_semihost_nf.a(_cr__main.o)
                0x0000f974                __CR_SEMIHOST
                0x0000f974                __main
 .text.memcpy   0x0000f982        0x4 c:/nxp/mcuxpressoide_11.0.1_2563/ide/plugins/com.nxp.mcuxpresso.tools.win32_11.0.1.201907311258/tools/bin/../lib/gcc/arm-none-eabi/8.2.1/../../../../arm-none-eabi/lib/thumb/v7e-m/nofp\libcr_c.a(memcpy.o)
                0x0000f982                memcpy
 .text.memset   0x0000f986        0x4 c:/nxp/mcuxpressoide_11.0.1_2563/ide/plugins/com.nxp.mcuxpresso.tools.win32_11.0.1.201907311258/tools/bin/../lib/gcc/arm-none-eabi/8.2.1/../../../../arm-none-eabi/lib/thumb/v7e-m/nofp\libcr_c.a(memset.o)
                0x0000f986                memset
 .text._deferredlazyseek
                0x0000f98a       0x40 c:/nxp/mcuxpressoide_11.0.1_2563/ide/plugins/com.nxp.mcuxpresso.tools.win32_11.0.1.201907311258/tools/bin/../lib/gcc/arm-none-eabi/8.2.1/../../../../arm-none-eabi/lib/thumb/v7e-m/nofp\libcr_c.a(_deferredlazyseek.o)
                0x0000f98a                _deferredlazyseek
 .text.__flsbuf
                0x0000f9ca      0x140 c:/nxp/mcuxpressoide_11.0.1_2563/ide/plugins/com.nxp.mcuxpresso.tools.win32_11.0.1.201907311258/tools/bin/../lib/gcc/arm-none-eabi/8.2.1/../../../../arm-none-eabi/lib/thumb/v7e-m/nofp\libcr_c.a(_deferredlazyseek.o)
                0x0000f9ca                __flsbuf
 .text._fflush  0x0000fb0a       0x52 c:/nxp/mcuxpressoide_11.0.1_2563/ide/plugins/com.nxp.mcuxpresso.tools.win32_11.0.1.201907311258/tools/bin/../lib/gcc/arm-none-eabi/8.2.1/../../../../arm-none-eabi/lib/thumb/v7e-m/nofp\libcr_c.a(_fflush.o)
                0x0000fb0a                _fflush
 .text.free     0x0000fb5c       0x30 c:/nxp/mcuxpressoide_11.0.1_2563/ide/plugins/com.nxp.mcuxpresso.tools.win32_11.0.1.201907311258/tools/bin/../lib/gcc/arm-none-eabi/8.2.1/../../../../arm-none-eabi/lib/thumb/v7e-m/nofp\libcr_c.a(alloc.o)
                0x0000fb5c                free
 .text.fputs    0x0000fb8c       0x2c c:/nxp/mcuxpressoide_11.0.1_2563/ide/plugins/com.nxp.mcuxpresso.tools.win32_11.0.1.201907311258/tools/bin/../lib/gcc/arm-none-eabi/8.2.1/../../../../arm-none-eabi/lib/thumb/v7e-m/nofp\libcr_c.a(fputs.o)
                0x0000fb8c                fputs
 .text.memcmp   0x0000fbb8       0x44 c:/nxp/mcuxpressoide_11.0.1_2563/ide/plugins/com.nxp.mcuxpresso.tools.win32_11.0.1.201907311258/tools/bin/../lib/gcc/arm-none-eabi/8.2.1/../../../../arm-none-eabi/lib/thumb/v7e-m/nofp\libcr_c.a(memcmp.o)
                0x0000fbb8                memcmp
 .text.no_fp_display
                0x0000fbfc        0x4 c:/nxp/mcuxpressoide_11.0.1_2563/ide/plugins/com.nxp.mcuxpresso.tools.win32_11.0.1.201907311258/tools/bin/../lib/gcc/arm-none-eabi/8.2.1/../../../../arm-none-eabi/lib/thumb/v7e-m/nofp\libcr_c.a(printf.o)
 .text.strchr   0x0000fc00       0x18 c:/nxp/mcuxpressoide_11.0.1_2563/ide/plugins/com.nxp.mcuxpresso.tools.win32_11.0.1.201907311258/tools/bin/../lib/gcc/arm-none-eabi/8.2.1/../../../../arm-none-eabi/lib/thumb/v7e-m/nofp\libcr_c.a(strchr.o)
                0x0000fc00                strchr
 .text.strcmp   0x0000fc18       0x46 c:/nxp/mcuxpressoide_11.0.1_2563/ide/plugins/com.nxp.mcuxpresso.tools.win32_11.0.1.201907311258/tools/bin/../lib/gcc/arm-none-eabi/8.2.1/../../../../arm-none-eabi/lib/thumb/v7e-m/nofp\libcr_c.a(strcmp.o)
                0x0000fc18                strcmp
 .text.strlen   0x0000fc5e       0x4c c:/nxp/mcuxpressoide_11.0.1_2563/ide/plugins/com.nxp.mcuxpresso.tools.win32_11.0.1.201907311258/tools/bin/../lib/gcc/arm-none-eabi/8.2.1/../../../../arm-none-eabi/lib/thumb/v7e-m/nofp\libcr_c.a(strlen.o)
                0x0000fc5e                strlen
 .text.strncmp  0x0000fcaa       0x58 c:/nxp/mcuxpressoide_11.0.1_2563/ide/plugins/com.nxp.mcuxpresso.tools.win32_11.0.1.201907311258/tools/bin/../lib/gcc/arm-none-eabi/8.2.1/../../../../arm-none-eabi/lib/thumb/v7e-m/nofp\libcr_c.a(strncmp.o)
                0x0000fcaa                strncmp
 .text.strstr   0x0000fd02       0x20 c:/nxp/mcuxpressoide_11.0.1_2563/ide/plugins/com.nxp.mcuxpresso.tools.win32_11.0.1.201907311258/tools/bin/../lib/gcc/arm-none-eabi/8.2.1/../../../../arm-none-eabi/lib/thumb/v7e-m/nofp\libcr_c.a(strstr.o)
                0x0000fd02                strstr
 .text._fdopen  0x0000fd22       0x68 c:/nxp/mcuxpressoide_11.0.1_2563/ide/plugins/com.nxp.mcuxpresso.tools.win32_11.0.1.201907311258/tools/bin/../lib/gcc/arm-none-eabi/8.2.1/../../../../arm-none-eabi/lib/thumb/v7e-m/nofp\libcr_c.a(_fdopen.o)
                0x0000fd22                _fdopen
 .text.fclose   0x0000fd8a       0x58 c:/nxp/mcuxpressoide_11.0.1_2563/ide/plugins/com.nxp.mcuxpresso.tools.win32_11.0.1.201907311258/tools/bin/../lib/gcc/arm-none-eabi/8.2.1/../../../../arm-none-eabi/lib/thumb/v7e-m/nofp\libcr_c.a(fclose.o)
                0x0000fd8a                fclose
 .text.remove   0x0000fde2       0x14 c:/nxp/mcuxpressoide_11.0.1_2563/ide/plugins/com.nxp.mcuxpresso.tools.win32_11.0.1.201907311258/tools/bin/../lib/gcc/arm-none-eabi/8.2.1/../../../../arm-none-eabi/lib/thumb/v7e-m/nofp\libcr_c.a(remove.o)
                0x0000fde2                remove
 .text._do_fflush
                0x0000fdf6       0x40 c:/nxp/mcuxpressoide_11.0.1_2563/ide/plugins/com.nxp.mcuxpresso.tools.win32_11.0.1.201907311258/tools/bin/../lib/gcc/arm-none-eabi/8.2.1/../../../../arm-none-eabi/lib/thumb/v7e-m/nofp\libcr_c.a(_do_fflush.o)
                0x0000fdf6                _do_fflush
 .text.__aeabi_division_uldivmod
                0x0000fe36      0x174 c:/nxp/mcuxpressoide_11.0.1_2563/ide/plugins/com.nxp.mcuxpresso.tools.win32_11.0.1.201907311258/tools/bin/../lib/gcc/arm-none-eabi/8.2.1/thumb/v7e-m/nofp\libcr_eabihelpers.a(division_64.o)
                0x0000fe36                __aeabi_uldivmod
                0x0000fe3a                __bhs_ldivmod1
 .text.__aeabi_division_idiv0
                0x0000ffaa        0x2 c:/nxp/mcuxpressoide_11.0.1_2563/ide/plugins/com.nxp.mcuxpresso.tools.win32_11.0.1.201907311258/tools/bin/../lib/gcc/arm-none-eabi/8.2.1/thumb/v7e-m/nofp\libcr_eabihelpers.a(division_idiv0.o)
                0x0000ffaa                __aeabi_idiv0
 .text.__aeabi_memcpy
                0x0000ffac       0x34 c:/nxp/mcuxpressoide_11.0.1_2563/ide/plugins/com.nxp.mcuxpresso.tools.win32_11.0.1.201907311258/tools/bin/../lib/gcc/arm-none-eabi/8.2.1/thumb/v7e-m/nofp\libcr_eabihelpers.a(memcpy.o)
                0x0000ffac                __aeabi_memcpy
                0x0000ffb6                __aeabi_memcpy8
                0x0000ffb6                __aeabi_memcpy4
 .text.__aeabi_memset_lowlevel
                0x0000ffe0       0x32 c:/nxp/mcuxpressoide_11.0.1_2563/ide/plugins/com.nxp.mcuxpresso.tools.win32_11.0.1.201907311258/tools/bin/../lib/gcc/arm-none-eabi/8.2.1/thumb/v7e-m/nofp\libcr_eabihelpers.a(memcpy.o)
                0x0000ffe0                __aeabi_lowlevel_memset
 .text.__sys_close
                0x00010012        0xc c:/nxp/mcuxpressoide_11.0.1_2563/ide/plugins/com.nxp.mcuxpresso.tools.win32_11.0.1.201907311258/tools/bin/../lib/gcc/arm-none-eabi/8.2.1/../../../../arm-none-eabi/lib/thumb/v7e-m/nofp\libcr_semihost_nf.a(__sys_close.o)
                0x00010012                __sys_close
 .text.__sys_flen
                0x0001001e        0xc c:/nxp/mcuxpressoide_11.0.1_2563/ide/plugins/com.nxp.mcuxpresso.tools.win32_11.0.1.201907311258/tools/bin/../lib/gcc/arm-none-eabi/8.2.1/../../../../arm-none-eabi/lib/thumb/v7e-m/nofp\libcr_semihost_nf.a(__sys_flen.o)
                0x0001001e                __sys_flen
 .text.__sys_istty
                0x0001002a        0xc c:/nxp/mcuxpressoide_11.0.1_2563/ide/plugins/com.nxp.mcuxpresso.tools.win32_11.0.1.201907311258/tools/bin/../lib/gcc/arm-none-eabi/8.2.1/../../../../arm-none-eabi/lib/thumb/v7e-m/nofp\libcr_semihost_nf.a(__sys_istty.o)
                0x0001002a                __sys_istty
 .text.__sys_remove
                0x00010036        0xc c:/nxp/mcuxpressoide_11.0.1_2563/ide/plugins/com.nxp.mcuxpresso.tools.win32_11.0.1.201907311258/tools/bin/../lib/gcc/arm-none-eabi/8.2.1/../../../../arm-none-eabi/lib/thumb/v7e-m/nofp\libcr_semihost_nf.a(__sys_remove.o)
                0x00010036                __sys_remove
 .text.__sys_seek
                0x00010042        0xc c:/nxp/mcuxpressoide_11.0.1_2563/ide/plugins/com.nxp.mcuxpresso.tools.win32_11.0.1.201907311258/tools/bin/../lib/gcc/arm-none-eabi/8.2.1/../../../../arm-none-eabi/lib/thumb/v7e-m/nofp\libcr_semihost_nf.a(__sys_seek.o)
                0x00010042                __sys_seek
 .text.__sys_tmpnam
                0x0001004e        0xc c:/nxp/mcuxpressoide_11.0.1_2563/ide/plugins/com.nxp.mcuxpresso.tools.win32_11.0.1.201907311258/tools/bin/../lib/gcc/arm-none-eabi/8.2.1/../../../../arm-none-eabi/lib/thumb/v7e-m/nofp\libcr_semihost_nf.a(__sys_tmpnam.o)
                0x0001004e                __sys_tmpnam
 .text.__sys_write
                0x0001005a        0xc c:/nxp/mcuxpressoide_11.0.1_2563/ide/plugins/com.nxp.mcuxpresso.tools.win32_11.0.1.201907311258/tools/bin/../lib/gcc/arm-none-eabi/8.2.1/../../../../arm-none-eabi/lib/thumb/v7e-m/nofp\libcr_semihost_nf.a(__sys_write.o)
                0x0001005a                __sys_write
 *(SORT_BY_ALIGNMENT(.rodata) SORT_BY_ALIGNMENT(.rodata.*) SORT_BY_ALIGNMENT(.constdata) SORT_BY_ALIGNMENT(.constdata.*))
 *fill*         0x00010066        0x2 ff
 .rodata        0x00010068      0x11e ./source/lwip_httpsrv_bm.o
 *fill*         0x00010186        0x2 ff
 .rodata.ethbroadcast
                0x00010188        0x6 ./lwip/src/netif/ethernet.o
                0x00010188                ethbroadcast
 *fill*         0x0001018e        0x2 ff
 .rodata.ethzero
                0x00010190        0x6 ./lwip/src/netif/ethernet.o
                0x00010190                ethzero
 *fill*         0x00010196        0x2 ff
 .rodata        0x00010198       0x31 ./lwip/src/netif/ethernet.o
 *fill*         0x000101c9        0x3 ff
 .rodata        0x000101cc      0x497 ./lwip/src/core/ipv4/dhcp.o
 *fill*         0x00010663        0x1 ff
 .rodata        0x00010664      0x205 ./lwip/src/core/ipv4/etharp.o
 *fill*         0x00010869        0x3 ff
 .rodata        0x0001086c       0x98 ./lwip/src/core/ipv4/icmp.o
 .rodata        0x00010904       0x39 ./lwip/src/core/ipv4/ip4.o
 *fill*         0x0001093d        0x3 ff
 .rodata.ip_addr_any
                0x00010940        0x4 ./lwip/src/core/ipv4/ip4_addr.o
                0x00010940                ip_addr_any
 .rodata.ip_addr_broadcast
                0x00010944        0x4 ./lwip/src/core/ipv4/ip4_addr.o
                0x00010944                ip_addr_broadcast
 .rodata        0x00010948      0x1bc ./lwip/src/core/ipv4/ip4_frag.o
 .rodata        0x00010b04       0x48 ./lwip/src/core/def.o
 .rodata        0x00010b4c      0x1a3 ./lwip/src/core/mem.o
 *fill*         0x00010cef        0x1 ff
 .rodata        0x00010cf0       0xfb ./lwip/src/core/memp.o
 *fill*         0x00010deb        0x1 ff
 .rodata.memp_UDP_PCB
                0x00010dec       0x10 ./lwip/src/core/memp.o
                0x00010dec                memp_UDP_PCB
 .rodata.memp_TCP_PCB
                0x00010dfc       0x10 ./lwip/src/core/memp.o
                0x00010dfc                memp_TCP_PCB
 .rodata.memp_TCP_PCB_LISTEN
                0x00010e0c       0x10 ./lwip/src/core/memp.o
                0x00010e0c                memp_TCP_PCB_LISTEN
 .rodata.memp_TCP_SEG
                0x00010e1c       0x10 ./lwip/src/core/memp.o
                0x00010e1c                memp_TCP_SEG
 .rodata.memp_REASSDATA
                0x00010e2c       0x10 ./lwip/src/core/memp.o
                0x00010e2c                memp_REASSDATA
 .rodata.memp_FRAG_PBUF
                0x00010e3c       0x10 ./lwip/src/core/memp.o
                0x00010e3c                memp_FRAG_PBUF
 .rodata.memp_SYS_TIMEOUT
                0x00010e4c       0x10 ./lwip/src/core/memp.o
                0x00010e4c                memp_SYS_TIMEOUT
 .rodata.memp_PBUF
                0x00010e5c       0x10 ./lwip/src/core/memp.o
                0x00010e5c                memp_PBUF
 .rodata.memp_PBUF_POOL
                0x00010e6c       0x10 ./lwip/src/core/memp.o
                0x00010e6c                memp_PBUF_POOL
 .rodata.memp_pools
                0x00010e7c       0x24 ./lwip/src/core/memp.o
                0x00010e7c                memp_pools
 .rodata        0x00010ea0       0x17 ./lwip/src/core/netif.o
 *fill*         0x00010eb7        0x1 ff
 .rodata        0x00010eb8      0x49d ./lwip/src/core/pbuf.o
 *fill*         0x00011355        0x3 ff
 .rodata        0x00011358      0x451 ./lwip/src/core/tcp.o
 *fill*         0x000117a9        0x3 ff
 .rodata.tcp_backoff
                0x000117ac        0xd ./lwip/src/core/tcp.o
 *fill*         0x000117b9        0x3 ff
 .rodata.tcp_persist_backoff
                0x000117bc        0x7 ./lwip/src/core/tcp.o
 *fill*         0x000117c3        0x1 ff
 .rodata.tcp_pcb_lists
                0x000117c4       0x10 ./lwip/src/core/tcp.o
                0x000117c4                tcp_pcb_lists
 .rodata        0x000117d4      0x2c7 ./lwip/src/core/tcp_in.o
 *fill*         0x00011a9b        0x1 ff
 .rodata        0x00011a9c      0x3df ./lwip/src/core/tcp_out.o
 *fill*         0x00011e7b        0x1 ff
 .rodata.lwip_cyclic_timers
                0x00011e7c       0x28 ./lwip/src/core/timeouts.o
                0x00011e7c                lwip_cyclic_timers
 .rodata        0x00011ea4       0x3d ./lwip/src/core/timeouts.o
 *fill*         0x00011ee1        0x3 ff
 .rodata        0x00011ee4       0x42 ./lwip/src/core/udp.o
 *fill*         0x00011f26        0x2 ff
 .rodata.data__img_sics_gif
                0x00011f28      0x34f ./lwip/src/apps/httpd/fs.o
 *fill*         0x00012277        0x1 ff
 .rodata.data__404_html
                0x00012278      0x2b8 ./lwip/src/apps/httpd/fs.o
 .rodata.data__index_html
                0x00012530      0xf39 ./lwip/src/apps/httpd/fs.o
 *fill*         0x00013469        0x3 ff
 .rodata.file__img_sics_gif
                0x0001346c       0x14 ./lwip/src/apps/httpd/fs.o
                0x0001346c                file__img_sics_gif
 .rodata.file__404_html
                0x00013480       0x14 ./lwip/src/apps/httpd/fs.o
                0x00013480                file__404_html
 .rodata.file__index_html
                0x00013494       0x14 ./lwip/src/apps/httpd/fs.o
                0x00013494                file__index_html
 .rodata.generated_html
                0x000134a8        0x1 ./lwip/src/apps/httpd/fs.o
                0x000134a8                generated_html
 *fill*         0x000134a9        0x3 ff
 .rodata        0x000134ac       0xa0 ./lwip/src/apps/httpd/fs.o
 .rodata.cgi_handlers
                0x0001354c       0x10 ./lwip/src/apps/httpd/fs.o
 .rodata        0x0001355c      0x62f ./lwip/src/apps/httpd/httpd.o
 *fill*         0x00013b8b        0x1 ff
 .rodata.g_psHTTPHeaders
                0x00013b8c       0xa0 ./lwip/src/apps/httpd/httpd.o
 .rodata.g_psDefaultFilenames
                0x00013c2c       0x28 ./lwip/src/apps/httpd/httpd.o
                0x00013c2c                g_psDefaultFilenames
 .rodata        0x00013c54       0x2a ./lwip/port/ethernetif.o
 *fill*         0x00013c7e        0x2 ff
 .rodata        0x00013c80        0x3 ./lwip/port/sys_arch.o
 *fill*         0x00013c83        0x1 ff
 .rodata        0x00013c84      0x149 ./drivers/fsl_clock.o
 *fill*         0x00013dcd        0x3 ff
 .rodata.fllFactorTable.6401
                0x00013dd0       0x10 ./drivers/fsl_clock.o
 .rodata.s_enetClock
                0x00013de0        0x4 ./drivers/fsl_enet.o
                0x00013de0                s_enetClock
 .rodata        0x00013de4      0x7bc ./drivers/fsl_enet.o
 .rodata.s_uartBases
                0x000145a0       0x18 ./drivers/fsl_uart.o
 .rodata.s_uartClock
                0x000145b8       0x18 ./drivers/fsl_uart.o
 .rodata        0x000145d0      0x513 ./drivers/fsl_uart.o
 *fill*         0x00014ae3        0x1 ff
 .rodata.mcgConfig_BOARD_BootClockRUN
                0x00014ae4        0xb ./board/clock_config.o
                0x00014ae4                mcgConfig_BOARD_BootClockRUN
 *fill*         0x00014aef        0x1 ff
 .rodata.simConfig_BOARD_BootClockRUN
                0x00014af0        0x8 ./board/clock_config.o
                0x00014af0                simConfig_BOARD_BootClockRUN
 .rodata.oscConfig_BOARD_BootClockRUN
                0x00014af8        0x8 ./board/clock_config.o
                0x00014af8                oscConfig_BOARD_BootClockRUN
 .rodata        0x00014b00       0x64 ./board/fsl_phy.o
 .rodata        0x00014b64       0x23 ./board/pin_mux.o
 *fill*         0x00014b87        0x1 ff
 .rodata.__num_Ciob_streams
                0x00014b88        0x4 c:/nxp/mcuxpressoide_11.0.1_2563/ide/plugins/com.nxp.mcuxpresso.tools.win32_11.0.1.201907311258/tools/bin/../lib/gcc/arm-none-eabi/8.2.1/../../../../arm-none-eabi/lib/thumb/v7e-m/nofp\libcr_semihost_nf.a(__ciob.o)
                0x00014b88                __num_Ciob_streams
 .rodata.__assertion_failed.str1.1
                0x00014b8c       0x15 c:/nxp/mcuxpressoide_11.0.1_2563/ide/plugins/com.nxp.mcuxpresso.tools.win32_11.0.1.201907311258/tools/bin/../lib/gcc/arm-none-eabi/8.2.1/../../../../arm-none-eabi/lib/thumb/v7e-m/nofp\libcr_semihost_nf.a(_cr_assert.o)
 .rodata._Csys_alloc.str1.1
                0x00014ba1       0x18 c:/nxp/mcuxpressoide_11.0.1_2563/ide/plugins/com.nxp.mcuxpresso.tools.win32_11.0.1.201907311258/tools/bin/../lib/gcc/arm-none-eabi/8.2.1/../../../../arm-none-eabi/lib/thumb/v7e-m/nofp\libcr_c.a(alloc.o)
 .rodata._initio.str1.1
                0x00014bb9        0x4 c:/nxp/mcuxpressoide_11.0.1_2563/ide/plugins/com.nxp.mcuxpresso.tools.win32_11.0.1.201907311258/tools/bin/../lib/gcc/arm-none-eabi/8.2.1/../../../../arm-none-eabi/lib/thumb/v7e-m/nofp\libcr_c.a(initio.o)
 .rodata.__vfprintf.str1.1
                0x00014bbd       0x35 c:/nxp/mcuxpressoide_11.0.1_2563/ide/plugins/com.nxp.mcuxpresso.tools.win32_11.0.1.201907311258/tools/bin/../lib/gcc/arm-none-eabi/8.2.1/../../../../arm-none-eabi/lib/thumb/v7e-m/nofp\libcr_c.a(printf.o)
                                 0x38 (size before relaxing)
                0x00014bf4                . = ALIGN (0x4)
 *fill*         0x00014bf2        0x2 ff

.glue_7         0x00014bf4        0x0
 .glue_7        0x00014bf4        0x0 linker stubs

.glue_7t        0x00014bf4        0x0
 .glue_7t       0x00014bf4        0x0 linker stubs

.vfp11_veneer   0x00014bf4        0x0
 .vfp11_veneer  0x00014bf4        0x0 linker stubs

.v4_bx          0x00014bf4        0x0
 .v4_bx         0x00014bf4        0x0 linker stubs

.iplt           0x00014bf4        0x0
 .iplt          0x00014bf4        0x0 ./utilities/fsl_debug_console.o

.rel.dyn        0x00014bf4        0x0
 .rel.iplt      0x00014bf4        0x0 ./utilities/fsl_debug_console.o

.ARM.extab
 *(SORT_BY_ALIGNMENT(.ARM.extab*) SORT_BY_ALIGNMENT(.gnu.linkonce.armextab.*))
                0x00014bf4                __exidx_start = .

.ARM.exidx
 *(SORT_BY_ALIGNMENT(.ARM.exidx*) SORT_BY_ALIGNMENT(.gnu.linkonce.armexidx.*))
                0x00014bf4                __exidx_end = .
                0x00014bf4                _etext = .

.m_usb_data
 *(SORT_BY_ALIGNMENT(m_usb_bdt))

.data_RAM2      0x1fff0000        0x0 load address 0x00014bf4
 FILL mask 0xff
                [!provide]                PROVIDE (__start_data_RAM2 = .)
 *(SORT_BY_ALIGNMENT(.ramfunc.$RAM2))
 *(SORT_BY_ALIGNMENT(.ramfunc.$SRAM_LOWER))
 *(SORT_BY_ALIGNMENT(.data.$RAM2))
 *(SORT_BY_ALIGNMENT(.data.$SRAM_LOWER))
 *(SORT_BY_ALIGNMENT(.data.$RAM2.*))
 *(SORT_BY_ALIGNMENT(.data.$SRAM_LOWER.*))
                0x1fff0000                . = ALIGN (0x4)
                [!provide]                PROVIDE (__end_data_RAM2 = .)

.data_RAM3      0x14000000        0x0 load address 0x00014bf4
 FILL mask 0xff
                [!provide]                PROVIDE (__start_data_RAM3 = .)
 *(SORT_BY_ALIGNMENT(.ramfunc.$RAM3))
 *(SORT_BY_ALIGNMENT(.ramfunc.$FLEX_RAM))
 *(SORT_BY_ALIGNMENT(.data.$RAM3))
 *(SORT_BY_ALIGNMENT(.data.$FLEX_RAM))
 *(SORT_BY_ALIGNMENT(.data.$RAM3.*))
 *(SORT_BY_ALIGNMENT(.data.$FLEX_RAM.*))
                0x14000000                . = ALIGN (0x4)
                [!provide]                PROVIDE (__end_data_RAM3 = .)

.uninit_RESERVED
                0x20000000        0x0
                0x20000000                . = ALIGN (0x4)
 *(SORT_BY_ALIGNMENT(.bss.$RESERVED*))
                0x20000000                . = ALIGN (0x4)
                0x20000000                _end_uninit_RESERVED = .

.data           0x20000000       0x1c load address 0x00014bf4
 FILL mask 0xff
                0x20000000                _data = .
 *(SORT_BY_ALIGNMENT(vtable))
 *(SORT_BY_ALIGNMENT(.ramfunc*))
 *(SORT_BY_ALIGNMENT(CodeQuickAccess))
 *(SORT_BY_ALIGNMENT(DataQuickAccess))
 *(SORT_BY_ALIGNMENT(RamFunction))
 *(SORT_BY_ALIGNMENT(.data*))
 .data.dhcp_discover_request_options
                0x20000000        0x4 ./lwip/src/core/ipv4/dhcp.o
 .data.xid.7428
                0x20000004        0x4 ./lwip/src/core/ipv4/dhcp.o
 .data.iss.7446
                0x20000008        0x4 ./lwip/src/core/tcp.o
 .data.s_slowIrcFreq
                0x2000000c        0x4 ./drivers/fsl_clock.o
 .data.s_fastIrcFreq
                0x20000010        0x4 ./drivers/fsl_clock.o
 .data.SystemCoreClock
                0x20000014        0x4 ./CMSIS/system_MK60D10.o
                0x20000014                SystemCoreClock
 .data.tcp_port
                0x20000018        0x2 ./lwip/src/core/tcp.o
 .data.udp_port
                0x2000001a        0x2 ./lwip/src/core/udp.o
                0x2000001c                . = ALIGN (0x4)
                0x2000001c                _edata = .

.igot.plt       0x2000001c        0x0 load address 0x00014c10
 .igot.plt      0x2000001c        0x0 ./utilities/fsl_debug_console.o

.bss_RAM2       0x1fff0000        0x0
                0x1fff0000                . = ALIGN (0x4)
                [!provide]                PROVIDE (__start_bss_RAM2 = .)
 *(SORT_BY_ALIGNMENT(.bss.$RAM2))
 *(SORT_BY_ALIGNMENT(.bss.$SRAM_LOWER))
 *(SORT_BY_ALIGNMENT(.bss.$RAM2.*))
 *(SORT_BY_ALIGNMENT(.bss.$SRAM_LOWER.*))
                0x1fff0000                . = ALIGN ((. != 0x0)?0x4:0x1)
                [!provide]                PROVIDE (__end_bss_RAM2 = .)
