Archive member included to satisfy reference by file (symbol)

c:/nxp/mcuxpressoide_11.0.1_2563/ide/plugins/com.nxp.mcuxpresso.tools.win32_11.0.1.201907311258/tools/bin/../lib/gcc/arm-none-eabi/8.2.1/../../../../arm-none-eabi/lib/thumb/v7e-m/nofp\libcr_semihost_nf.a(_cr__main.o)
                              ./startup/startup_mk60d10.o (__main)
c:/nxp/mcuxpressoide_11.0.1_2563/ide/plugins/com.nxp.mcuxpresso.tools.win32_11.0.1.201907311258/tools/bin/../lib/gcc/arm-none-eabi/8.2.1/../../../../arm-none-eabi/lib/thumb/v7e-m/nofp\libcr_semihost_nf.a(_cr_assert.o)
                              ./drivers/fsl_clock.o (__assertion_failed)
c:/nxp/mcuxpressoide_11.0.1_2563/ide/plugins/com.nxp.mcuxpresso.tools.win32_11.0.1.201907311258/tools/bin/../lib/gcc/arm-none-eabi/8.2.1/../../../../arm-none-eabi/lib/thumb/v7e-m/nofp\libcr_semihost_nf.a(__ciob.o)
                              c:/nxp/mcuxpressoide_11.0.1_2563/ide/plugins/com.nxp.mcuxpresso.tools.win32_11.0.1.201907311258/tools/bin/../lib/gcc/arm-none-eabi/8.2.1/../../../../arm-none-eabi/lib/thumb/v7e-m/nofp\libcr_semihost_nf.a(_cr_assert.o) (__Ciob)
c:/nxp/mcuxpressoide_11.0.1_2563/ide/plugins/com.nxp.mcuxpresso.tools.win32_11.0.1.201907311258/tools/bin/../lib/gcc/arm-none-eabi/8.2.1/../../../../arm-none-eabi/lib/thumb/v7e-m/nofp\libcr_semihost_nf.a(__sys_appexit.o)
                              c:/nxp/mcuxpressoide_11.0.1_2563/ide/plugins/com.nxp.mcuxpresso.tools.win32_11.0.1.201907311258/tools/bin/../lib/gcc/arm-none-eabi/8.2.1/../../../../arm-none-eabi/lib/thumb/v7e-m/nofp\libcr_semihost_nf.a(_cr_assert.o) (__sys_appexit)
c:/nxp/mcuxpressoide_11.0.1_2563/ide/plugins/com.nxp.mcuxpresso.tools.win32_11.0.1.201907311258/tools/bin/../lib/gcc/arm-none-eabi/8.2.1/../../../../arm-none-eabi/lib/thumb/v7e-m/nofp\libcr_c.a(memcpy.o)
                              ./lwip/src/netif/ethernet.o (memcpy)
c:/nxp/mcuxpressoide_11.0.1_2563/ide/plugins/com.nxp.mcuxpresso.tools.win32_11.0.1.201907311258/tools/bin/../lib/gcc/arm-none-eabi/8.2.1/../../../../arm-none-eabi/lib/thumb/v7e-m/nofp\libcr_c.a(memset.o)
                              ./lwip/src/core/ipv4/dhcp.o (memset)
c:/nxp/mcuxpressoide_11.0.1_2563/ide/plugins/com.nxp.mcuxpresso.tools.win32_11.0.1.201907311258/tools/bin/../lib/gcc/arm-none-eabi/8.2.1/../../../../arm-none-eabi/lib/thumb/v7e-m/nofp\libcr_c.a(_deferredlazyseek.o)
                              c:/nxp/mcuxpressoide_11.0.1_2563/ide/plugins/com.nxp.mcuxpresso.tools.win32_11.0.1.201907311258/tools/bin/../lib/gcc/arm-none-eabi/8.2.1/../../../../arm-none-eabi/lib/thumb/v7e-m/nofp\libcr_semihost_nf.a(_cr_assert.o) (__flsbuf)
c:/nxp/mcuxpressoide_11.0.1_2563/ide/plugins/com.nxp.mcuxpresso.tools.win32_11.0.1.201907311258/tools/bin/../lib/gcc/arm-none-eabi/8.2.1/../../../../arm-none-eabi/lib/thumb/v7e-m/nofp\libcr_c.a(_fflush.o)
                              c:/nxp/mcuxpressoide_11.0.1_2563/ide/plugins/com.nxp.mcuxpresso.tools.win32_11.0.1.201907311258/tools/bin/../lib/gcc/arm-none-eabi/8.2.1/../../../../arm-none-eabi/lib/thumb/v7e-m/nofp\libcr_c.a(_deferredlazyseek.o) (_fflush)
c:/nxp/mcuxpressoide_11.0.1_2563/ide/plugins/com.nxp.mcuxpresso.tools.win32_11.0.1.201907311258/tools/bin/../lib/gcc/arm-none-eabi/8.2.1/../../../../arm-none-eabi/lib/thumb/v7e-m/nofp\libcr_c.a(_writebuf.o)
                              c:/nxp/mcuxpressoide_11.0.1_2563/ide/plugins/com.nxp.mcuxpresso.tools.win32_11.0.1.201907311258/tools/bin/../lib/gcc/arm-none-eabi/8.2.1/../../../../arm-none-eabi/lib/thumb/v7e-m/nofp\libcr_c.a(_deferredlazyseek.o) (_Cwritebuf)
c:/nxp/mcuxpressoide_11.0.1_2563/ide/plugins/com.nxp.mcuxpresso.tools.win32_11.0.1.201907311258/tools/bin/../lib/gcc/arm-none-eabi/8.2.1/../../../../arm-none-eabi/lib/thumb/v7e-m/nofp\libcr_c.a(alloc.o)
                              c:/nxp/mcuxpressoide_11.0.1_2563/ide/plugins/com.nxp.mcuxpresso.tools.win32_11.0.1.201907311258/tools/bin/../lib/gcc/arm-none-eabi/8.2.1/../../../../arm-none-eabi/lib/thumb/v7e-m/nofp\libcr_c.a(_deferredlazyseek.o) (_Csys_alloc)
c:/nxp/mcuxpressoide_11.0.1_2563/ide/plugins/com.nxp.mcuxpresso.tools.win32_11.0.1.201907311258/tools/bin/../lib/gcc/arm-none-eabi/8.2.1/../../../../arm-none-eabi/lib/thumb/v7e-m/nofp\libcr_c.a(fputs.o)
                              c:/nxp/mcuxpressoide_11.0.1_2563/ide/plugins/com.nxp.mcuxpresso.tools.win32_11.0.1.201907311258/tools/bin/../lib/gcc/arm-none-eabi/8.2.1/../../../../arm-none-eabi/lib/thumb/v7e-m/nofp\libcr_semihost_nf.a(_cr_assert.o) (fputs)
c:/nxp/mcuxpressoide_11.0.1_2563/ide/plugins/com.nxp.mcuxpresso.tools.win32_11.0.1.201907311258/tools/bin/../lib/gcc/arm-none-eabi/8.2.1/../../../../arm-none-eabi/lib/thumb/v7e-m/nofp\libcr_c.a(fseek.o)
                              c:/nxp/mcuxpressoide_11.0.1_2563/ide/plugins/com.nxp.mcuxpresso.tools.win32_11.0.1.201907311258/tools/bin/../lib/gcc/arm-none-eabi/8.2.1/../../../../arm-none-eabi/lib/thumb/v7e-m/nofp\libcr_c.a(_deferredlazyseek.o) (fseek)
[...]
Memory Configuration

Name             Origin             Length             Attributes
PROGRAM_FLASH    0x00000000         0x00080000         xr
SRAM_UPPER       0x20000000         0x00010000         xrw
SRAM_LOWER       0x1fff0000         0x00010000         xrw
FLEX_RAM         0x14000000         0x00001000         xrw
*default*        0x00000000         0xffffffff

Linker script and memory map

                0x00000001                __ram_vector_table__ = 0x1
LOAD ./utilities/fsl_debug_console.o
LOAD ./startup/startup_mk60d10.o
LOAD ./source/lwip_httpsrv_bm.o
LOAD ./source/semihost_hardfault.o
LOAD ./lwip/src/netif/ppp/auth.o
LOAD ./lwip/src/netif/ppp/ccp.o
LOAD ./lwip/src/netif/ppp/chap-md5.o
LOAD ./lwip/src/netif/ppp/chap-new.o
LOAD ./lwip/src/netif/ppp/chap_ms.o
LOAD ./lwip/src/netif/ppp/demand.o
LOAD ./lwip/src/netif/ppp/eap.o
LOAD ./lwip/src/netif/ppp/eui64.o
LOAD ./lwip/src/netif/ppp/fsm.o
LOAD ./lwip/src/netif/ppp/ipcp.o
LOAD ./lwip/src/netif/ppp/ipv6cp.o
LOAD ./lwip/src/netif/ppp/lcp.o
LOAD ./lwip/src/netif/ppp/lwip_ecp.o
LOAD ./lwip/src/netif/ppp/magic.o
LOAD ./lwip/src/netif/ppp/mppe.o
LOAD ./lwip/src/netif/ppp/multilink.o
LOAD ./lwip/src/netif/ppp/ppp.o
LOAD ./lwip/src/netif/ppp/pppapi.o
LOAD ./lwip/src/netif/ppp/pppcrypt.o
LOAD ./lwip/src/netif/ppp/pppoe.o
LOAD ./lwip/src/netif/ppp/pppol2tp.o
LOAD ./lwip/src/netif/ppp/pppos.o
LOAD ./lwip/src/netif/ppp/upap.o
LOAD ./lwip/src/netif/ppp/utils.o
LOAD ./lwip/src/netif/ppp/vj.o
LOAD ./lwip/src/netif/ethernet.o
LOAD ./lwip/src/netif/lowpan6.o
LOAD ./lwip/src/netif/slipif.o
LOAD ./lwip/src/core/ipv6/dhcp6.o
LOAD ./lwip/src/core/ipv6/ethip6.o
LOAD ./lwip/src/core/ipv6/icmp6.o
LOAD ./lwip/src/core/ipv6/inet6.o
LOAD ./lwip/src/core/ipv6/ip6.o
LOAD ./lwip/src/core/ipv6/ip6_addr.o
LOAD ./lwip/src/core/ipv6/ip6_frag.o
LOAD ./lwip/src/core/ipv6/mld6.o
LOAD ./lwip/src/core/ipv6/nd6.o
LOAD ./lwip/src/core/ipv4/autoip.o
LOAD ./lwip/src/core/ipv4/dhcp.o
LOAD ./lwip/src/core/ipv4/etharp.o
LOAD ./lwip/src/core/ipv4/icmp.o
LOAD ./lwip/src/core/ipv4/igmp.o
LOAD ./lwip/src/core/ipv4/ip4.o
LOAD ./lwip/src/core/ipv4/ip4_addr.o
LOAD ./lwip/src/core/ipv4/ip4_frag.o
LOAD ./lwip/src/core/def.o
LOAD ./lwip/src/core/dns.o
LOAD ./lwip/src/core/inet_chksum.o
LOAD ./lwip/src/core/init.o
LOAD ./lwip/src/core/ip.o
LOAD ./lwip/src/core/mem.o
LOAD ./lwip/src/core/memp.o
LOAD ./lwip/src/core/netif.o
LOAD ./lwip/src/core/pbuf.o
LOAD ./lwip/src/core/raw.o
LOAD ./lwip/src/core/stats.o
LOAD ./lwip/src/core/sys.o
LOAD ./lwip/src/core/tcp.o
LOAD ./lwip/src/core/tcp_in.o
LOAD ./lwip/src/core/tcp_out.o
LOAD ./lwip/src/core/timeouts.o
LOAD ./lwip/src/core/udp.o
LOAD ./lwip/src/apps/httpd/fs.o
LOAD ./lwip/src/apps/httpd/httpd.o
LOAD ./lwip/src/api/api_lib.o
LOAD ./lwip/src/api/api_msg.o
LOAD ./lwip/src/api/err.o
LOAD ./lwip/src/api/netbuf.o
LOAD ./lwip/src/api/netdb.o
LOAD ./lwip/src/api/netifapi.o
LOAD ./lwip/src/api/sockets.o
LOAD ./lwip/src/api/tcpip.o
LOAD ./lwip/port/ethernetif.o
LOAD ./lwip/port/sys_arch.o
LOAD ./drivers/fsl_clock.o
LOAD ./drivers/fsl_common.o
LOAD ./drivers/fsl_enet.o
LOAD ./drivers/fsl_flash.o
LOAD ./drivers/fsl_gpio.o
LOAD ./drivers/fsl_sim.o
LOAD ./drivers/fsl_smc.o
LOAD ./drivers/fsl_uart.o
LOAD ./board/board.o
LOAD ./board/clock_config.o
LOAD ./board/fsl_phy.o
LOAD ./board/pin_mux.o
LOAD ./CMSIS/system_MK60D10.o
START GROUP
LOAD c:/nxp/mcuxpressoide_11.0.1_2563/ide/plugins/com.nxp.mcuxpresso.tools.win32_11.0.1.201907311258/tools/bin/../lib/gcc/arm-none-eabi/8.2.1/../../../../arm-none-eabi/lib/thumb/v7e-m/nofp\libcr_semihost_nf.a
LOAD c:/nxp/mcuxpressoide_11.0.1_2563/ide/plugins/com.nxp.mcuxpresso.tools.win32_11.0.1.201907311258/tools/bin/../lib/gcc/arm-none-eabi/8.2.1/../../../../arm-none-eabi/lib/thumb/v7e-m/nofp\libcr_c.a
LOAD c:/nxp/mcuxpressoide_11.0.1_2563/ide/plugins/com.nxp.mcuxpresso.tools.win32_11.0.1.201907311258/tools/bin/../lib/gcc/arm-none-eabi/8.2.1/thumb/v7e-m/nofp\libcr_eabihelpers.a
LOAD c:/nxp/mcuxpressoide_11.0.1_2563/ide/plugins/com.nxp.mcuxpresso.tools.win32_11.0.1.201907311258/tools/bin/../lib/gcc/arm-none-eabi/8.2.1/thumb/v7e-m/nofp\libgcc.a
END GROUP
                0x00000000                __base_PROGRAM_FLASH = 0x0
                0x00000000                __base_Flash = 0x0
                0x00080000                __top_PROGRAM_FLASH = 0x80000
                0x00080000                __top_Flash = 0x80000
                0x20000000                __base_SRAM_UPPER = 0x20000000
                0x20000000                __base_RAM = 0x20000000
                0x20010000                __top_SRAM_UPPER = 0x20010000
                0x20010000                __top_RAM = 0x20010000
                0x1fff0000                __base_SRAM_LOWER = 0x1fff0000
                0x1fff0000                __base_RAM2 = 0x1fff0000
                0x20000000                __top_SRAM_LOWER = 0x20000000
                0x20000000                __top_RAM2 = 0x20000000
                0x14000000                __base_FLEX_RAM = 0x14000000
                0x14000000                __base_RAM3 = 0x14000000
                0x14001000                __top_FLEX_RAM = 0x14001000
                0x14001000                __top_RAM3 = 0x14001000

.text           0x00000000    0x139f0
 FILL mask 0xff
                0x00000000                __vectors_start__ = ABSOLUTE (.)
 *(SORT_BY_ALIGNMENT(.isr_vector))
 .isr_vector    0x00000000      0x1bc ./startup/startup_mk60d10.o
                0x00000000                g_pfnVectors
                0x00000000                __Vectors
                0x000001bc                . = ALIGN (0x4)
                0x000001bc                __section_table_start = .
                0x000001bc                __data_section_table = .
                0x000001bc        0x4 LONG 0x139f0 LOADADDR (.data)
                0x000001c0        0x4 LONG 0x20000000 ADDR (.data)
                0x000001c4        0x4 LONG 0x1c SIZEOF (.data)
                0x000001c8        0x4 LONG 0x139f0 LOADADDR (.data_RAM2)
                0x000001cc        0x4 LONG 0x1fff0000 ADDR (.data_RAM2)
                0x000001d0        0x4 LONG 0x0 SIZEOF (.data_RAM2)
                0x000001d4        0x4 LONG 0x139f0 LOADADDR (.data_RAM3)
                0x000001d8        0x4 LONG 0x14000000 ADDR (.data_RAM3)
                0x000001dc        0x4 LONG 0x0 SIZEOF (.data_RAM3)
                0x000001e0                __data_section_table_end = .
                0x000001e0                __bss_section_table = .
                0x000001e0        0x4 LONG 0x2000001c ADDR (.bss)
                0x000001e4        0x4 LONG 0xd7c0 SIZEOF (.bss)
                0x000001e8        0x4 LONG 0x1fff0000 ADDR (.bss_RAM2)
                0x000001ec        0x4 LONG 0x0 SIZEOF (.bss_RAM2)
                0x000001f0        0x4 LONG 0x14000000 ADDR (.bss_RAM3)
                0x000001f4        0x4 LONG 0x0 SIZEOF (.bss_RAM3)
                0x000001f8                __bss_section_table_end = .
                0x000001f8                __section_table_end = .
 *(SORT_BY_ALIGNMENT(.after_vectors*))
 .after_vectors.reset
                0x000001f8       0x4c ./startup/startup_mk60d10.o
                0x000001f8                ResetISR
 .after_vectors.init_data
                0x00000244       0x1c ./startup/startup_mk60d10.o
                0x00000244                data_init
 .after_vectors.init_bss
                0x00000260       0x12 ./startup/startup_mk60d10.o
                0x00000260                bss_init
 .after_vectors
                0x00000272       0x14 ./startup/startup_mk60d10.o
                0x00000272                NMI_Handler
                0x00000276                MemManage_Handler
                0x00000278                BusFault_Handler
                0x0000027a                UsageFault_Handler
                0x0000027c                SVC_Handler
                0x0000027e                DebugMon_Handler
                0x00000280                PendSV_Handler
                0x00000284                DMA_Error_DriverIRQHandler
                0x00000284                LPTMR0_DriverIRQHandler
                0x00000284                SPI1_DriverIRQHandler
                0x00000284                FTM1_DriverIRQHandler
                0x00000284                FTM2_DriverIRQHandler
                0x00000284                PIT2_DriverIRQHandler
                0x00000284                SDHC_DriverIRQHandler
                0x00000284                I2S0_Tx_DriverIRQHandler
                0x00000284                TSI0_DriverIRQHandler
                0x00000284                RTC_Seconds_DriverIRQHandler
                0x00000284                Reserved109_DriverIRQHandler
                0x00000284                DMA6_DriverIRQHandler
                0x00000284                LLWU_DriverIRQHandler
                0x00000284                MCM_DriverIRQHandler
                0x00000284                MCG_DriverIRQHandler
                0x00000284                ENET_1588_Timer_DriverIRQHandler
                0x00000284                DAC1_DriverIRQHandler
                0x00000284                DMA12_DriverIRQHandler
                0x00000284                CMP1_DriverIRQHandler
                0x00000284                FTM0_DriverIRQHandler
                0x00000284                IntDefaultHandler
                0x00000284                USB0_DriverIRQHandler
                0x00000284                UART5_ERR_DriverIRQHandler
                0x00000284                PORTC_DriverIRQHandler
                0x00000284                DMA11_DriverIRQHandler
                0x00000284                DAC0_DriverIRQHandler
                0x00000284                DMA10_DriverIRQHandler
                0x00000284                CMP2_DriverIRQHandler
                0x00000284                UART2_ERR_DriverIRQHandler
                0x00000284                SPI2_DriverIRQHandler
                0x00000284                LVD_LVW_DriverIRQHandler
                0x00000284                PIT0_DriverIRQHandler
                0x00000284                PORTB_DriverIRQHandler
                0x00000284                DMA5_DriverIRQHandler
                0x00000284                DMA4_DriverIRQHandler
                0x00000284                USBDCD_DriverIRQHandler
                0x00000284                UART3_ERR_DriverIRQHandler
                0x00000284                DMA3_DriverIRQHandler
                0x00000284                DMA8_DriverIRQHandler
                0x00000284                DMA9_DriverIRQHandler
                0x00000284                UART0_ERR_DriverIRQHandler
                0x00000284                CMT_DriverIRQHandler
                0x00000284                ADC1_DriverIRQHandler
                0x00000284                PORTA_DriverIRQHandler
                0x00000284                DMA14_DriverIRQHandler
                0x00000284                PIT3_DriverIRQHandler
                0x00000284                PIT1_DriverIRQHandler
                0x00000284                WDOG_EWM_DriverIRQHandler
                0x00000284                PDB0_DriverIRQHandler
                0x00000284                Reserved95_DriverIRQHandler
                0x00000284                RTC_DriverIRQHandler
                0x00000284                I2S0_Rx_DriverIRQHandler
                0x00000284                Read_Collision_DriverIRQHandler
                0x00000284                SWI_DriverIRQHandler
                0x00000284                UART4_ERR_DriverIRQHandler
                0x00000284                DMA0_DriverIRQHandler
                0x00000284                UART0_LON_DriverIRQHandler
                0x00000284                Reserved102_DriverIRQHandler
                0x00000284                DMA1_DriverIRQHandler
                0x00000284                I2C1_DriverIRQHandler
                0x00000284                ENET_Receive_DriverIRQHandler
                0x00000284                DMA13_DriverIRQHandler
                0x00000284                ENET_Error_DriverIRQHandler
                0x00000284                DMA15_DriverIRQHandler
                0x00000284                SPI0_DriverIRQHandler
                0x00000284                ADC0_DriverIRQHandler
                0x00000284                FTFL_DriverIRQHandler
                0x00000284                CMP0_DriverIRQHandler
                0x00000284                CAN0_DriverIRQHandler
                0x00000284                Reserved59_DriverIRQHandler
                0x00000284                RNG_DriverIRQHandler
                0x00000284                UART1_ERR_DriverIRQHandler
                0x00000284                DMA2_DriverIRQHandler
                0x00000284                ENET_Transmit_DriverIRQHandler
                0x00000284                PORTD_DriverIRQHandler
                0x00000284                PORTE_DriverIRQHandler
                0x00000284                I2C0_DriverIRQHandler
                0x00000284                CAN1_DriverIRQHandler
                0x00000284                DMA7_DriverIRQHandler
                0x00000284                Reserved108_DriverIRQHandler
                0x00000400                . = 0x400
 *fill*         0x00000286      0x17a ff
                0x00000400                PROVIDE (__FLASH_CONFIG_START__ = .)
 *(SORT_BY_ALIGNMENT(.FlashConfig))
 .FlashConfig   0x00000400       0x10 ./startup/startup_mk60d10.o
                0x00000400                Flash_Config
                0x00000410                PROVIDE (__FLASH_CONFIG_END__ = .)
                0x00000001                ASSERT (! ((__FLASH_CONFIG_START__ == __FLASH_CONFIG_END__)), Linker Flash Config Support Enabled, but no .FlashConfig section provided within application)
 *(SORT_BY_ALIGNMENT(.text*))
 .text.DbgConsole_Init
                0x00000410       0x90 ./utilities/fsl_debug_console.o
                0x00000410                DbgConsole_Init
 .text.main     0x000004a0      0x148 ./source/lwip_httpsrv_bm.o
                0x000004a0                main
 .text.ethernet_input
                0x000005e8      0x12c ./lwip/src/netif/ethernet.o
                0x000005e8                ethernet_input
 .text.ethernet_output
                0x00000714       0x80 ./lwip/src/netif/ethernet.o
                0x00000714                ethernet_output
 .text.dhcp_check
                0x00000794       0x68 ./lwip/src/core/ipv4/dhcp.o
 .text.dhcp_select
                0x000007fc      0x14c ./lwip/src/core/ipv4/dhcp.o
 .text.dhcp_coarse_tmr
                0x00000948       0xa8 ./lwip/src/core/ipv4/dhcp.o
                0x00000948                dhcp_coarse_tmr
 .text.dhcp_fine_tmr
                0x000009f0       0x64 ./lwip/src/core/ipv4/dhcp.o
                0x000009f0                dhcp_fine_tmr
 .text.dhcp_arp_reply
                0x00000a54       0x48 ./lwip/src/core/ipv4/dhcp.o
                0x00000a54                dhcp_arp_reply
 .text.dhcp_decline
                0x00000a9c       0xd4 ./lwip/src/core/ipv4/dhcp.o
 .text.dhcp_discover
                0x00000b70      0x118 ./lwip/src/core/ipv4/dhcp.o
 .text.dhcp_bind
                0x00000c88      0x19c ./lwip/src/core/ipv4/dhcp.o
 .text.dhcp_renew
                0x00000e24      0x10c ./lwip/src/core/ipv4/dhcp.o
                0x00000e24                dhcp_renew
 .text.dhcp_rebind
                0x00000f30      0x10c ./lwip/src/core/ipv4/dhcp.o
 .text.dhcp_reboot
                0x0000103c      0x128 ./lwip/src/core/ipv4/dhcp.o
 .text.dhcp_release
                0x00001164      0x110 ./lwip/src/core/ipv4/dhcp.o
                0x00001164                dhcp_release
 .text.dhcp_option
                0x00001274       0x64 ./lwip/src/core/ipv4/dhcp.o
 .text.dhcp_option_byte
                0x000012d8       0x40 ./lwip/src/core/ipv4/dhcp.o
 .text.dhcp_option_short
                0x00001318       0x64 ./lwip/src/core/ipv4/dhcp.o
 .text.dhcp_option_long
                0x0000137c       0x9c ./lwip/src/core/ipv4/dhcp.o
 .text.dhcp_create_msg
                0x00001418      0x288 ./lwip/src/core/ipv4/dhcp.o
 .text.dhcp_delete_msg
                0x000016a0       0x64 ./lwip/src/core/ipv4/dhcp.o
 .text.dhcp_option_trailer
                0x00001704       0x94 ./lwip/src/core/ipv4/dhcp.o
 .text.etharp_free_entry
                0x00001798       0xc0 ./lwip/src/core/ipv4/etharp.o
 .text.etharp_tmr
                0x00001858      0x150 ./lwip/src/core/ipv4/etharp.o
                0x00001858                etharp_tmr
 .text.etharp_find_entry
                0x000019a8      0x264 ./lwip/src/core/ipv4/etharp.o
 .text.etharp_update_arp_entry
                0x00001c0c      0x13c ./lwip/src/core/ipv4/etharp.o
 .text.etharp_input
                0x00001d48      0x174 ./lwip/src/core/ipv4/etharp.o
                0x00001d48                etharp_input
 .text.etharp_output_to_arp_index
                0x00001ebc      0x124 ./lwip/src/core/ipv4/etharp.o
 .text.etharp_output
                0x00001fe0      0x1bc ./lwip/src/core/ipv4/etharp.o
                0x00001fe0                etharp_output
 .text.etharp_query
                0x0000219c      0x274 ./lwip/src/core/ipv4/etharp.o
                0x0000219c                etharp_query
 .text.etharp_raw
                0x00002410      0x100 ./lwip/src/core/ipv4/etharp.o
 .text.etharp_request_dst
                0x00002510       0x44 ./lwip/src/core/ipv4/etharp.o
 .text.etharp_request
                0x00002554       0x24 ./lwip/src/core/ipv4/etharp.o
                0x00002554                etharp_request
 .text.icmp_input
                0x00002578      0x250 ./lwip/src/core/ipv4/icmp.o
                0x00002578                icmp_input
 .text.icmp_send_response
                0x000027c8       0xd4 ./lwip/src/core/ipv4/icmp.o
 .text.ip4_route
                0x0000289c       0xd4 ./lwip/src/core/ipv4/ip4.o
                0x0000289c                ip4_route
 .text.ip4_input
                0x00002970      0x2c8 ./lwip/src/core/ipv4/ip4.o
                0x00002970                ip4_input
 .text.ip4_output_if_src
                0x00002c38      0x1c8 ./lwip/src/core/ipv4/ip4.o
                0x00002c38                ip4_output_if_src
 .text.ip_reass_tmr
                0x00002e00       0x58 ./lwip/src/core/ipv4/ip4_frag.o
                0x00002e00                ip_reass_tmr
 .text.ip_reass_free_complete_datagram
                0x00002e58      0x120 ./lwip/src/core/ipv4/ip4_frag.o
 .text.ip_reass_remove_oldest_datagram
                0x00002f78       0xc4 ./lwip/src/core/ipv4/ip4_frag.o
 .text.ip_reass_enqueue_new_datagram
                0x0000303c       0x74 ./lwip/src/core/ipv4/ip4_frag.o
 .text.ip_reass_dequeue_datagram
                0x000030b0       0x4c ./lwip/src/core/ipv4/ip4_frag.o
 .text.ip_reass_chain_frag_into_datagram_and_validate
                0x000030fc      0x27c ./lwip/src/core/ipv4/ip4_frag.o
 .text.ip4_reass
                0x00003378      0x26c ./lwip/src/core/ipv4/ip4_frag.o
                0x00003378                ip4_reass
 .text.ip_frag_free_pbuf_custom_ref
                0x000035e4       0x28 ./lwip/src/core/ipv4/ip4_frag.o
 .text.ipfrag_free_pbuf_custom
                0x0000360c       0x50 ./lwip/src/core/ipv4/ip4_frag.o
 .text.ip4_frag
                0x0000365c      0x230 ./lwip/src/core/ipv4/ip4_frag.o
                0x0000365c                ip4_frag
 .text.lwip_itoa
                0x0000388c       0x98 ./lwip/src/core/def.o
                0x0000388c                lwip_itoa
 .text.plug_holes
                0x00003924      0x108 ./lwip/src/core/mem.o
 .text.mem_init
                0x00003a2c       0x78 ./lwip/src/core/mem.o
                0x00003a2c                mem_init
 .text.mem_free
                0x00003aa4       0xac ./lwip/src/core/mem.o
                0x00003aa4                mem_free
 .text.mem_trim
                0x00003b50      0x1ac ./lwip/src/core/mem.o
                0x00003b50                mem_trim
 .text.mem_malloc
                0x00003cfc      0x1a8 ./lwip/src/core/mem.o
                0x00003cfc                mem_malloc
 .text.memp_init
                0x00003ea4       0x34 ./lwip/src/core/memp.o
                0x00003ea4                memp_init
 .text.do_memp_malloc_pool
                0x00003ed8       0x54 ./lwip/src/core/memp.o
 .text.memp_malloc
                0x00003f2c       0x3c ./lwip/src/core/memp.o
                0x00003f2c                memp_malloc
 .text.do_memp_free_pool
                0x00003f68       0x48 ./lwip/src/core/memp.o
 .text.memp_free
                0x00003fb0       0x44 ./lwip/src/core/memp.o
                0x00003fb0                memp_free
 .text.netif_add
                0x00003ff4       0xa8 ./lwip/src/core/netif.o
                0x00003ff4                netif_add
 .text.netif_set_ipaddr
                0x0000409c       0x70 ./lwip/src/core/netif.o
                0x0000409c                netif_set_ipaddr
 .text.netif_set_default
                0x0000410c       0x1c ./lwip/src/core/netif.o
                0x0000410c                netif_set_default
 .text.pbuf_alloc
                0x00004128      0x2c0 ./lwip/src/core/pbuf.o
                0x00004128                pbuf_alloc
 .text.pbuf_alloced_custom
                0x000043e8       0xc4 ./lwip/src/core/pbuf.o
                0x000043e8                pbuf_alloced_custom
 .text.pbuf_realloc
                0x000044ac      0x12c ./lwip/src/core/pbuf.o
                0x000044ac                pbuf_realloc
 .text.pbuf_header_impl
                0x000045d8      0x124 ./lwip/src/core/pbuf.o
 .text.pbuf_free
                0x000046fc      0x10c ./lwip/src/core/pbuf.o
                0x000046fc                pbuf_free
 .text.pbuf_cat
                0x00004808       0x8c ./lwip/src/core/pbuf.o
                0x00004808                pbuf_cat
 .text.pbuf_copy
                0x00004894      0x160 ./lwip/src/core/pbuf.o
                0x00004894                pbuf_copy
 .text.pbuf_copy_partial
                0x000049f4       0xdc ./lwip/src/core/pbuf.o
                0x000049f4                pbuf_copy_partial
 .text.tcp_tmr  0x00004ad0       0x2c ./lwip/src/core/tcp.o
                0x00004ad0                tcp_tmr
 .text.tcp_listen_closed
                0x00004afc       0x5c ./lwip/src/core/tcp.o
 .text.tcp_backlog_accepted
                0x00004b58       0x64 ./lwip/src/core/tcp.o
                0x00004b58                tcp_backlog_accepted
 .text.tcp_close_shutdown
                0x00004bbc      0x26c ./lwip/src/core/tcp.o
 .text.tcp_abandon
                0x00004e28      0x140 ./lwip/src/core/tcp.o
                0x00004e28                tcp_abandon
 .text.tcp_bind
                0x00004f68      0x114 ./lwip/src/core/tcp.o
                0x00004f68                tcp_bind
 .text.tcp_listen_with_backlog
                0x0000507c      0x128 ./lwip/src/core/tcp.o
                0x0000507c                tcp_listen_with_backlog
 .text.tcp_update_rcv_ann_wnd
                0x000051a4       0x8c ./lwip/src/core/tcp.o
                0x000051a4                tcp_update_rcv_ann_wnd
 .text.tcp_recved
                0x00005230       0xa0 ./lwip/src/core/tcp.o
                0x00005230                tcp_recved
 .text.tcp_new_port
                0x000052d0       0x88 ./lwip/src/core/tcp.o
 .text.tcp_slowtmr
                0x00005358      0x504 ./lwip/src/core/tcp.o
                0x00005358                tcp_slowtmr
 .text.tcp_fasttmr
                0x0000585c       0xa8 ./lwip/src/core/tcp.o
                0x0000585c                tcp_fasttmr
 .text.tcp_kill_prio
                0x00005904       0x84 ./lwip/src/core/tcp.o
 .text.tcp_kill_state
                0x00005988       0x84 ./lwip/src/core/tcp.o
 .text.tcp_kill_timewait
                0x00005a0c       0x60 ./lwip/src/core/tcp.o
 .text.tcp_alloc
                0x00005a6c      0x114 ./lwip/src/core/tcp.o
                0x00005a6c                tcp_alloc
 .text.tcp_recv
                0x00005b80       0x30 ./lwip/src/core/tcp.o
                0x00005b80                tcp_recv
 .text.tcp_sent
                0x00005bb0       0x30 ./lwip/src/core/tcp.o
                0x00005bb0                tcp_sent
 .text.tcp_err  0x00005be0       0x34 ./lwip/src/core/tcp.o
                0x00005be0                tcp_err
 .text.tcp_poll
                0x00005c14       0x38 ./lwip/src/core/tcp.o
                0x00005c14                tcp_poll
 .text.tcp_pcb_remove
                0x00005c4c       0xc4 ./lwip/src/core/tcp.o
                0x00005c4c                tcp_pcb_remove
 .text.tcp_next_iss
                0x00005d10       0x28 ./lwip/src/core/tcp.o
                0x00005d10                tcp_next_iss
 .text.tcp_netif_ip_addr_changed
                0x00005d38       0x80 ./lwip/src/core/tcp.o
                0x00005d38                tcp_netif_ip_addr_changed
 .text.tcp_input
                0x00005db8      0x774 ./lwip/src/core/tcp_in.o
                0x00005db8                tcp_input
 .text.tcp_listen_input
                0x0000652c      0x1e4 ./lwip/src/core/tcp_in.o
 .text.tcp_timewait_input
                0x00006710       0xd0 ./lwip/src/core/tcp_in.o
 .text.tcp_process
                0x000067e0      0x754 ./lwip/src/core/tcp_in.o
 .text.tcp_receive
                0x00006f34      0x954 ./lwip/src/core/tcp_in.o
 .text.tcp_getoptbyte
                0x00007888       0x74 ./lwip/src/core/tcp_in.o
 .text.tcp_parseopt
                0x000078fc       0xc4 ./lwip/src/core/tcp_in.o
 .text.tcp_trigger_input_pcb_close
                0x000079c0       0x20 ./lwip/src/core/tcp_in.o
                0x000079c0                tcp_trigger_input_pcb_close
 .text.tcp_output_alloc_header
                0x000079e0       0xe8 ./lwip/src/core/tcp_out.o
 .text.tcp_create_segment
                0x00007ac8      0x104 ./lwip/src/core/tcp_out.o
 .text.tcp_pbuf_prealloc
                0x00007bcc       0xb4 ./lwip/src/core/tcp_out.o
 .text.tcp_write_checks
                0x00007c80       0xd4 ./lwip/src/core/tcp_out.o
 .text.tcp_write
                0x00007d54      0x5dc ./lwip/src/core/tcp_out.o
                0x00007d54                tcp_write
 .text.tcp_enqueue_flags
                0x00008330      0x1c8 ./lwip/src/core/tcp_out.o
                0x00008330                tcp_enqueue_flags
 .text.tcp_output
                0x000084f8      0x34c ./lwip/src/core/tcp_out.o
                0x000084f8                tcp_output
 .text.tcp_output_segment
                0x00008844      0x160 ./lwip/src/core/tcp_out.o
 .text.tcp_rst  0x000089a4       0xf8 ./lwip/src/core/tcp_out.o
                0x000089a4                tcp_rst
 .text.tcpip_tcp_timer
                0x00008a9c       0x48 ./lwip/src/core/timeouts.o
 .text.tcp_timer_needed
                0x00008ae4       0x40 ./lwip/src/core/timeouts.o
                0x00008ae4                tcp_timer_needed
 .text.cyclic_timer
                0x00008b24       0x2c ./lwip/src/core/timeouts.o
 .text.sys_timeouts_init
                0x00008b50       0x50 ./lwip/src/core/timeouts.o
                0x00008b50                sys_timeouts_init
 .text.sys_timeout
                0x00008ba0      0x138 ./lwip/src/core/timeouts.o
                0x00008ba0                sys_timeout
 .text.sys_check_timeouts
                0x00008cd8       0x94 ./lwip/src/core/timeouts.o
                0x00008cd8                sys_check_timeouts
 .text.udp_new_port
                0x00008d6c       0x70 ./lwip/src/core/udp.o
 .text.udp_input_local_match
                0x00008ddc       0x74 ./lwip/src/core/udp.o
 .text.udp_input
                0x00008e50      0x1ec ./lwip/src/core/udp.o
                0x00008e50                udp_input
 .text.udp_sendto_if_src
                0x0000903c      0x158 ./lwip/src/core/udp.o
                0x0000903c                udp_sendto_if_src
 .text.udp_bind
                0x00009194       0xe0 ./lwip/src/core/udp.o
                0x00009194                udp_bind
 .text.udp_netif_ip_addr_changed
                0x00009274       0x5c ./lwip/src/core/udp.o
                0x00009274                udp_netif_ip_addr_changed
 .text.fs_open_custom
                0x000092d0       0x80 ./lwip/src/apps/httpd/fs.o
                0x000092d0                fs_open_custom
 .text.fs_open  0x00009350       0x98 ./lwip/src/apps/httpd/fs.o
                0x00009350                fs_open
 .text.http_write
                0x000093e8       0xe4 ./lwip/src/apps/httpd/httpd.o
 .text.http_close_or_abort_conn
                0x000094cc       0x80 ./lwip/src/apps/httpd/httpd.o
 .text.get_http_headers
                0x0000954c      0x1f8 ./lwip/src/apps/httpd/httpd.o
 .text.http_check_eof
                0x00009744       0x50 ./lwip/src/apps/httpd/httpd.o
 .text.http_get_404_file
                0x00009794       0x8c ./lwip/src/apps/httpd/httpd.o
 .text.http_parse_request
                0x00009820      0x1b8 ./lwip/src/apps/httpd/httpd.o
 .text.http_find_file
                0x000099d8      0x184 ./lwip/src/apps/httpd/httpd.o
 .text.http_init_file
                0x00009b5c       0xf8 ./lwip/src/apps/httpd/httpd.o
 .text.http_recv
                0x00009c54       0xfc ./lwip/src/apps/httpd/httpd.o
 .text.http_accept
                0x00009d50       0x88 ./lwip/src/apps/httpd/httpd.o
 .text.httpd_init
                0x00009dd8       0x78 ./lwip/src/apps/httpd/httpd.o
                0x00009dd8                httpd_init
 .text.enet_get_tx_buffer
                0x00009e50       0x18 ./lwip/port/ethernetif.o
 .text.low_level_output
                0x00009e68       0xd0 ./lwip/port/ethernetif.o
 .text.ethernetif_input
                0x00009f38       0x4c ./lwip/port/ethernetif.o
                0x00009f38                ethernetif_input
 .text.ethernetif_init
                0x00009f84       0x68 ./lwip/port/ethernetif.o
                0x00009f84                ethernetif_init
 .text.NVIC_SetPriority
                0x00009fec       0x54 ./lwip/port/sys_arch.o
 .text.SysTick_Config
                0x0000a040       0x44 ./lwip/port/sys_arch.o
 .text.sys_assert
                0x0000a084       0x1c ./lwip/port/sys_arch.o
                0x0000a084                sys_assert
 .text.time_isr
                0x0000a0a0       0x1c ./lwip/port/sys_arch.o
                0x0000a0a0                time_isr
 .text.time_init
                0x0000a0bc       0x80 ./lwip/port/sys_arch.o
                0x0000a0bc                time_init
 .text.sys_now  0x0000a13c       0x14 ./lwip/port/sys_arch.o
                0x0000a13c                sys_now
 .text.CLOCK_SetEr32kClock
                0x0000a150       0x2c ./drivers/fsl_clock.o
 .text.CLOCK_SetPllFllSelClock
                0x0000a17c       0x38 ./drivers/fsl_clock.o
 .text.CLOCK_GetMcgExtClkFreq
                0x0000a1b4       0x6c ./drivers/fsl_clock.o
 .text.CLOCK_GetFllExtRefClkFreq
                0x0000a220       0xc8 ./drivers/fsl_clock.o
 .text.CLOCK_GetInternalRefClkSelectFreq
                0x0000a2e8       0x40 ./drivers/fsl_clock.o
 .text.CLOCK_GetFllRefClkFreq
                0x0000a328       0x2c ./drivers/fsl_clock.o
 .text.CLOCK_GetOscRangeFromFreq
                0x0000a354       0x3c ./drivers/fsl_clock.o
 .text.CLOCK_GetOsc0ErClkFreq
                0x0000a390       0x38 ./drivers/fsl_clock.o
                0x0000a390                CLOCK_GetOsc0ErClkFreq
 .text.CLOCK_GetEr32kClkFreq
                0x0000a3c8       0x70 ./drivers/fsl_clock.o
                0x0000a3c8                CLOCK_GetEr32kClkFreq
 .text.CLOCK_GetPllFllSelClkFreq
                0x0000a438       0x44 ./drivers/fsl_clock.o
                0x0000a438                CLOCK_GetPllFllSelClkFreq
 .text.CLOCK_GetBusClkFreq
                0x0000a47c       0x28 ./drivers/fsl_clock.o
                0x0000a47c                CLOCK_GetBusClkFreq
 .text.CLOCK_GetFreq
                0x0000a4a4      0x13c ./drivers/fsl_clock.o
                0x0000a4a4                CLOCK_GetFreq
 .text.CLOCK_SetSimConfig
                0x0000a5e0       0x38 ./drivers/fsl_clock.o
                0x0000a5e0                CLOCK_SetSimConfig
 .text.CLOCK_GetOutClkFreq
                0x0000a618       0x64 ./drivers/fsl_clock.o
                0x0000a618                CLOCK_GetOutClkFreq
 .text.CLOCK_GetFllFreq
                0x0000a67c       0x7c ./drivers/fsl_clock.o
                0x0000a67c                CLOCK_GetFllFreq
 .text.CLOCK_GetInternalRefClkFreq
                0x0000a6f8       0x24 ./drivers/fsl_clock.o
                0x0000a6f8                CLOCK_GetInternalRefClkFreq
 .text.CLOCK_GetPll0Freq
                0x0000a71c       0x68 ./drivers/fsl_clock.o
                0x0000a71c                CLOCK_GetPll0Freq
 .text.CLOCK_SetExternalRefClkConfig
                0x0000a784       0x6c ./drivers/fsl_clock.o
                0x0000a784                CLOCK_SetExternalRefClkConfig
 .text.CLOCK_SetInternalRefClkConfig
                0x0000a7f0      0x104 ./drivers/fsl_clock.o
                0x0000a7f0                CLOCK_SetInternalRefClkConfig
 .text.CLOCK_EnablePll0
                0x0000a8f4       0x84 ./drivers/fsl_clock.o
                0x0000a8f4                CLOCK_EnablePll0
 .text.CLOCK_InitOsc0
                0x0000a978       0x8c ./drivers/fsl_clock.o
                0x0000a978                CLOCK_InitOsc0
 .text.CLOCK_SetPbeMode
                0x0000aa04       0xa8 ./drivers/fsl_clock.o
                0x0000aa04                CLOCK_SetPbeMode
 .text.CLOCK_BootToPeeMode
                0x0000aaac       0x64 ./drivers/fsl_clock.o
                0x0000aaac                CLOCK_BootToPeeMode
 .text.NVIC_EnableIRQ
                0x0000ab10       0x30 ./drivers/fsl_enet.o
 .text.ENET_GetInstance
                0x0000ab40       0x44 ./drivers/fsl_enet.o
                0x0000ab40                ENET_GetInstance
 .text.ENET_GetDefaultConfig
                0x0000ab84       0x44 ./drivers/fsl_enet.o
                0x0000ab84                ENET_GetDefaultConfig
 .text.ENET_Init
                0x0000abc8      0x18c ./drivers/fsl_enet.o
                0x0000abc8                ENET_Init
 .text.ENET_SetHandler
                0x0000ad54       0xd0 ./drivers/fsl_enet.o
 .text.ENET_SetMacController
                0x0000ae24      0x238 ./drivers/fsl_enet.o
 .text.ENET_SetTxBufferDescriptors
                0x0000b05c       0x8c ./drivers/fsl_enet.o
 .text.ENET_SetRxBufferDescriptors
                0x0000b0e8       0x90 ./drivers/fsl_enet.o
 .text.ENET_SetSMI
                0x0000b178       0x84 ./drivers/fsl_enet.o
                0x0000b178                ENET_SetSMI
 .text.ENET_GetRxFrameSize
                0x0000b1fc       0xc8 ./drivers/fsl_enet.o
                0x0000b1fc                ENET_GetRxFrameSize
 .text.ENET_ReadFrame
                0x0000b2c4      0x12c ./drivers/fsl_enet.o
                0x0000b2c4                ENET_ReadFrame
 .text.ENET_UpdateReadBuffers
                0x0000b3f0       0x7c ./drivers/fsl_enet.o
 .text.ENET_SendFrame
                0x0000b46c      0x1b8 ./drivers/fsl_enet.o
                0x0000b46c                ENET_SendFrame
 .text.ENET_TransmitIRQHandler
                0x0000b624       0x50 ./drivers/fsl_enet.o
                0x0000b624                ENET_TransmitIRQHandler
 .text.ENET_ReceiveIRQHandler
                0x0000b674       0x50 ./drivers/fsl_enet.o
                0x0000b674                ENET_ReceiveIRQHandler
 .text.ENET_ErrorIRQHandler
                0x0000b6c4       0x88 ./drivers/fsl_enet.o
                0x0000b6c4                ENET_ErrorIRQHandler
 .text.ENET_Transmit_IRQHandler
                0x0000b74c       0x24 ./drivers/fsl_enet.o
                0x0000b74c                ENET_Transmit_IRQHandler
 .text.ENET_Receive_IRQHandler
                0x0000b770       0x24 ./drivers/fsl_enet.o
                0x0000b770                ENET_Receive_IRQHandler
 .text.ENET_Error_IRQHandler
                0x0000b794       0x24 ./drivers/fsl_enet.o
                0x0000b794                ENET_Error_IRQHandler
 .text.ENET_1588_Timer_IRQHandler
                0x0000b7b8       0x24 ./drivers/fsl_enet.o
                0x0000b7b8                ENET_1588_Timer_IRQHandler
 .text.UART_GetInstance
                0x0000b7dc       0x54 ./drivers/fsl_uart.o
                0x0000b7dc                UART_GetInstance
 .text.UART_Init
                0x0000b830      0x290 ./drivers/fsl_uart.o
                0x0000b830                UART_Init
 .text.UART_GetDefaultConfig
                0x0000bac0       0x48 ./drivers/fsl_uart.o
                0x0000bac0                UART_GetDefaultConfig
 .text.UART_ReadBlocking
                0x0000bb08       0x90 ./drivers/fsl_uart.o
                0x0000bb08                UART_ReadBlocking
 .text.UART0_DriverIRQHandler
                0x0000bb98       0x24 ./drivers/fsl_uart.o
                0x0000bb98                UART0_DriverIRQHandler
 .text.UART1_DriverIRQHandler
                0x0000bbbc       0x24 ./drivers/fsl_uart.o
                0x0000bbbc                UART1_DriverIRQHandler
 .text.UART2_DriverIRQHandler
                0x0000bbe0       0x24 ./drivers/fsl_uart.o
                0x0000bbe0                UART2_DriverIRQHandler
 .text.UART3_DriverIRQHandler
                0x0000bc04       0x24 ./drivers/fsl_uart.o
                0x0000bc04                UART3_DriverIRQHandler
 .text.UART4_DriverIRQHandler
                0x0000bc28       0x24 ./drivers/fsl_uart.o
                0x0000bc28                UART4_DriverIRQHandler
 .text.UART5_DriverIRQHandler
                0x0000bc4c       0x24 ./drivers/fsl_uart.o
                0x0000bc4c                UART5_DriverIRQHandler
 .text.BOARD_InitDebugConsole
                0x0000bc70       0x28 ./board/board.o
                0x0000bc70                BOARD_InitDebugConsole
 .text.CLOCK_SetSimSafeDivs
                0x0000bc98       0x20 ./board/clock_config.o
 .text.CLOCK_SetXtal0Freq
                0x0000bcb8       0x1c ./board/clock_config.o
 .text.CLOCK_CONFIG_SetFllExtRefDiv
                0x0000bcd4       0x38 ./board/clock_config.o
 .text.BOARD_BootClockRUN
                0x0000bd0c       0x60 ./board/clock_config.o
                0x0000bd0c                BOARD_BootClockRUN
 .text.PHY_Init
                0x0000bd6c       0xf8 ./board/fsl_phy.o
                0x0000bd6c                PHY_Init
 .text.PHY_Write
                0x0000be64       0x74 ./board/fsl_phy.o
                0x0000be64                PHY_Write
 .text.PHY_Read
                0x0000bed8       0x8c ./board/fsl_phy.o
                0x0000bed8                PHY_Read
 .text.PHY_GetLinkStatus
                0x0000bf64       0x58 ./board/fsl_phy.o
                0x0000bf64                PHY_GetLinkStatus
 .text.PHY_GetLinkSpeedDuplex
                0x0000bfbc       0x88 ./board/fsl_phy.o
                0x0000bfbc                PHY_GetLinkSpeedDuplex
 .text.PORT_SetPinConfig
                0x0000c044       0x38 ./board/pin_mux.o
 .text.BOARD_InitPins
                0x0000c07c       0xe0 ./board/pin_mux.o
                0x0000c07c                BOARD_InitPins
 .text.SystemInit
                0x0000c15c       0x28 ./CMSIS/system_MK60D10.o
                0x0000c15c                SystemInit
 .text.__assertion_failed
                0x0000c184       0x4c c:/nxp/mcuxpressoide_11.0.1_2563/ide/plugins/com.nxp.mcuxpresso.tools.win32_11.0.1.201907311258/tools/bin/../lib/gcc/arm-none-eabi/8.2.1/../../../../arm-none-eabi/lib/thumb/v7e-m/nofp\libcr_semihost_nf.a(_cr_assert.o)
                0x0000c184                __assertion_failed
 .text.__sys_appexit
                0x0000c1d0        0xc c:/nxp/mcuxpressoide_11.0.1_2563/ide/plugins/com.nxp.mcuxpresso.tools.win32_11.0.1.201907311258/tools/bin/../lib/gcc/arm-none-eabi/8.2.1/../../../../arm-none-eabi/lib/thumb/v7e-m/nofp\libcr_semihost_nf.a(__sys_appexit.o)
                0x0000c1d0                __sys_appexit
                0x0000c1d0                __exit
 .text._Cwritebuf
                0x0000c1dc       0x6c c:/nxp/mcuxpressoide_11.0.1_2563/ide/plugins/com.nxp.mcuxpresso.tools.win32_11.0.1.201907311258/tools/bin/../lib/gcc/arm-none-eabi/8.2.1/../../../../arm-none-eabi/lib/thumb/v7e-m/nofp\libcr_c.a(_writebuf.o)
                0x0000c1dc                _Cwritebuf
 .text.malloc   0x0000c248       0xc8 c:/nxp/mcuxpressoide_11.0.1_2563/ide/plugins/com.nxp.mcuxpresso.tools.win32_11.0.1.201907311258/tools/bin/../lib/gcc/arm-none-eabi/8.2.1/../../../../arm-none-eabi/lib/thumb/v7e-m/nofp\libcr_c.a(alloc.o)
                0x0000c248                malloc
 .text._Csys_alloc
                0x0000c310       0x20 c:/nxp/mcuxpressoide_11.0.1_2563/ide/plugins/com.nxp.mcuxpresso.tools.win32_11.0.1.201907311258/tools/bin/../lib/gcc/arm-none-eabi/8.2.1/../../../../arm-none-eabi/lib/thumb/v7e-m/nofp\libcr_c.a(alloc.o)
                0x0000c310                _Csys_alloc
 .text.fseek    0x0000c330      0x100 c:/nxp/mcuxpressoide_11.0.1_2563/ide/plugins/com.nxp.mcuxpresso.tools.win32_11.0.1.201907311258/tools/bin/../lib/gcc/arm-none-eabi/8.2.1/../../../../arm-none-eabi/lib/thumb/v7e-m/nofp\libcr_c.a(fseek.o)
                0x0000c330                fseek
 .text.ftell    0x0000c430       0x48 c:/nxp/mcuxpressoide_11.0.1_2563/ide/plugins/com.nxp.mcuxpresso.tools.win32_11.0.1.201907311258/tools/bin/../lib/gcc/arm-none-eabi/8.2.1/../../../../arm-none-eabi/lib/thumb/v7e-m/nofp\libcr_c.a(ftell.o)
                0x0000c430                ftell
 .text._initio  0x0000c478       0x78 c:/nxp/mcuxpressoide_11.0.1_2563/ide/plugins/com.nxp.mcuxpresso.tools.win32_11.0.1.201907311258/tools/bin/../lib/gcc/arm-none-eabi/8.2.1/../../../../arm-none-eabi/lib/thumb/v7e-m/nofp\libcr_c.a(initio.o)
                0x0000c478                _initio
 .text.__vfprintf
                0x0000c4f0      0xbdc c:/nxp/mcuxpressoide_11.0.1_2563/ide/plugins/com.nxp.mcuxpresso.tools.win32_11.0.1.201907311258/tools/bin/../lib/gcc/arm-none-eabi/8.2.1/../../../../arm-none-eabi/lib/thumb/v7e-m/nofp\libcr_c.a(printf.o)
                0x0000c4f0                __vfprintf
 .text._vsnprintf
                0x0000d0cc       0x68 c:/nxp/mcuxpressoide_11.0.1_2563/ide/plugins/com.nxp.mcuxpresso.tools.win32_11.0.1.201907311258/tools/bin/../lib/gcc/arm-none-eabi/8.2.1/../../../../arm-none-eabi/lib/thumb/v7e-m/nofp\libcr_c.a(printf.o)
                0x0000d0cc                _vsnprintf
 .text._printf  0x0000d134       0x54 c:/nxp/mcuxpressoide_11.0.1_2563/ide/plugins/com.nxp.mcuxpresso.tools.win32_11.0.1.201907311258/tools/bin/../lib/gcc/arm-none-eabi/8.2.1/../../../../arm-none-eabi/lib/thumb/v7e-m/nofp\libcr_c.a(printf.o)
                0x0000d134                _printf
 .text.setvbuf  0x0000d188       0x40 c:/nxp/mcuxpressoide_11.0.1_2563/ide/plugins/com.nxp.mcuxpresso.tools.win32_11.0.1.201907311258/tools/bin/../lib/gcc/arm-none-eabi/8.2.1/../../../../arm-none-eabi/lib/thumb/v7e-m/nofp\libcr_c.a(setvbuf.o)
                0x0000d188                setvbuf
 .text._sbrk    0x0000d1c8       0x3c c:/nxp/mcuxpressoide_11.0.1_2563/ide/plugins/com.nxp.mcuxpresso.tools.win32_11.0.1.201907311258/tools/bin/../lib/gcc/arm-none-eabi/8.2.1/../../../../arm-none-eabi/lib/thumb/v7e-m/nofp\libcr_c.a(_cr_sbrk.o)
                0x0000d1c8                _sbrk
 .text.fflush   0x0000d204       0x44 c:/nxp/mcuxpressoide_11.0.1_2563/ide/plugins/com.nxp.mcuxpresso.tools.win32_11.0.1.201907311258/tools/bin/../lib/gcc/arm-none-eabi/8.2.1/../../../../arm-none-eabi/lib/thumb/v7e-m/nofp\libcr_c.a(fflush.o)
                0x0000d204                fflush
 .text.__check_heap_overflow
                0x0000d248       0x18 c:/nxp/mcuxpressoide_11.0.1_2563/ide/plugins/com.nxp.mcuxpresso.tools.win32_11.0.1.201907311258/tools/bin/../lib/gcc/arm-none-eabi/8.2.1/../../../../arm-none-eabi/lib/thumb/v7e-m/nofp\libcr_c.a(_cr_check_heap.o)
                0x0000d248                __check_heap_overflow
 .text.UART_EnableTx
                0x0000d260       0x3e ./utilities/fsl_debug_console.o
 .text.UART_EnableRx
                0x0000d29e       0x3e ./utilities/fsl_debug_console.o
 .text.DMA0_IRQHandler
                0x0000d2dc        0x8 ./startup/startup_mk60d10.o
                0x0000d2dc                DMA0_IRQHandler
 .text.DMA1_IRQHandler
                0x0000d2e4        0x8 ./startup/startup_mk60d10.o
                0x0000d2e4                DMA1_IRQHandler
 .text.DMA2_IRQHandler
                0x0000d2ec        0x8 ./startup/startup_mk60d10.o
                0x0000d2ec                DMA2_IRQHandler
 .text.DMA3_IRQHandler
                0x0000d2f4        0x8 ./startup/startup_mk60d10.o
                0x0000d2f4                DMA3_IRQHandler
 .text.DMA4_IRQHandler
                0x0000d2fc        0x8 ./startup/startup_mk60d10.o
                0x0000d2fc                DMA4_IRQHandler
 .text.DMA5_IRQHandler
                0x0000d304        0x8 ./startup/startup_mk60d10.o
                0x0000d304                DMA5_IRQHandler
 .text.DMA6_IRQHandler
                0x0000d30c        0x8 ./startup/startup_mk60d10.o
                0x0000d30c                DMA6_IRQHandler
 .text.DMA7_IRQHandler
                0x0000d314        0x8 ./startup/startup_mk60d10.o
                0x0000d314                DMA7_IRQHandler
 .text.DMA8_IRQHandler
                0x0000d31c        0x8 ./startup/startup_mk60d10.o
                0x0000d31c                DMA8_IRQHandler
 .text.DMA9_IRQHandler
                0x0000d324        0x8 ./startup/startup_mk60d10.o
                0x0000d324                DMA9_IRQHandler
 .text.DMA10_IRQHandler
                0x0000d32c        0x8 ./startup/startup_mk60d10.o
                0x0000d32c                DMA10_IRQHandler
 .text.DMA11_IRQHandler
                0x0000d334        0x8 ./startup/startup_mk60d10.o
                0x0000d334                DMA11_IRQHandler
 .text.DMA12_IRQHandler
                0x0000d33c        0x8 ./startup/startup_mk60d10.o
                0x0000d33c                DMA12_IRQHandler
 .text.DMA13_IRQHandler
                0x0000d344        0x8 ./startup/startup_mk60d10.o
                0x0000d344                DMA13_IRQHandler
 .text.DMA14_IRQHandler
                0x0000d34c        0x8 ./startup/startup_mk60d10.o
                0x0000d34c                DMA14_IRQHandler
 .text.DMA15_IRQHandler
                0x0000d354        0x8 ./startup/startup_mk60d10.o
                0x0000d354                DMA15_IRQHandler
 .text.DMA_Error_IRQHandler
                0x0000d35c        0x8 ./startup/startup_mk60d10.o
                0x0000d35c                DMA_Error_IRQHandler
 .text.MCM_IRQHandler
                0x0000d364        0x8 ./startup/startup_mk60d10.o
                0x0000d364                MCM_IRQHandler
 .text.FTFL_IRQHandler
                0x0000d36c        0x8 ./startup/startup_mk60d10.o
                0x0000d36c                FTFL_IRQHandler
 .text.Read_Collision_IRQHandler
                0x0000d374        0x8 ./startup/startup_mk60d10.o
                0x0000d374                Read_Collision_IRQHandler
 .text.LVD_LVW_IRQHandler
                0x0000d37c        0x8 ./startup/startup_mk60d10.o
                0x0000d37c                LVD_LVW_IRQHandler
 .text.LLWU_IRQHandler
                0x0000d384        0x8 ./startup/startup_mk60d10.o
                0x0000d384                LLWU_IRQHandler
 .text.WDOG_EWM_IRQHandler
                0x0000d38c        0x8 ./startup/startup_mk60d10.o
                0x0000d38c                WDOG_EWM_IRQHandler
 .text.RNG_IRQHandler
                0x0000d394        0x8 ./startup/startup_mk60d10.o
                0x0000d394                RNG_IRQHandler
 .text.I2C0_IRQHandler
                0x0000d39c        0x8 ./startup/startup_mk60d10.o
                0x0000d39c                I2C0_IRQHandler
 .text.I2C1_IRQHandler
                0x0000d3a4        0x8 ./startup/startup_mk60d10.o
                0x0000d3a4                I2C1_IRQHandler
 .text.SPI0_IRQHandler
                0x0000d3ac        0x8 ./startup/startup_mk60d10.o
                0x0000d3ac                SPI0_IRQHandler
 .text.SPI1_IRQHandler
                0x0000d3b4        0x8 ./startup/startup_mk60d10.o
                0x0000d3b4                SPI1_IRQHandler
 .text.SPI2_IRQHandler
                0x0000d3bc        0x8 ./startup/startup_mk60d10.o
                0x0000d3bc                SPI2_IRQHandler
 .text.CAN0_ORed_Message_buffer_IRQHandler
                0x0000d3c4        0x8 ./startup/startup_mk60d10.o
                0x0000d3c4                CAN0_ORed_Message_buffer_IRQHandler
 .text.CAN0_Bus_Off_IRQHandler
                0x0000d3cc        0x8 ./startup/startup_mk60d10.o
                0x0000d3cc                CAN0_Bus_Off_IRQHandler
 .text.CAN0_Error_IRQHandler
                0x0000d3d4        0x8 ./startup/startup_mk60d10.o
                0x0000d3d4                CAN0_Error_IRQHandler
 .text.CAN0_Tx_Warning_IRQHandler
                0x0000d3dc        0x8 ./startup/startup_mk60d10.o
                0x0000d3dc                CAN0_Tx_Warning_IRQHandler
 .text.CAN0_Rx_Warning_IRQHandler
                0x0000d3e4        0x8 ./startup/startup_mk60d10.o
                0x0000d3e4                CAN0_Rx_Warning_IRQHandler
 .text.CAN0_Wake_Up_IRQHandler
                0x0000d3ec        0x8 ./startup/startup_mk60d10.o
                0x0000d3ec                CAN0_Wake_Up_IRQHandler
 .text.I2S0_Tx_IRQHandler
                0x0000d3f4        0x8 ./startup/startup_mk60d10.o
                0x0000d3f4                I2S0_Tx_IRQHandler
 .text.I2S0_Rx_IRQHandler
                0x0000d3fc        0x8 ./startup/startup_mk60d10.o
                0x0000d3fc                I2S0_Rx_IRQHandler
 .text.CAN1_ORed_Message_buffer_IRQHandler
                0x0000d404        0x8 ./startup/startup_mk60d10.o
                0x0000d404                CAN1_ORed_Message_buffer_IRQHandler
 .text.CAN1_Bus_Off_IRQHandler
                0x0000d40c        0x8 ./startup/startup_mk60d10.o
                0x0000d40c                CAN1_Bus_Off_IRQHandler
 .text.CAN1_Error_IRQHandler
                0x0000d414        0x8 ./startup/startup_mk60d10.o
                0x0000d414                CAN1_Error_IRQHandler
 .text.CAN1_Tx_Warning_IRQHandler
                0x0000d41c        0x8 ./startup/startup_mk60d10.o
                0x0000d41c                CAN1_Tx_Warning_IRQHandler
 .text.CAN1_Rx_Warning_IRQHandler
                0x0000d424        0x8 ./startup/startup_mk60d10.o
                0x0000d424                CAN1_Rx_Warning_IRQHandler
 .text.CAN1_Wake_Up_IRQHandler
                0x0000d42c        0x8 ./startup/startup_mk60d10.o
                0x0000d42c                CAN1_Wake_Up_IRQHandler
 .text.Reserved59_IRQHandler
                0x0000d434        0x8 ./startup/startup_mk60d10.o
                0x0000d434                Reserved59_IRQHandler
 .text.UART0_LON_IRQHandler
                0x0000d43c        0x8 ./startup/startup_mk60d10.o
                0x0000d43c                UART0_LON_IRQHandler
 .text.UART0_RX_TX_IRQHandler
                0x0000d444        0x8 ./startup/startup_mk60d10.o
                0x0000d444                UART0_RX_TX_IRQHandler
 .text.UART0_ERR_IRQHandler
                0x0000d44c        0x8 ./startup/startup_mk60d10.o
                0x0000d44c                UART0_ERR_IRQHandler
 .text.UART1_RX_TX_IRQHandler
                0x0000d454        0x8 ./startup/startup_mk60d10.o
                0x0000d454                UART1_RX_TX_IRQHandler
 .text.UART1_ERR_IRQHandler
                0x0000d45c        0x8 ./startup/startup_mk60d10.o
                0x0000d45c                UART1_ERR_IRQHandler
 .text.UART2_RX_TX_IRQHandler
                0x0000d464        0x8 ./startup/startup_mk60d10.o
                0x0000d464                UART2_RX_TX_IRQHandler
 .text.UART2_ERR_IRQHandler
                0x0000d46c        0x8 ./startup/startup_mk60d10.o
                0x0000d46c                UART2_ERR_IRQHandler
 .text.UART3_RX_TX_IRQHandler
                0x0000d474        0x8 ./startup/startup_mk60d10.o
                0x0000d474                UART3_RX_TX_IRQHandler
 .text.UART3_ERR_IRQHandler
                0x0000d47c        0x8 ./startup/startup_mk60d10.o
                0x0000d47c                UART3_ERR_IRQHandler
 .text.UART4_RX_TX_IRQHandler
                0x0000d484        0x8 ./startup/startup_mk60d10.o
                0x0000d484                UART4_RX_TX_IRQHandler
 .text.UART4_ERR_IRQHandler
                0x0000d48c        0x8 ./startup/startup_mk60d10.o
                0x0000d48c                UART4_ERR_IRQHandler
 .text.UART5_RX_TX_IRQHandler
                0x0000d494        0x8 ./startup/startup_mk60d10.o
                0x0000d494                UART5_RX_TX_IRQHandler
 .text.UART5_ERR_IRQHandler
                0x0000d49c        0x8 ./startup/startup_mk60d10.o
                0x0000d49c                UART5_ERR_IRQHandler
 .text.ADC0_IRQHandler
                0x0000d4a4        0x8 ./startup/startup_mk60d10.o
                0x0000d4a4                ADC0_IRQHandler
 .text.ADC1_IRQHandler
                0x0000d4ac        0x8 ./startup/startup_mk60d10.o
                0x0000d4ac                ADC1_IRQHandler
 .text.CMP0_IRQHandler
                0x0000d4b4        0x8 ./startup/startup_mk60d10.o
                0x0000d4b4                CMP0_IRQHandler
 .text.CMP1_IRQHandler
                0x0000d4bc        0x8 ./startup/startup_mk60d10.o
                0x0000d4bc                CMP1_IRQHandler
 .text.CMP2_IRQHandler
                0x0000d4c4        0x8 ./startup/startup_mk60d10.o
                0x0000d4c4                CMP2_IRQHandler
 .text.FTM0_IRQHandler
                0x0000d4cc        0x8 ./startup/startup_mk60d10.o
                0x0000d4cc                FTM0_IRQHandler
 .text.FTM1_IRQHandler
                0x0000d4d4        0x8 ./startup/startup_mk60d10.o
                0x0000d4d4                FTM1_IRQHandler
 .text.FTM2_IRQHandler
                0x0000d4dc        0x8 ./startup/startup_mk60d10.o
                0x0000d4dc                FTM2_IRQHandler
 .text.CMT_IRQHandler
                0x0000d4e4        0x8 ./startup/startup_mk60d10.o
                0x0000d4e4                CMT_IRQHandler
 .text.RTC_IRQHandler
                0x0000d4ec        0x8 ./startup/startup_mk60d10.o
                0x0000d4ec                RTC_IRQHandler
 .text.RTC_Seconds_IRQHandler
                0x0000d4f4        0x8 ./startup/startup_mk60d10.o
                0x0000d4f4                RTC_Seconds_IRQHandler
 .text.PIT0_IRQHandler
                0x0000d4fc        0x8 ./startup/startup_mk60d10.o
                0x0000d4fc                PIT0_IRQHandler
 .text.PIT1_IRQHandler
                0x0000d504        0x8 ./startup/startup_mk60d10.o
                0x0000d504                PIT1_IRQHandler
 .text.PIT2_IRQHandler
                0x0000d50c        0x8 ./startup/startup_mk60d10.o
                0x0000d50c                PIT2_IRQHandler
 .text.PIT3_IRQHandler
                0x0000d514        0x8 ./startup/startup_mk60d10.o
                0x0000d514                PIT3_IRQHandler
 .text.PDB0_IRQHandler
                0x0000d51c        0x8 ./startup/startup_mk60d10.o
                0x0000d51c                PDB0_IRQHandler
 .text.USB0_IRQHandler
                0x0000d524        0x8 ./startup/startup_mk60d10.o
                0x0000d524                USB0_IRQHandler
 .text.USBDCD_IRQHandler
                0x0000d52c        0x8 ./startup/startup_mk60d10.o
                0x0000d52c                USBDCD_IRQHandler
 .text.Reserved95_IRQHandler
                0x0000d534        0x8 ./startup/startup_mk60d10.o
                0x0000d534                Reserved95_IRQHandler
 .text.SDHC_IRQHandler
                0x0000d53c        0x8 ./startup/startup_mk60d10.o
                0x0000d53c                SDHC_IRQHandler
 .text.DAC0_IRQHandler
                0x0000d544        0x8 ./startup/startup_mk60d10.o
                0x0000d544                DAC0_IRQHandler
 .text.DAC1_IRQHandler
                0x0000d54c        0x8 ./startup/startup_mk60d10.o
                0x0000d54c                DAC1_IRQHandler
 .text.TSI0_IRQHandler
                0x0000d554        0x8 ./startup/startup_mk60d10.o
                0x0000d554                TSI0_IRQHandler
 .text.MCG_IRQHandler
                0x0000d55c        0x8 ./startup/startup_mk60d10.o
                0x0000d55c                MCG_IRQHandler
 .text.LPTMR0_IRQHandler
                0x0000d564        0x8 ./startup/startup_mk60d10.o
                0x0000d564                LPTMR0_IRQHandler
 .text.Reserved102_IRQHandler
                0x0000d56c        0x8 ./startup/startup_mk60d10.o
                0x0000d56c                Reserved102_IRQHandler
 .text.PORTA_IRQHandler
                0x0000d574        0x8 ./startup/startup_mk60d10.o
                0x0000d574                PORTA_IRQHandler
 .text.PORTB_IRQHandler
                0x0000d57c        0x8 ./startup/startup_mk60d10.o
                0x0000d57c                PORTB_IRQHandler
 .text.PORTC_IRQHandler
                0x0000d584        0x8 ./startup/startup_mk60d10.o
                0x0000d584                PORTC_IRQHandler
 .text.PORTD_IRQHandler
                0x0000d58c        0x8 ./startup/startup_mk60d10.o
                0x0000d58c                PORTD_IRQHandler
 .text.PORTE_IRQHandler
                0x0000d594        0x8 ./startup/startup_mk60d10.o
                0x0000d594                PORTE_IRQHandler
 .text.Reserved108_IRQHandler
                0x0000d59c        0x8 ./startup/startup_mk60d10.o
                0x0000d59c                Reserved108_IRQHandler
 .text.Reserved109_IRQHandler
                0x0000d5a4        0x8 ./startup/startup_mk60d10.o
                0x0000d5a4                Reserved109_IRQHandler
 .text.SWI_IRQHandler
                0x0000d5ac        0x8 ./startup/startup_mk60d10.o
                0x0000d5ac                SWI_IRQHandler
 .text.SysTick_Handler
                0x0000d5b4        0xc ./source/lwip_httpsrv_bm.o
                0x0000d5b4                SysTick_Handler
 .text.HardFault_Handler
                0x0000d5c0       0x2c ./source/semihost_hardfault.o
                0x0000d5c0                HardFault_Handler
 .text.dhcp_timeout
                0x0000d5ec       0x92 ./lwip/src/core/ipv4/dhcp.o
 .text.dhcp_t1_timeout
                0x0000d67e       0x5c ./lwip/src/core/ipv4/dhcp.o
 .text.dhcp_t2_timeout
                0x0000d6da       0x64 ./lwip/src/core/ipv4/dhcp.o
 .text.dhcp_set_state
                0x0000d73e       0x32 ./lwip/src/core/ipv4/dhcp.o
 .text.dhcp_supplied_address
                0x0000d770       0x42 ./lwip/src/core/ipv4/dhcp.o
                0x0000d770                dhcp_supplied_address
 .text.icmp_dest_unreach
                0x0000d7b2       0x20 ./lwip/src/core/ipv4/icmp.o
                0x0000d7b2                icmp_dest_unreach
 .text.icmp_time_exceeded
                0x0000d7d2       0x20 ./lwip/src/core/ipv4/icmp.o
                0x0000d7d2                icmp_time_exceeded
 .text.ip4_output_if
                0x0000d7f2       0x54 ./lwip/src/core/ipv4/ip4.o
                0x0000d7f2                ip4_output_if
 .text.ip4_addr_isbroadcast_u32
                0x0000d846       0x80 ./lwip/src/core/ipv4/ip4_addr.o
                0x0000d846                ip4_addr_isbroadcast_u32
 .text.ip_frag_alloc_pbuf_custom_ref
                0x0000d8c6       0x10 ./lwip/src/core/ipv4/ip4_frag.o
 .text.lwip_htons
                0x0000d8d6       0x28 ./lwip/src/core/def.o
                0x0000d8d6                lwip_htons
 .text.lwip_htonl
                0x0000d8fe       0x30 ./lwip/src/core/def.o
                0x0000d8fe                lwip_htonl
 .text.lwip_strnstr
                0x0000d92e       0x70 ./lwip/src/core/def.o
                0x0000d92e                lwip_strnstr
 .text.lwip_stricmp
                0x0000d99e       0x66 ./lwip/src/core/def.o
                0x0000d99e                lwip_stricmp
 .text.lwip_standard_chksum
                0x0000da04       0xb8 ./lwip/src/core/inet_chksum.o
                0x0000da04                lwip_standard_chksum
 .text.inet_cksum_pseudo_base
                0x0000dabc       0xd8 ./lwip/src/core/inet_chksum.o
 .text.inet_chksum_pseudo
                0x0000db94       0x70 ./lwip/src/core/inet_chksum.o
                0x0000db94                inet_chksum_pseudo
 .text.ip_chksum_pseudo
                0x0000dc04       0x2c ./lwip/src/core/inet_chksum.o
                0x0000dc04                ip_chksum_pseudo
 .text.inet_chksum
                0x0000dc30       0x24 ./lwip/src/core/inet_chksum.o
                0x0000dc30                inet_chksum
 .text.inet_chksum_pbuf
                0x0000dc54       0x94 ./lwip/src/core/inet_chksum.o
                0x0000dc54                inet_chksum_pbuf
 .text.lwip_init
                0x0000dce8       0x20 ./lwip/src/core/init.o
                0x0000dce8                lwip_init
 .text.memp_init_pool
                0x0000dd08       0x5c ./lwip/src/core/memp.o
                0x0000dd08                memp_init_pool
 .text.netif_init
                0x0000dd64        0xc ./lwip/src/core/netif.o
                0x0000dd64                netif_init
 .text.netif_set_addr
                0x0000dd70       0x56 ./lwip/src/core/netif.o
                0x0000dd70                netif_set_addr
 .text.netif_set_gw
                0x0000ddc6       0x26 ./lwip/src/core/netif.o
                0x0000ddc6                netif_set_gw
 .text.netif_set_netmask
                0x0000ddec       0x26 ./lwip/src/core/netif.o
                0x0000ddec                netif_set_netmask
 .text.netif_set_up
                0x0000de12       0x46 ./lwip/src/core/netif.o
                0x0000de12                netif_set_up
 .text.netif_issue_reports
                0x0000de58       0x42 ./lwip/src/core/netif.o
 .text.pbuf_header
                0x0000de9a       0x24 ./lwip/src/core/pbuf.o
                0x0000de9a                pbuf_header
 .text.pbuf_header_force
                0x0000debe       0x24 ./lwip/src/core/pbuf.o
                0x0000debe                pbuf_header_force
 .text.pbuf_clen
                0x0000dee2       0x2c ./lwip/src/core/pbuf.o
                0x0000dee2                pbuf_clen
 .text.pbuf_ref
                0x0000df0e       0x2e ./lwip/src/core/pbuf.o
                0x0000df0e                pbuf_ref
 .text.pbuf_chain
                0x0000df3c       0x20 ./lwip/src/core/pbuf.o
                0x0000df3c                pbuf_chain
 .text.tcp_init
                0x0000df5c        0xc ./lwip/src/core/tcp.o
                0x0000df5c                tcp_init
 .text.tcp_remove_listener
                0x0000df68       0x36 ./lwip/src/core/tcp.o
 .text.tcp_close
                0x0000df9e       0x30 ./lwip/src/core/tcp.o
                0x0000df9e                tcp_close
 .text.tcp_abort
                0x0000dfce       0x18 ./lwip/src/core/tcp.o
                0x0000dfce                tcp_abort
 .text.tcp_accept_null
                0x0000dfe6       0x20 ./lwip/src/core/tcp.o
 .text.tcp_process_refused_data
                0x0000e006       0xcc ./lwip/src/core/tcp.o
                0x0000e006                tcp_process_refused_data
 .text.tcp_segs_free
                0x0000e0d2       0x28 ./lwip/src/core/tcp.o
                0x0000e0d2                tcp_segs_free
 .text.tcp_seg_free
                0x0000e0fa       0x30 ./lwip/src/core/tcp.o
                0x0000e0fa                tcp_seg_free
 .text.tcp_setprio
                0x0000e12a       0x1c ./lwip/src/core/tcp.o
                0x0000e12a                tcp_setprio
 .text.tcp_recv_null
                0x0000e146       0x44 ./lwip/src/core/tcp.o
                0x0000e146                tcp_recv_null
 .text.tcp_new_ip_type
                0x0000e18a       0x1c ./lwip/src/core/tcp.o
                0x0000e18a                tcp_new_ip_type
 .text.tcp_arg  0x0000e1a6       0x20 ./lwip/src/core/tcp.o
                0x0000e1a6                tcp_arg
 .text.tcp_accept
                0x0000e1c6       0x2c ./lwip/src/core/tcp.o
                0x0000e1c6                tcp_accept
 .text.tcp_pcb_purge
                0x0000e1f2       0x78 ./lwip/src/core/tcp.o
                0x0000e1f2                tcp_pcb_purge
 .text.tcp_eff_send_mss_impl
                0x0000e26a       0x48 ./lwip/src/core/tcp.o
                0x0000e26a                tcp_eff_send_mss_impl
 .text.tcp_netif_ip_addr_changed_pcblist
                0x0000e2b2       0x42 ./lwip/src/core/tcp.o
 .text.tcp_send_fin
                0x0000e2f4       0x7e ./lwip/src/core/tcp_out.o
                0x0000e2f4                tcp_send_fin
 .text.tcp_send_empty_ack
                0x0000e372       0xdc ./lwip/src/core/tcp_out.o
                0x0000e372                tcp_send_empty_ack
 .text.tcp_rexmit_rto
                0x0000e44e       0x74 ./lwip/src/core/tcp_out.o
                0x0000e44e                tcp_rexmit_rto
 .text.tcp_rexmit
                0x0000e4c2       0x96 ./lwip/src/core/tcp_out.o
                0x0000e4c2                tcp_rexmit
 .text.tcp_rexmit_fast
                0x0000e558       0xac ./lwip/src/core/tcp_out.o
                0x0000e558                tcp_rexmit_fast
 .text.tcp_keepalive
                0x0000e604       0x9e ./lwip/src/core/tcp_out.o
                0x0000e604                tcp_keepalive
 .text.tcp_zero_window_probe
                0x0000e6a2      0x158 ./lwip/src/core/tcp_out.o
                0x0000e6a2                tcp_zero_window_probe
 .text.udp_init
                0x0000e7fa        0xc ./lwip/src/core/udp.o
                0x0000e7fa                udp_init
 .text.udp_sendto_if
                0x0000e806       0x7a ./lwip/src/core/udp.o
                0x0000e806                udp_sendto_if
 .text.fs_close_custom
                0x0000e880       0x2e ./lwip/src/apps/httpd/fs.o
                0x0000e880                fs_close_custom
 .text.fs_close
                0x0000e8ae       0x1e ./lwip/src/apps/httpd/fs.o
                0x0000e8ae                fs_close
 .text.fs_bytes_left
                0x0000e8cc       0x1c ./lwip/src/apps/httpd/fs.o
                0x0000e8cc                fs_bytes_left
 .text.http_state_init
                0x0000e8e8       0x22 ./lwip/src/apps/httpd/httpd.o
 .text.http_state_alloc
                0x0000e90a       0x24 ./lwip/src/apps/httpd/httpd.o
 .text.http_state_eof
                0x0000e92e       0x40 ./lwip/src/apps/httpd/httpd.o
 .text.http_state_free
                0x0000e96e       0x22 ./lwip/src/apps/httpd/httpd.o
 .text.http_close_conn
                0x0000e990       0x1e ./lwip/src/apps/httpd/httpd.o
 .text.http_eof
                0x0000e9ae       0x1a ./lwip/src/apps/httpd/httpd.o
 .text.http_send_headers
                0x0000e9c8      0x190 ./lwip/src/apps/httpd/httpd.o
 .text.http_send_data_nonssi
                0x0000eb58       0xa0 ./lwip/src/apps/httpd/httpd.o
 .text.http_send
                0x0000ebf8       0x96 ./lwip/src/apps/httpd/httpd.o
 .text.http_err
                0x0000ec8e       0x24 ./lwip/src/apps/httpd/httpd.o
 .text.http_sent
                0x0000ecb2       0x36 ./lwip/src/apps/httpd/httpd.o
 .text.http_poll
                0x0000ece8       0x76 ./lwip/src/apps/httpd/httpd.o
 .text.ENET_ActiveRead
                0x0000ed5e       0x1a ./lwip/port/ethernetif.o
 .text.enet_init
                0x0000ed78      0x110 ./lwip/port/ethernetif.o
 .text.low_level_init
                0x0000ee88       0x70 ./lwip/port/ethernetif.o
 .text.enet_send_frame
                0x0000eef8       0x4a ./lwip/port/ethernetif.o
 .text.enet_get_rx_frame_size
                0x0000ef42       0x20 ./lwip/port/ethernetif.o
 .text.enet_read_frame
                0x0000ef62       0x24 ./lwip/port/ethernetif.o
 .text.low_level_input
                0x0000ef86      0x130 ./lwip/port/ethernetif.o
 .text.DisableGlobalIRQ
                0x0000f0b6       0x1e ./lwip/port/sys_arch.o
 .text.EnableGlobalIRQ
                0x0000f0d4       0x1c ./lwip/port/sys_arch.o
 .text.sys_arch_protect
                0x0000f0f0       0x16 ./lwip/port/sys_arch.o
                0x0000f0f0                sys_arch_protect
 .text.sys_arch_unprotect
                0x0000f106       0x16 ./lwip/port/sys_arch.o
                0x0000f106                sys_arch_unprotect
 .text.OSC_SetExtRefClkConfig
                0x0000f11c       0x32 ./drivers/fsl_clock.o
 .text.OSC_SetCapLoad
                0x0000f14e       0x32 ./drivers/fsl_clock.o
 .text.CLOCK_GetPll0RefFreq
                0x0000f180        0xe ./drivers/fsl_clock.o
 .text.CLOCK_GetFixedFreqClkFreq
                0x0000f18e       0x2e ./drivers/fsl_clock.o
                0x0000f18e                CLOCK_GetFixedFreqClkFreq
 .text.CLOCK_EnableClock
                0x0000f1bc       0x32 ./drivers/fsl_enet.o
 .text.EnableIRQ
                0x0000f1ee       0x28 ./drivers/fsl_enet.o
 .text.ENET_Reset
                0x0000f216       0x1e ./drivers/fsl_enet.o
 .text.ENET_GetSMI
                0x0000f234       0x24 ./drivers/fsl_enet.o
 .text.ENET_EnableSleepMode
                0x0000f258       0x36 ./drivers/fsl_enet.o
 .text.ENET_EnableInterrupts
                0x0000f28e       0x20 ./drivers/fsl_enet.o
 .text.ENET_SetMacAddr
                0x0000f2ae       0x5c ./drivers/fsl_enet.o
                0x0000f2ae                ENET_SetMacAddr
 .text.ENET_StartSMIWrite
                0x0000f30a       0x4e ./drivers/fsl_enet.o
                0x0000f30a                ENET_StartSMIWrite
 .text.ENET_StartSMIRead
                0x0000f358       0x48 ./drivers/fsl_enet.o
                0x0000f358                ENET_StartSMIRead
 .text.CLOCK_EnableClock
                0x0000f3a0       0x32 ./drivers/fsl_uart.o
 .text.UART_GetStatusFlags
                0x0000f3d2       0x44 ./drivers/fsl_uart.o
                0x0000f3d2                UART_GetStatusFlags
 .text.UART_WriteBlocking
                0x0000f416       0x3c ./drivers/fsl_uart.o
                0x0000f416                UART_WriteBlocking
 .text.UART0_RX_TX_DriverIRQHandler
                0x0000f452        0xc ./drivers/fsl_uart.o
                0x0000f452                UART0_RX_TX_DriverIRQHandler
 .text.UART1_RX_TX_DriverIRQHandler
                0x0000f45e        0xc ./drivers/fsl_uart.o
                0x0000f45e                UART1_RX_TX_DriverIRQHandler
 .text.UART2_RX_TX_DriverIRQHandler
                0x0000f46a        0xc ./drivers/fsl_uart.o
                0x0000f46a                UART2_RX_TX_DriverIRQHandler
 .text.UART3_RX_TX_DriverIRQHandler
                0x0000f476        0xc ./drivers/fsl_uart.o
                0x0000f476                UART3_RX_TX_DriverIRQHandler
 .text.UART4_RX_TX_DriverIRQHandler
                0x0000f482        0xc ./drivers/fsl_uart.o
                0x0000f482                UART4_RX_TX_DriverIRQHandler
 .text.UART5_RX_TX_DriverIRQHandler
                0x0000f48e        0xc ./drivers/fsl_uart.o
                0x0000f48e                UART5_RX_TX_DriverIRQHandler
 .text.CLOCK_EnableClock
                0x0000f49a       0x32 ./board/fsl_phy.o
 .text.ENET_ReadSMIData
                0x0000f4cc       0x18 ./board/fsl_phy.o
 .text.ENET_GetInterruptStatus
                0x0000f4e4       0x16 ./board/fsl_phy.o
 .text.ENET_ClearInterruptStatus
                0x0000f4fa       0x1a ./board/fsl_phy.o
 .text.CLOCK_EnableClock
                0x0000f514       0x32 ./board/pin_mux.o
 .text.PORT_SetPinMux
                0x0000f546       0x38 ./board/pin_mux.o
 .text.__main   0x0000f57e        0xe c:/nxp/mcuxpressoide_11.0.1_2563/ide/plugins/com.nxp.mcuxpresso.tools.win32_11.0.1.201907311258/tools/bin/../lib/gcc/arm-none-eabi/8.2.1/../../../../arm-none-eabi/lib/thumb/v7e-m/nofp\libcr_semihost_nf.a(_cr__main.o)
                0x0000f57e                __CR_SEMIHOST
                0x0000f57e                __main
 .text.memcpy   0x0000f58c        0x4 c:/nxp/mcuxpressoide_11.0.1_2563/ide/plugins/com.nxp.mcuxpresso.tools.win32_11.0.1.201907311258/tools/bin/../lib/gcc/arm-none-eabi/8.2.1/../../../../arm-none-eabi/lib/thumb/v7e-m/nofp\libcr_c.a(memcpy.o)
                0x0000f58c                memcpy
 .text.memset   0x0000f590        0x4 c:/nxp/mcuxpressoide_11.0.1_2563/ide/plugins/com.nxp.mcuxpresso.tools.win32_11.0.1.201907311258/tools/bin/../lib/gcc/arm-none-eabi/8.2.1/../../../../arm-none-eabi/lib/thumb/v7e-m/nofp\libcr_c.a(memset.o)
                0x0000f590                memset
 .text._deferredlazyseek
                0x0000f594       0x40 c:/nxp/mcuxpressoide_11.0.1_2563/ide/plugins/com.nxp.mcuxpresso.tools.win32_11.0.1.201907311258/tools/bin/../lib/gcc/arm-none-eabi/8.2.1/../../../../arm-none-eabi/lib/thumb/v7e-m/nofp\libcr_c.a(_deferredlazyseek.o)
                0x0000f594                _deferredlazyseek
 .text.__flsbuf
                0x0000f5d4      0x140 c:/nxp/mcuxpressoide_11.0.1_2563/ide/plugins/com.nxp.mcuxpresso.tools.win32_11.0.1.201907311258/tools/bin/../lib/gcc/arm-none-eabi/8.2.1/../../../../arm-none-eabi/lib/thumb/v7e-m/nofp\libcr_c.a(_deferredlazyseek.o)
                0x0000f5d4                __flsbuf
 .text._fflush  0x0000f714       0x52 c:/nxp/mcuxpressoide_11.0.1_2563/ide/plugins/com.nxp.mcuxpresso.tools.win32_11.0.1.201907311258/tools/bin/../lib/gcc/arm-none-eabi/8.2.1/../../../../arm-none-eabi/lib/thumb/v7e-m/nofp\libcr_c.a(_fflush.o)
                0x0000f714                _fflush
 .text.free     0x0000f766       0x30 c:/nxp/mcuxpressoide_11.0.1_2563/ide/plugins/com.nxp.mcuxpresso.tools.win32_11.0.1.201907311258/tools/bin/../lib/gcc/arm-none-eabi/8.2.1/../../../../arm-none-eabi/lib/thumb/v7e-m/nofp\libcr_c.a(alloc.o)
                0x0000f766                free
 .text.fputs    0x0000f796       0x2c c:/nxp/mcuxpressoide_11.0.1_2563/ide/plugins/com.nxp.mcuxpresso.tools.win32_11.0.1.201907311258/tools/bin/../lib/gcc/arm-none-eabi/8.2.1/../../../../arm-none-eabi/lib/thumb/v7e-m/nofp\libcr_c.a(fputs.o)
                0x0000f796                fputs
 .text.memcmp   0x0000f7c2       0x44 c:/nxp/mcuxpressoide_11.0.1_2563/ide/plugins/com.nxp.mcuxpresso.tools.win32_11.0.1.201907311258/tools/bin/../lib/gcc/arm-none-eabi/8.2.1/../../../../arm-none-eabi/lib/thumb/v7e-m/nofp\libcr_c.a(memcmp.o)
                0x0000f7c2                memcmp
 .text.no_fp_display
                0x0000f806        0x4 c:/nxp/mcuxpressoide_11.0.1_2563/ide/plugins/com.nxp.mcuxpresso.tools.win32_11.0.1.201907311258/tools/bin/../lib/gcc/arm-none-eabi/8.2.1/../../../../arm-none-eabi/lib/thumb/v7e-m/nofp\libcr_c.a(printf.o)
 .text.strchr   0x0000f80a       0x18 c:/nxp/mcuxpressoide_11.0.1_2563/ide/plugins/com.nxp.mcuxpresso.tools.win32_11.0.1.201907311258/tools/bin/../lib/gcc/arm-none-eabi/8.2.1/../../../../arm-none-eabi/lib/thumb/v7e-m/nofp\libcr_c.a(strchr.o)
                0x0000f80a                strchr
 .text.strcmp   0x0000f822       0x46 c:/nxp/mcuxpressoide_11.0.1_2563/ide/plugins/com.nxp.mcuxpresso.tools.win32_11.0.1.201907311258/tools/bin/../lib/gcc/arm-none-eabi/8.2.1/../../../../arm-none-eabi/lib/thumb/v7e-m/nofp\libcr_c.a(strcmp.o)
                0x0000f822                strcmp
 .text.strlen   0x0000f868       0x4c c:/nxp/mcuxpressoide_11.0.1_2563/ide/plugins/com.nxp.mcuxpresso.tools.win32_11.0.1.201907311258/tools/bin/../lib/gcc/arm-none-eabi/8.2.1/../../../../arm-none-eabi/lib/thumb/v7e-m/nofp\libcr_c.a(strlen.o)
                0x0000f868                strlen
 .text.strncmp  0x0000f8b4       0x58 c:/nxp/mcuxpressoide_11.0.1_2563/ide/plugins/com.nxp.mcuxpresso.tools.win32_11.0.1.201907311258/tools/bin/../lib/gcc/arm-none-eabi/8.2.1/../../../../arm-none-eabi/lib/thumb/v7e-m/nofp\libcr_c.a(strncmp.o)
                0x0000f8b4                strncmp
 .text.strstr   0x0000f90c       0x20 c:/nxp/mcuxpressoide_11.0.1_2563/ide/plugins/com.nxp.mcuxpresso.tools.win32_11.0.1.201907311258/tools/bin/../lib/gcc/arm-none-eabi/8.2.1/../../../../arm-none-eabi/lib/thumb/v7e-m/nofp\libcr_c.a(strstr.o)
                0x0000f90c                strstr
 .text._fdopen  0x0000f92c       0x68 c:/nxp/mcuxpressoide_11.0.1_2563/ide/plugins/com.nxp.mcuxpresso.tools.win32_11.0.1.201907311258/tools/bin/../lib/gcc/arm-none-eabi/8.2.1/../../../../arm-none-eabi/lib/thumb/v7e-m/nofp\libcr_c.a(_fdopen.o)
                0x0000f92c                _fdopen
 .text.fclose   0x0000f994       0x58 c:/nxp/mcuxpressoide_11.0.1_2563/ide/plugins/com.nxp.mcuxpresso.tools.win32_11.0.1.201907311258/tools/bin/../lib/gcc/arm-none-eabi/8.2.1/../../../../arm-none-eabi/lib/thumb/v7e-m/nofp\libcr_c.a(fclose.o)
                0x0000f994                fclose
 .text.remove   0x0000f9ec       0x14 c:/nxp/mcuxpressoide_11.0.1_2563/ide/plugins/com.nxp.mcuxpresso.tools.win32_11.0.1.201907311258/tools/bin/../lib/gcc/arm-none-eabi/8.2.1/../../../../arm-none-eabi/lib/thumb/v7e-m/nofp\libcr_c.a(remove.o)
                0x0000f9ec                remove
 .text._do_fflush
                0x0000fa00       0x40 c:/nxp/mcuxpressoide_11.0.1_2563/ide/plugins/com.nxp.mcuxpresso.tools.win32_11.0.1.201907311258/tools/bin/../lib/gcc/arm-none-eabi/8.2.1/../../../../arm-none-eabi/lib/thumb/v7e-m/nofp\libcr_c.a(_do_fflush.o)
                0x0000fa00                _do_fflush
 .text.__aeabi_division_uldivmod
                0x0000fa40      0x174 c:/nxp/mcuxpressoide_11.0.1_2563/ide/plugins/com.nxp.mcuxpresso.tools.win32_11.0.1.201907311258/tools/bin/../lib/gcc/arm-none-eabi/8.2.1/thumb/v7e-m/nofp\libcr_eabihelpers.a(division_64.o)
                0x0000fa40                __aeabi_uldivmod
                0x0000fa44                __bhs_ldivmod1
 .text.__aeabi_division_idiv0
                0x0000fbb4        0x2 c:/nxp/mcuxpressoide_11.0.1_2563/ide/plugins/com.nxp.mcuxpresso.tools.win32_11.0.1.201907311258/tools/bin/../lib/gcc/arm-none-eabi/8.2.1/thumb/v7e-m/nofp\libcr_eabihelpers.a(division_idiv0.o)
                0x0000fbb4                __aeabi_idiv0
 .text.__aeabi_memcpy
                0x0000fbb6       0x34 c:/nxp/mcuxpressoide_11.0.1_2563/ide/plugins/com.nxp.mcuxpresso.tools.win32_11.0.1.201907311258/tools/bin/../lib/gcc/arm-none-eabi/8.2.1/thumb/v7e-m/nofp\libcr_eabihelpers.a(memcpy.o)
                0x0000fbb6                __aeabi_memcpy
                0x0000fbc0                __aeabi_memcpy8
                0x0000fbc0                __aeabi_memcpy4
 .text.__aeabi_memset_lowlevel
                0x0000fbea       0x32 c:/nxp/mcuxpressoide_11.0.1_2563/ide/plugins/com.nxp.mcuxpresso.tools.win32_11.0.1.201907311258/tools/bin/../lib/gcc/arm-none-eabi/8.2.1/thumb/v7e-m/nofp\libcr_eabihelpers.a(memcpy.o)
                0x0000fbea                __aeabi_lowlevel_memset
 .text.__sys_close
                0x0000fc1c        0xc c:/nxp/mcuxpressoide_11.0.1_2563/ide/plugins/com.nxp.mcuxpresso.tools.win32_11.0.1.201907311258/tools/bin/../lib/gcc/arm-none-eabi/8.2.1/../../../../arm-none-eabi/lib/thumb/v7e-m/nofp\libcr_semihost_nf.a(__sys_close.o)
                0x0000fc1c                __sys_close
 .text.__sys_flen
                0x0000fc28        0xc c:/nxp/mcuxpressoide_11.0.1_2563/ide/plugins/com.nxp.mcuxpresso.tools.win32_11.0.1.201907311258/tools/bin/../lib/gcc/arm-none-eabi/8.2.1/../../../../arm-none-eabi/lib/thumb/v7e-m/nofp\libcr_semihost_nf.a(__sys_flen.o)
                0x0000fc28                __sys_flen
 .text.__sys_istty
                0x0000fc34        0xc c:/nxp/mcuxpressoide_11.0.1_2563/ide/plugins/com.nxp.mcuxpresso.tools.win32_11.0.1.201907311258/tools/bin/../lib/gcc/arm-none-eabi/8.2.1/../../../../arm-none-eabi/lib/thumb/v7e-m/nofp\libcr_semihost_nf.a(__sys_istty.o)
                0x0000fc34                __sys_istty
 .text.__sys_remove
                0x0000fc40        0xc c:/nxp/mcuxpressoide_11.0.1_2563/ide/plugins/com.nxp.mcuxpresso.tools.win32_11.0.1.201907311258/tools/bin/../lib/gcc/arm-none-eabi/8.2.1/../../../../arm-none-eabi/lib/thumb/v7e-m/nofp\libcr_semihost_nf.a(__sys_remove.o)
                0x0000fc40                __sys_remove
 .text.__sys_seek
                0x0000fc4c        0xc c:/nxp/mcuxpressoide_11.0.1_2563/ide/plugins/com.nxp.mcuxpresso.tools.win32_11.0.1.201907311258/tools/bin/../lib/gcc/arm-none-eabi/8.2.1/../../../../arm-none-eabi/lib/thumb/v7e-m/nofp\libcr_semihost_nf.a(__sys_seek.o)
                0x0000fc4c                __sys_seek
 .text.__sys_tmpnam
                0x0000fc58        0xc c:/nxp/mcuxpressoide_11.0.1_2563/ide/plugins/com.nxp.mcuxpresso.tools.win32_11.0.1.201907311258/tools/bin/../lib/gcc/arm-none-eabi/8.2.1/../../../../arm-none-eabi/lib/thumb/v7e-m/nofp\libcr_semihost_nf.a(__sys_tmpnam.o)
                0x0000fc58                __sys_tmpnam
 .text.__sys_write
                0x0000fc64        0xc c:/nxp/mcuxpressoide_11.0.1_2563/ide/plugins/com.nxp.mcuxpresso.tools.win32_11.0.1.201907311258/tools/bin/../lib/gcc/arm-none-eabi/8.2.1/../../../../arm-none-eabi/lib/thumb/v7e-m/nofp\libcr_semihost_nf.a(__sys_write.o)
                0x0000fc64                __sys_write
 *(SORT_BY_ALIGNMENT(.rodata) SORT_BY_ALIGNMENT(.rodata.*) SORT_BY_ALIGNMENT(.constdata) SORT_BY_ALIGNMENT(.constdata.*))
 .rodata        0x0000fc70      0x11e ./source/lwip_httpsrv_bm.o
 *fill*         0x0000fd8e        0x2 ff
 .rodata.ethbroadcast
                0x0000fd90        0x6 ./lwip/src/netif/ethernet.o
                0x0000fd90                ethbroadcast
 *fill*         0x0000fd96        0x2 ff
 .rodata.ethzero
                0x0000fd98        0x6 ./lwip/src/netif/ethernet.o
                0x0000fd98                ethzero
 *fill*         0x0000fd9e        0x2 ff
 .rodata        0x0000fda0       0x31 ./lwip/src/netif/ethernet.o
 *fill*         0x0000fdd1        0x3 ff
 .rodata        0x0000fdd4      0x497 ./lwip/src/core/ipv4/dhcp.o
 *fill*         0x0001026b        0x1 ff
 .rodata        0x0001026c      0x205 ./lwip/src/core/ipv4/etharp.o
 *fill*         0x00010471        0x3 ff
 .rodata        0x00010474       0x98 ./lwip/src/core/ipv4/icmp.o
 .rodata        0x0001050c       0x39 ./lwip/src/core/ipv4/ip4.o
 *fill*         0x00010545        0x3 ff
 .rodata.ip_addr_any
                0x00010548        0x4 ./lwip/src/core/ipv4/ip4_addr.o
                0x00010548                ip_addr_any
 .rodata.ip_addr_broadcast
                0x0001054c        0x4 ./lwip/src/core/ipv4/ip4_addr.o
                0x0001054c                ip_addr_broadcast
 .rodata        0x00010550      0x1bc ./lwip/src/core/ipv4/ip4_frag.o
 .rodata        0x0001070c       0x48 ./lwip/src/core/def.o
 .rodata        0x00010754      0x1a3 ./lwip/src/core/mem.o
 *fill*         0x000108f7        0x1 ff
 .rodata        0x000108f8       0xfb ./lwip/src/core/memp.o
 *fill*         0x000109f3        0x1 ff
 .rodata.memp_UDP_PCB
                0x000109f4       0x10 ./lwip/src/core/memp.o
                0x000109f4                memp_UDP_PCB
 .rodata.memp_TCP_PCB
                0x00010a04       0x10 ./lwip/src/core/memp.o
                0x00010a04                memp_TCP_PCB
 .rodata.memp_TCP_PCB_LISTEN
                0x00010a14       0x10 ./lwip/src/core/memp.o
                0x00010a14                memp_TCP_PCB_LISTEN
 .rodata.memp_TCP_SEG
                0x00010a24       0x10 ./lwip/src/core/memp.o
                0x00010a24                memp_TCP_SEG
 .rodata.memp_REASSDATA
                0x00010a34       0x10 ./lwip/src/core/memp.o
                0x00010a34                memp_REASSDATA
 .rodata.memp_FRAG_PBUF
                0x00010a44       0x10 ./lwip/src/core/memp.o
                0x00010a44                memp_FRAG_PBUF
 .rodata.memp_SYS_TIMEOUT
                0x00010a54       0x10 ./lwip/src/core/memp.o
                0x00010a54                memp_SYS_TIMEOUT
 .rodata.memp_PBUF
                0x00010a64       0x10 ./lwip/src/core/memp.o
                0x00010a64                memp_PBUF
 .rodata.memp_PBUF_POOL
                0x00010a74       0x10 ./lwip/src/core/memp.o
                0x00010a74                memp_PBUF_POOL
 .rodata.memp_pools
                0x00010a84       0x24 ./lwip/src/core/memp.o
                0x00010a84                memp_pools
 .rodata        0x00010aa8       0x17 ./lwip/src/core/netif.o
 *fill*         0x00010abf        0x1 ff
 .rodata        0x00010ac0      0x49d ./lwip/src/core/pbuf.o
 *fill*         0x00010f5d        0x3 ff
 .rodata        0x00010f60      0x451 ./lwip/src/core/tcp.o
 *fill*         0x000113b1        0x3 ff
 .rodata.tcp_backoff
                0x000113b4        0xd ./lwip/src/core/tcp.o
 *fill*         0x000113c1        0x3 ff
 .rodata.tcp_persist_backoff
                0x000113c4        0x7 ./lwip/src/core/tcp.o
 *fill*         0x000113cb        0x1 ff
 .rodata.tcp_pcb_lists
                0x000113cc       0x10 ./lwip/src/core/tcp.o
                0x000113cc                tcp_pcb_lists
 .rodata        0x000113dc      0x2c7 ./lwip/src/core/tcp_in.o
 *fill*         0x000116a3        0x1 ff
 .rodata        0x000116a4      0x3df ./lwip/src/core/tcp_out.o
 *fill*         0x00011a83        0x1 ff
 .rodata.lwip_cyclic_timers
                0x00011a84       0x28 ./lwip/src/core/timeouts.o
                0x00011a84                lwip_cyclic_timers
 .rodata        0x00011aac       0x3d ./lwip/src/core/timeouts.o
 *fill*         0x00011ae9        0x3 ff
 .rodata        0x00011aec       0x42 ./lwip/src/core/udp.o
 *fill*         0x00011b2e        0x2 ff
 .rodata.data__img_sics_gif
                0x00011b30      0x34f ./lwip/src/apps/httpd/fs.o
 *fill*         0x00011e7f        0x1 ff
 .rodata.data__404_html
                0x00011e80      0x2b8 ./lwip/src/apps/httpd/fs.o
 .rodata.file__img_sics_gif
                0x00012138       0x14 ./lwip/src/apps/httpd/fs.o
                0x00012138                file__img_sics_gif
 .rodata.file__404_html
                0x0001214c       0x14 ./lwip/src/apps/httpd/fs.o
                0x0001214c                file__404_html
 .rodata.generated_html
                0x00012160      0x215 ./lwip/src/apps/httpd/fs.o
                0x00012160                generated_html
 *fill*         0x00012375        0x3 ff
 .rodata        0x00012378        0xc ./lwip/src/apps/httpd/fs.o
 .rodata        0x00012384      0x602 ./lwip/src/apps/httpd/httpd.o
 *fill*         0x00012986        0x2 ff
 .rodata.g_psHTTPHeaders
                0x00012988       0xa0 ./lwip/src/apps/httpd/httpd.o
 .rodata.g_psDefaultFilenames
                0x00012a28       0x28 ./lwip/src/apps/httpd/httpd.o
                0x00012a28                g_psDefaultFilenames
 .rodata        0x00012a50       0x2a ./lwip/port/ethernetif.o
 *fill*         0x00012a7a        0x2 ff
 .rodata        0x00012a7c        0x3 ./lwip/port/sys_arch.o
 *fill*         0x00012a7f        0x1 ff
 .rodata        0x00012a80      0x149 ./drivers/fsl_clock.o
 *fill*         0x00012bc9        0x3 ff
 .rodata.fllFactorTable.6401
                0x00012bcc       0x10 ./drivers/fsl_clock.o
 .rodata.s_enetClock
                0x00012bdc        0x4 ./drivers/fsl_enet.o
                0x00012bdc                s_enetClock
 .rodata        0x00012be0      0x7bc ./drivers/fsl_enet.o
 .rodata.s_uartBases
                0x0001339c       0x18 ./drivers/fsl_uart.o
 .rodata.s_uartClock
                0x000133b4       0x18 ./drivers/fsl_uart.o
 .rodata        0x000133cc      0x513 ./drivers/fsl_uart.o
 *fill*         0x000138df        0x1 ff
 .rodata.mcgConfig_BOARD_BootClockRUN
                0x000138e0        0xb ./board/clock_config.o
                0x000138e0                mcgConfig_BOARD_BootClockRUN
 *fill*         0x000138eb        0x1 ff
 .rodata.simConfig_BOARD_BootClockRUN
                0x000138ec        0x8 ./board/clock_config.o
                0x000138ec                simConfig_BOARD_BootClockRUN
 .rodata.oscConfig_BOARD_BootClockRUN
                0x000138f4        0x8 ./board/clock_config.o
                0x000138f4                oscConfig_BOARD_BootClockRUN
 .rodata        0x000138fc       0x64 ./board/fsl_phy.o
 .rodata        0x00013960       0x23 ./board/pin_mux.o
 *fill*         0x00013983        0x1 ff
 .rodata.__num_Ciob_streams
                0x00013984        0x4 c:/nxp/mcuxpressoide_11.0.1_2563/ide/plugins/com.nxp.mcuxpresso.tools.win32_11.0.1.201907311258/tools/bin/../lib/gcc/arm-none-eabi/8.2.1/../../../../arm-none-eabi/lib/thumb/v7e-m/nofp\libcr_semihost_nf.a(__ciob.o)
                0x00013984                __num_Ciob_streams
 .rodata.__assertion_failed.str1.1
                0x00013988       0x15 c:/nxp/mcuxpressoide_11.0.1_2563/ide/plugins/com.nxp.mcuxpresso.tools.win32_11.0.1.201907311258/tools/bin/../lib/gcc/arm-none-eabi/8.2.1/../../../../arm-none-eabi/lib/thumb/v7e-m/nofp\libcr_semihost_nf.a(_cr_assert.o)
 .rodata._Csys_alloc.str1.1
                0x0001399d       0x18 c:/nxp/mcuxpressoide_11.0.1_2563/ide/plugins/com.nxp.mcuxpresso.tools.win32_11.0.1.201907311258/tools/bin/../lib/gcc/arm-none-eabi/8.2.1/../../../../arm-none-eabi/lib/thumb/v7e-m/nofp\libcr_c.a(alloc.o)
 .rodata._initio.str1.1
                0x000139b5        0x4 c:/nxp/mcuxpressoide_11.0.1_2563/ide/plugins/com.nxp.mcuxpresso.tools.win32_11.0.1.201907311258/tools/bin/../lib/gcc/arm-none-eabi/8.2.1/../../../../arm-none-eabi/lib/thumb/v7e-m/nofp\libcr_c.a(initio.o)
 .rodata.__vfprintf.str1.1
                0x000139b9       0x35 c:/nxp/mcuxpressoide_11.0.1_2563/ide/plugins/com.nxp.mcuxpresso.tools.win32_11.0.1.201907311258/tools/bin/../lib/gcc/arm-none-eabi/8.2.1/../../../../arm-none-eabi/lib/thumb/v7e-m/nofp\libcr_c.a(printf.o)
                                 0x38 (size before relaxing)
                0x000139f0                . = ALIGN (0x4)
 *fill*         0x000139ee        0x2 ff

.glue_7         0x000139f0        0x0
 .glue_7        0x000139f0        0x0 linker stubs

.glue_7t        0x000139f0        0x0
 .glue_7t       0x000139f0        0x0 linker stubs

.vfp11_veneer   0x000139f0        0x0
 .vfp11_veneer  0x000139f0        0x0 linker stubs

.v4_bx          0x000139f0        0x0
 .v4_bx         0x000139f0        0x0 linker stubs

.iplt           0x000139f0        0x0
 .iplt          0x000139f0        0x0 ./utilities/fsl_debug_console.o

.rel.dyn        0x000139f0        0x0
 .rel.iplt      0x000139f0        0x0 ./utilities/fsl_debug_console.o

.ARM.extab
 *(SORT_BY_ALIGNMENT(.ARM.extab*) SORT_BY_ALIGNMENT(.gnu.linkonce.armextab.*))
                0x000139f0                __exidx_start = .

.ARM.exidx
 *(SORT_BY_ALIGNMENT(.ARM.exidx*) SORT_BY_ALIGNMENT(.gnu.linkonce.armexidx.*))
                0x000139f0                __exidx_end = .
                0x000139f0                _etext = .

.m_usb_data
 *(SORT_BY_ALIGNMENT(m_usb_bdt))

.data_RAM2      0x1fff0000        0x0 load address 0x000139f0
 FILL mask 0xff
                [!provide]                PROVIDE (__start_data_RAM2 = .)
 *(SORT_BY_ALIGNMENT(.ramfunc.$RAM2))
 *(SORT_BY_ALIGNMENT(.ramfunc.$SRAM_LOWER))
 *(SORT_BY_ALIGNMENT(.data.$RAM2))
 *(SORT_BY_ALIGNMENT(.data.$SRAM_LOWER))
 *(SORT_BY_ALIGNMENT(.data.$RAM2.*))
 *(SORT_BY_ALIGNMENT(.data.$SRAM_LOWER.*))
                0x1fff0000                . = ALIGN (0x4)
                [!provide]                PROVIDE (__end_data_RAM2 = .)

.data_RAM3      0x14000000        0x0 load address 0x000139f0
 FILL mask 0xff
                [!provide]                PROVIDE (__start_data_RAM3 = .)
 *(SORT_BY_ALIGNMENT(.ramfunc.$RAM3))
 *(SORT_BY_ALIGNMENT(.ramfunc.$FLEX_RAM))
 *(SORT_BY_ALIGNMENT(.data.$RAM3))
 *(SORT_BY_ALIGNMENT(.data.$FLEX_RAM))
 *(SORT_BY_ALIGNMENT(.data.$RAM3.*))
 *(SORT_BY_ALIGNMENT(.data.$FLEX_RAM.*))
                0x14000000                . = ALIGN (0x4)
                [!provide]                PROVIDE (__end_data_RAM3 = .)

.uninit_RESERVED
                0x20000000        0x0
                0x20000000                . = ALIGN (0x4)
 *(SORT_BY_ALIGNMENT(.bss.$RESERVED*))
                0x20000000                . = ALIGN (0x4)
                0x20000000                _end_uninit_RESERVED = .

.data           0x20000000       0x1c load address 0x000139f0
 FILL mask 0xff
                0x20000000                _data = .
 *(SORT_BY_ALIGNMENT(vtable))
 *(SORT_BY_ALIGNMENT(.ramfunc*))
 *(SORT_BY_ALIGNMENT(CodeQuickAccess))
 *(SORT_BY_ALIGNMENT(DataQuickAccess))
 *(SORT_BY_ALIGNMENT(RamFunction))
 *(SORT_BY_ALIGNMENT(.data*))
 .data.dhcp_discover_request_options
                0x20000000        0x4 ./lwip/src/core/ipv4/dhcp.o
 .data.xid.7428
                0x20000004        0x4 ./lwip/src/core/ipv4/dhcp.o
 .data.iss.7444
                0x20000008        0x4 ./lwip/src/core/tcp.o
 .data.s_slowIrcFreq
                0x2000000c        0x4 ./drivers/fsl_clock.o
 .data.s_fastIrcFreq
                0x20000010        0x4 ./drivers/fsl_clock.o
 .data.SystemCoreClock
                0x20000014        0x4 ./CMSIS/system_MK60D10.o
                0x20000014                SystemCoreClock
 .data.tcp_port
                0x20000018        0x2 ./lwip/src/core/tcp.o
 .data.udp_port
                0x2000001a        0x2 ./lwip/src/core/udp.o
                0x2000001c                . = ALIGN (0x4)
                0x2000001c                _edata = .

.igot.plt       0x2000001c        0x0 load address 0x00013a0c
 .igot.plt      0x2000001c        0x0 ./utilities/fsl_debug_console.o

.bss_RAM2       0x1fff0000        0x0
                0x1fff0000                . = ALIGN (0x4)
                [!provide]                PROVIDE (__start_bss_RAM2 = .)
 *(SORT_BY_ALIGNMENT(.bss.$RAM2))
 *(SORT_BY_ALIGNMENT(.bss.$SRAM_LOWER))
 *(SORT_BY_ALIGNMENT(.bss.$RAM2.*))
 *(SORT_BY_ALIGNMENT(.bss.$SRAM_LOWER.*))
                0x1fff0000                . = ALIGN ((. != 0x0)?0x4:0x1)
                [!provide]                PROVIDE (__end_bss_RAM2 = .)

.bss_RAM3       0x14000000        0x0
                0x14000000                . = ALIGN (0x4)
                [!provide]                PROVIDE (__start_bss_RAM3 = .)
 *(SORT_BY_ALIGNMENT(.bss.$RAM3))
 *(SORT_BY_ALIGNMENT(.bss.$FLEX_RAM))
 *(SORT_BY_ALIGNMENT(.bss.$RAM3.*))
 *(SORT_BY_ALIGNMENT(.bss.$FLEX_RAM.*))
                0x14000000                . = ALIGN ((. != 0x0)?0x4:0x1)
                [!provide]                PROVIDE (__end_bss_RAM3 = .)

.bss            0x2000001c     0xd7c0
                0x2000001c                . = ALIGN (0x4)
                0x2000001c                _bss = .
 *(SORT_BY_ALIGNMENT(.bss*))
 .bss.s_debugConsole
                0x2000001c       0x10 ./utilities/fsl_debug_console.o
 .bss.dhcp_pcb  0x2000002c        0x4 ./lwip/src/core/ipv4/dhcp.o
 .bss.arp_table
                0x20000030       0xf0 ./lwip/src/core/ipv4/etharp.o
 .bss.reassdatagrams