startup_mk60d10.c:587:14:NMI_Handler	0	static
startup_mk60d10.c:591:14:HardFault_Handler	0	static
startup_mk60d10.c:595:14:MemManage_Handler	0	static
startup_mk60d10.c:599:14:BusFault_Handler	0	static
startup_mk60d10.c:603:14:UsageFault_Handler	0	static
startup_mk60d10.c:607:14:SVC_Handler	0	static
startup_mk60d10.c:611:14:DebugMon_Handler	0	static
startup_mk60d10.c:615:14:PendSV_Handler	0	static
startup_mk60d10.c:619:14:SysTick_Handler	0	static
startup_mk60d10.c:448:6:data_init	4	static
startup_mk60d10.c:457:6:bss_init	0	static
startup_mk60d10.c:482:6:ResetISR	8	static
startup_mk60d10.c:627:14:IntDefaultHandler	0	static
startup_mk60d10.c:637:11:DMA0_IRQHandler	8	static
startup_mk60d10.c:641:11:DMA1_IRQHandler	8	static
startup_mk60d10.c:645:11:DMA2_IRQHandler	8	static
startup_mk60d10.c:649:11:DMA3_IRQHandler	8	static
startup_mk60d10.c:653:11:DMA4_IRQHandler	8	static
startup_mk60d10.c:657:11:DMA5_IRQHandler	8	static
startup_mk60d10.c:661:11:DMA6_IRQHandler	8	static
startup_mk60d10.c:665:11:DMA7_IRQHandler	8	static
startup_mk60d10.c:669:11:DMA8_IRQHandler	8	static
startup_mk60d10.c:673:11:DMA9_IRQHandler	8	static
startup_mk60d10.c:677:11:DMA10_IRQHandler	8	static
startup_mk60d10.c:681:11:DMA11_IRQHandler	8	static
startup_mk60d10.c:685:11:DMA12_IRQHandler	8	static
startup_mk60d10.c:689:11:DMA13_IRQHandler	8	static
startup_mk60d10.c:693:11:DMA14_IRQHandler	8	static
startup_mk60d10.c:697:11:DMA15_IRQHandler	8	static
startup_mk60d10.c:701:11:DMA_Error_IRQHandler	8	static
startup_mk60d10.c:705:11:MCM_IRQHandler	8	static
startup_mk60d10.c:709:11:FTFL_IRQHandler	8	static
startup_mk60d10.c:713:11:Read_Collision_IRQHandler	8	static
startup_mk60d10.c:717:11:LVD_LVW_IRQHandler	8	static
startup_mk60d10.c:721:11:LLWU_IRQHandler	8	static
startup_mk60d10.c:725:11:WDOG_EWM_IRQHandler	8	static
startup_mk60d10.c:729:11:RNG_IRQHandler	8	static
startup_mk60d10.c:733:11:I2C0_IRQHandler	8	static
startup_mk60d10.c:737:11:I2C1_IRQHandler	8	static
startup_mk60d10.c:741:11:SPI0_IRQHandler	8	static
startup_mk60d10.c:745:11:SPI1_IRQHandler	8	static
startup_mk60d10.c:749:11:SPI2_IRQHandler	8	static
startup_mk60d10.c:753:11:CAN0_ORed_Message_buffer_IRQHandler	8	static
startup_mk60d10.c:757:11:CAN0_Bus_Off_IRQHandler	8	static
startup_mk60d10.c:761:11:CAN0_Error_IRQHandler	8	static
startup_mk60d10.c:765:11:CAN0_Tx_Warning_IRQHandler	8	static
startup_mk60d10.c:769:11:CAN0_Rx_Warning_IRQHandler	8	static
startup_mk60d10.c:773:11:CAN0_Wake_Up_IRQHandler	8	static
startup_mk60d10.c:777:11:I2S0_Tx_IRQHandler	8	static
startup_mk60d10.c:781:11:I2S0_Rx_IRQHandler	8	static
startup_mk60d10.c:785:11:CAN1_ORed_Message_buffer_IRQHandler	8	static
startup_mk60d10.c:789:11:CAN1_Bus_Off_IRQHandler	8	static
startup_mk60d10.c:793:11:CAN1_Error_IRQHandler	8	static
startup_mk60d10.c:797:11:CAN1_Tx_Warning_IRQHandler	8	static
startup_mk60d10.c:801:11:CAN1_Rx_Warning_IRQHandler	8	static
startup_mk60d10.c:805:11:CAN1_Wake_Up_IRQHandler	8	static
startup_mk60d10.c:809:11:Reserved59_IRQHandler	8	static
startup_mk60d10.c:813:11:UART0_LON_IRQHandler	8	static
startup_mk60d10.c:817:11:UART0_RX_TX_IRQHandler	8	static
startup_mk60d10.c:821:11:UART0_ERR_IRQHandler	8	static
startup_mk60d10.c:825:11:UART1_RX_TX_IRQHandler	8	static
startup_mk60d10.c:829:11:UART1_ERR_IRQHandler	8	static
startup_mk60d10.c:833:11:UART2_RX_TX_IRQHandler	8	static
startup_mk60d10.c:837:11:UART2_ERR_IRQHandler	8	static
startup_mk60d10.c:841:11:UART3_RX_TX_IRQHandler	8	static
startup_mk60d10.c:845:11:UART3_ERR_IRQHandler	8	static
startup_mk60d10.c:849:11:UART4_RX_TX_IRQHandler	8	static
startup_mk60d10.c:853:11:UART4_ERR_IRQHandler	8	static
startup_mk60d10.c:857:11:UART5_RX_TX_IRQHandler	8	static
startup_mk60d10.c:861:11:UART5_ERR_IRQHandler	8	static
startup_mk60d10.c:865:11:ADC0_IRQHandler	8	static
startup_mk60d10.c:869:11:ADC1_IRQHandler	8	static
startup_mk60d10.c:873:11:CMP0_IRQHandler	8	static
startup_mk60d10.c:877:11:CMP1_IRQHandler	8	static
startup_mk60d10.c:881:11:CMP2_IRQHandler	8	static
startup_mk60d10.c:885:11:FTM0_IRQHandler	8	static
startup_mk60d10.c:889:11:FTM1_IRQHandler	8	static
startup_mk60d10.c:893:11:FTM2_IRQHandler	8	static
startup_mk60d10.c:897:11:CMT_IRQHandler	8	static
startup_mk60d10.c:901:11:RTC_IRQHandler	8	static
startup_mk60d10.c:905:11:RTC_Seconds_IRQHandler	8	static
startup_mk60d10.c:909:11:PIT0_IRQHandler	8	static
startup_mk60d10.c:913:11:PIT1_IRQHandler	8	static
startup_mk60d10.c:917:11:PIT2_IRQHandler	8	static
startup_mk60d10.c:921:11:PIT3_IRQHandler	8	static
startup_mk60d10.c:925:11:PDB0_IRQHandler	8	static
startup_mk60d10.c:929:11:USB0_IRQHandler	8	static
startup_mk60d10.c:933:11:USBDCD_IRQHandler	8	static
startup_mk60d10.c:937:11:ENET_1588_Timer_IRQHandler	8	static
startup_mk60d10.c:941:11:ENET_Transmit_IRQHandler	8	static
startup_mk60d10.c:945:11:ENET_Receive_IRQHandler	8	static
startup_mk60d10.c:949:11:ENET_Error_IRQHandler	8	static
startup_mk60d10.c:953:11:Reserved95_IRQHandler	8	static
startup_mk60d10.c:957:11:SDHC_IRQHandler	8	static
startup_mk60d10.c:961:11:DAC0_IRQHandler	8	static
startup_mk60d10.c:965:11:DAC1_IRQHandler	8	static
startup_mk60d10.c:969:11:TSI0_IRQHandler	8	static
startup_mk60d10.c:973:11:MCG_IRQHandler	8	static
startup_mk60d10.c:977:11:LPTMR0_IRQHandler	8	static
startup_mk60d10.c:981:11:Reserved102_IRQHandler	8	static
startup_mk60d10.c:985:11:PORTA_IRQHandler	8	static
startup_mk60d10.c:989:11:PORTB_IRQHandler	8	static
startup_mk60d10.c:993:11:PORTC_IRQHandler	8	static
startup_mk60d10.c:997:11:PORTD_IRQHandler	8	static
startup_mk60d10.c:1001:11:PORTE_IRQHandler	8	static
startup_mk60d10.c:1005:11:Reserved108_IRQHandler	8	static
startup_mk60d10.c:1009:11:Reserved109_IRQHandler	8	static
startup_mk60d10.c:1013:11:SWI_IRQHandler	8	static
