fsl_enet.c:988:13:ENET_UpdateReadBuffers	0	static
fsl_enet.c:1686:6:ENET_TransmitIRQHandler	24	static
fsl_enet.c:1712:6:ENET_ReceiveIRQHandler	24	static
fsl_enet.c:1730:6:ENET_ErrorIRQHandler	8	static
fsl_enet.c:267:10:ENET_GetInstance	0	static
fsl_enet.c:285:6:ENET_GetDefaultConfig	8	static
fsl_enet.c:357:6:ENET_Deinit	0	static
fsl_enet.c:371:6:ENET_SetCallback	0	static
fsl_enet.c:624:6:ENET_SetMII	8	static
fsl_enet.c:653:6:ENET_SetMacAddr	0	static
fsl_enet.c:666:6:ENET_GetMacAddr	0	static
fsl_enet.c:685:6:ENET_SetSMI	8	static
fsl_enet.c:302:6:ENET_Init	40	static
fsl_enet.c:702:6:ENET_StartSMIWrite	8	static
fsl_enet.c:712:6:ENET_StartSMIRead	0	static
fsl_enet.c:761:6:ENET_GetRxErrBeforeReadFrame	8	static
fsl_enet.c:836:10:ENET_GetRxFrameSize	12	static
fsl_enet.c:888:10:ENET_ReadFrame	32	static
fsl_enet.c:1011:10:ENET_SendFrame	40	static
fsl_enet.c:1128:6:ENET_AddMulticastGroup	20	static
fsl_enet.c:1167:6:ENET_LeaveMulticastGroup	20	static
fsl_enet.c:1795:6:ENET_CommonFrame0IRQHandler	16	static
fsl_enet.c:1821:6:ENET_Transmit_IRQHandler	0	static
fsl_enet.c:1826:6:ENET_Receive_IRQHandler	0	static
fsl_enet.c:1831:6:ENET_Error_IRQHandler	0	static
fsl_enet.c:1836:6:ENET_1588_Timer_IRQHandler	0	static
