fsl_clock.c:204:6:CLOCK_FllStableDelay	8	static
fsl_clock.c:224:17:CLOCK_GetMcgExtClkFreq	0	static
fsl_clock.c:248:17:CLOCK_GetFllExtRefClkFreq	8	static
fsl_clock.c:302:17:CLOCK_GetInternalRefClkSelectFreq	0	static
fsl_clock.c:356:10:CLOCK_GetOsc0ErClkFreq	0	static
fsl_clock.c:370:10:CLOCK_GetEr32kClkFreq	8	static
fsl_clock.c:490:6:CLOCK_SetSimConfig	8	static
fsl_clock.c:497:6:CLOCK_EnableUsbfs0Clock	12	static
fsl_clock.c:562:10:CLOCK_GetFllFreq	8	static
fsl_clock.c:588:10:CLOCK_GetInternalRefClkFreq	0	static
fsl_clock.c:614:10:CLOCK_GetPll0Freq	8	static
fsl_clock.c:394:10:CLOCK_GetPllFllSelClkFreq	0	static
fsl_clock.c:536:10:CLOCK_GetOutClkFreq	0	static
fsl_clock.c:419:10:CLOCK_GetFlashClkFreq	8	static
fsl_clock.c:424:10:CLOCK_GetFlexBusClkFreq	8	static
fsl_clock.c:429:10:CLOCK_GetBusClkFreq	8	static
fsl_clock.c:434:10:CLOCK_GetCoreSysClkFreq	8	static
fsl_clock.c:414:10:CLOCK_GetPlatClkFreq	0	static
fsl_clock.c:599:10:CLOCK_GetFixedFreqClkFreq	8	static
fsl_clock.c:439:10:CLOCK_GetFreq	8	static
fsl_clock.c:638:10:CLOCK_SetExternalRefClkConfig	8	static
fsl_clock.c:675:10:CLOCK_SetInternalRefClkConfig	16	static
fsl_clock.c:723:10:CLOCK_CalcPllDiv	36	static
fsl_clock.c:820:6:CLOCK_EnablePll0	0	static
fsl_clock.c:840:6:CLOCK_SetOsc0MonitorMode	0	static
fsl_clock.c:863:6:CLOCK_SetRtcOscMonitorMode	0	static
fsl_clock.c:880:6:CLOCK_SetPll0MonitorMode	0	static
fsl_clock.c:910:10:CLOCK_GetStatusFlags	0	static
fsl_clock.c:938:6:CLOCK_ClearStatusFlags	0	static
fsl_clock.c:957:6:CLOCK_InitOsc0	8	static
fsl_clock.c:975:6:CLOCK_DeinitOsc0	0	static
fsl_clock.c:981:10:CLOCK_TrimInternalRefClk	20	static
fsl_clock.c:1057:12:CLOCK_GetMode	0	static
fsl_clock.c:1157:10:CLOCK_SetFeiMode	16	static
fsl_clock.c:1217:10:CLOCK_SetFeeMode	24	static
fsl_clock.c:1295:10:CLOCK_SetFbiMode	24	static
fsl_clock.c:1359:10:CLOCK_SetFbeMode	16	static
fsl_clock.c:1442:10:CLOCK_SetBlpiMode	0	static
fsl_clock.c:1457:10:CLOCK_SetBlpeMode	0	static
fsl_clock.c:1472:10:CLOCK_SetPbeMode	16	static
fsl_clock.c:1513:10:CLOCK_SetPeeMode	0	static
fsl_clock.c:1534:10:CLOCK_ExternalModeToFbeModeQuick	0	static
fsl_clock.c:1560:10:CLOCK_InternalModeToFbiModeQuick	0	static
fsl_clock.c:1580:10:CLOCK_BootToFeiMode	0	static
fsl_clock.c:1585:10:CLOCK_BootToFeeMode	24	static
fsl_clock.c:1593:10:CLOCK_BootToBlpiMode	8	static
fsl_clock.c:1610:10:CLOCK_BootToBlpeMode	8	static
fsl_clock.c:1642:10:CLOCK_BootToPeeMode	16	static
fsl_clock.c:1688:10:CLOCK_SetMcgConfig	24	static
