dhcp.c:1361:1:dhcp_set_state	0	static
dhcp.c:1394:1:dhcp_option_short	16	static
dhcp.c:1376:1:dhcp_option	16	static
dhcp.c:1387:1:dhcp_option_byte	16	static
dhcp.c:1902:1:dhcp_option_trailer	8	static
dhcp.c:1402:1:dhcp_option_long	16	static
dhcp.c:1784:1:dhcp_create_msg	24	static
dhcp.c:1881:1:dhcp_delete_msg	8	static
dhcp.c:947:1:dhcp_discover	24	static
dhcp.c:338:1:dhcp_select	24	static
dhcp.c:1215:1:dhcp_reboot	24	static
dhcp.c:277:1:dhcp_check	16	static
dhcp.c:1003:1:dhcp_bind	24	static
dhcp.c:200:1:dhcp_inc_pcb_refcount	16	static
dhcp.c:571:1:dhcp_handle_ack.isra.0	16	static
dhcp.c:227:1:dhcp_dec_pcb_refcount	16	static
dhcp.c:1660:1:dhcp_recv	72	static
dhcp.c:662:1:dhcp_set_struct	16	static
dhcp.c:683:6:dhcp_cleanup	8	static
dhcp.c:788:1:dhcp_inform	80	static
dhcp.c:830:1:dhcp_network_changed	0	static
dhcp.c:873:1:dhcp_arp_reply	24	static
dhcp.c:1113:1:dhcp_renew	24	static
dhcp.c:1329:1:dhcp_stop	8	static
dhcp.c:707:1:dhcp_start	16	static
dhcp.c:1923:1:dhcp_supplied_address	0	static
dhcp.c:1266:1:dhcp_release	32	static
dhcp.c:395:1:dhcp_coarse_tmr	40	static
dhcp.c:435:1:dhcp_fine_tmr	16	static
