dhcp.c:200:1:dhcp_inc_pcb_refcount	8	static
dhcp.c:227:1:dhcp_dec_pcb_refcount	8	static
dhcp.c:251:1:dhcp_handle_nak	24	static
dhcp.c:277:1:dhcp_check	24	static
dhcp.c:306:1:dhcp_handle_offer	24	static
dhcp.c:338:1:dhcp_select	40	static
dhcp.c:395:1:dhcp_coarse_tmr	16	static
dhcp.c:435:1:dhcp_fine_tmr	16	static
dhcp.c:469:1:dhcp_timeout	24	static
dhcp.c:516:1:dhcp_t1_timeout	24	static
dhcp.c:544:1:dhcp_t2_timeout	24	static
dhcp.c:571:1:dhcp_handle_ack	24	static
dhcp.c:662:1:dhcp_set_struct	16	static
dhcp.c:683:6:dhcp_cleanup	16	static
dhcp.c:707:1:dhcp_start	24	static
dhcp.c:788:1:dhcp_inform	96	static
dhcp.c:830:1:dhcp_network_changed	24	static
dhcp.c:873:1:dhcp_arp_reply	24	static
dhcp.c:905:1:dhcp_decline	32	static
dhcp.c:947:1:dhcp_discover	40	static
dhcp.c:1003:1:dhcp_bind	40	static
dhcp.c:1113:1:dhcp_renew	40	static
dhcp.c:1165:1:dhcp_rebind	40	static
dhcp.c:1215:1:dhcp_reboot	40	static
dhcp.c:1266:1:dhcp_release	40	static
dhcp.c:1329:1:dhcp_stop	24	static
dhcp.c:1361:1:dhcp_set_state	16	static
dhcp.c:1376:1:dhcp_option	16	static
dhcp.c:1387:1:dhcp_option_byte	16	static
dhcp.c:1394:1:dhcp_option_short	24	static
dhcp.c:1402:1:dhcp_option_long	24	static
dhcp.c:1446:1:dhcp_parse_reply	72	static
dhcp.c:1660:1:dhcp_recv	40	static
dhcp.c:1784:1:dhcp_create_msg	40	static
dhcp.c:1881:1:dhcp_delete_msg	16	static
dhcp.c:1902:1:dhcp_option_trailer	16	static
dhcp.c:1923:1:dhcp_supplied_address	24	static
