ip4_frag.c:124:1:ip_reass_tmr	24	static
ip4_frag.c:160:1:ip_reass_free_complete_datagram	40	static
ip4_frag.c:223:1:ip_reass_remove_oldest_datagram	48	static
ip4_frag.c:274:1:ip_reass_enqueue_new_datagram	24	static
ip4_frag.c:313:1:ip_reass_dequeue_datagram	16	static
ip4_frag.c:339:1:ip_reass_chain_frag_into_datagram_and_validate	48	static
ip4_frag.c:484:1:ip4_reass	48	static
ip4_frag.c:644:1:ip_frag_alloc_pbuf_custom_ref	8	static
ip4_frag.c:651:1:ip_frag_free_pbuf_custom_ref	16	static
ip4_frag.c:660:1:ipfrag_free_pbuf_custom	24	static
ip4_frag.c:685:1:ip4_frag	80	static
