core_cm4.h:1626:22:NVIC_EnableIRQ	16	static
fsl_clock.h:695:20:CLOCK_EnableClock	24	static
fsl_clock.h:706:20:CLOCK_DisableClock	24	static
fsl_common.h:212:20:EnableIRQ	16	static
fsl_enet.h:621:20:ENET_Reset	16	static
fsl_enet.h:662:20:ENET_GetSMI	16	static
fsl_enet.h:795:20:ENET_EnableSleepMode	16	static
fsl_enet.h:847:20:ENET_EnableInterrupts	16	static
fsl_enet.c:267:10:ENET_GetInstance	24	static
fsl_enet.c:285:6:ENET_GetDefaultConfig	16	static
fsl_enet.c:302:6:ENET_Init	48	static
fsl_enet.c:357:6:ENET_Deinit	16	static
fsl_enet.c:371:6:ENET_SetCallback	24	static
fsl_enet.c:380:13:ENET_SetHandler	32	static
fsl_enet.c:417:13:ENET_SetMacController	48	static
fsl_enet.c:547:13:ENET_SetTxBufferDescriptors	32	static
fsl_enet.c:581:13:ENET_SetRxBufferDescriptors	32	static
fsl_enet.c:624:6:ENET_SetMII	24	static
fsl_enet.c:653:6:ENET_SetMacAddr	24	static
fsl_enet.c:666:6:ENET_GetMacAddr	24	static
fsl_enet.c:685:6:ENET_SetSMI	40	static
fsl_enet.c:702:6:ENET_StartSMIWrite	32	static
fsl_enet.c:712:6:ENET_StartSMIRead	32	static
fsl_enet.c:761:6:ENET_GetRxErrBeforeReadFrame	24	static
fsl_enet.c:836:10:ENET_GetRxFrameSize	24	static
fsl_enet.c:888:10:ENET_ReadFrame	48	static
fsl_enet.c:988:13:ENET_UpdateReadBuffers	16	static
fsl_enet.c:1011:10:ENET_SendFrame	40	static
fsl_enet.c:1128:6:ENET_AddMulticastGroup	32	static
fsl_enet.c:1167:6:ENET_LeaveMulticastGroup	32	static
fsl_enet.c:1686:6:ENET_TransmitIRQHandler	24	static
fsl_enet.c:1712:6:ENET_ReceiveIRQHandler	24	static
fsl_enet.c:1730:6:ENET_ErrorIRQHandler	32	static
fsl_enet.c:1795:6:ENET_CommonFrame0IRQHandler	24	static
fsl_enet.c:1821:6:ENET_Transmit_IRQHandler	8	static
fsl_enet.c:1826:6:ENET_Receive_IRQHandler	8	static
fsl_enet.c:1831:6:ENET_Error_IRQHandler	8	static
fsl_enet.c:1836:6:ENET_1588_Timer_IRQHandler	8	static
