Archive member included to satisfy reference by file (symbol)

c:/nxp/mcuxpressoide_11.0.1_2563/ide/plugins/com.nxp.mcuxpresso.tools.win32_11.0.1.201907311258/tools/bin/../lib/gcc/arm-none-eabi/8.2.1/../../../../arm-none-eabi/lib/thumb/v7e-m/nofp\libcr_semihost_nf.a(_cr__main.o)
                              ./startup/startup_mk60d10.o (__main)
c:/nxp/mcuxpressoide_11.0.1_2563/ide/plugins/com.nxp.mcuxpresso.tools.win32_11.0.1.201907311258/tools/bin/../lib/gcc/arm-none-eabi/8.2.1/../../../../arm-none-eabi/lib/thumb/v7e-m/nofp\libcr_c.a(memcpy.o)
                              ./lwip/src/netif/ethernet.o (memcpy)
c:/nxp/mcuxpressoide_11.0.1_2563/ide/plugins/com.nxp.mcuxpresso.tools.win32_11.0.1.201907311258/tools/bin/../lib/gcc/arm-none-eabi/8.2.1/../../../../arm-none-eabi/lib/thumb/v7e-m/nofp\libcr_c.a(memset.o)
                              ./lwip/src/core/ipv4/dhcp.o (memset)
c:/nxp/mcuxpressoide_11.0.1_2563/ide/plugins/com.nxp.mcuxpresso.tools.win32_11.0.1.201907311258/tools/bin/../lib/gcc/arm-none-eabi/8.2.1/../../../../arm-none-eabi/lib/thumb/v7e-m/nofp\libcr_c.a(initio.o)
                              c:/nxp/mcuxpressoide_11.0.1_2563/ide/plugins/com.nxp.mcuxpresso.tools.win32_11.0.1.201907311258/tools/bin/../lib/gcc/arm-none-eabi/8.2.1/../../../../arm-none-eabi/lib/thumb/v7e-m/nofp\libcr_semihost_nf.a(_cr__main.o) (_initio)
c:/nxp/mcuxpressoide_11.0.1_2563/ide/plugins/com.nxp.mcuxpresso.tools.win32_11.0.1.201907311258/tools/bin/../lib/gcc/arm-none-eabi/8.2.1/../../../../arm-none-eabi/lib/thumb/v7e-m/nofp\libcr_c.a(memcmp.o)
                              ./lwip/src/netif/ethernet.o (memcmp)
c:/nxp/mcuxpressoide_11.0.1_2563/ide/plugins/com.nxp.mcuxpresso.tools.win32_11.0.1.201907311258/tools/bin/../lib/gcc/arm-none-eabi/8.2.1/../../../../arm-none-eabi/lib/thumb/v7e-m/nofp\libcr_c.a(printf.o)
                              ./source/lwip_httpsrv_bm.o (_printf)
c:/nxp/mcuxpressoide_11.0.1_2563/ide/plugins/com.nxp.mcuxpresso.tools.win32_11.0.1.201907311258/tools/bin/../lib/gcc/arm-none-eabi/8.2.1/../../../../arm-none-eabi/lib/thumb/v7e-m/nofp\libcr_c.a(setvbuf.o)
                              c:/nxp/mcuxpressoide_11.0.1_2563/ide/plugins/com.nxp.mcuxpresso.tools.win32_11.0.1.201907311258/tools/bin/../lib/gcc/arm-none-eabi/8.2.1/../../../../arm-none-eabi/lib/thumb/v7e-m/nofp\libcr_c.a(initio.o) (setvbuf)
c:/nxp/mcuxpressoide_11.0.1_2563/ide/plugins/com.nxp.mcuxpresso.tools.win32_11.0.1.201907311258/tools/bin/../lib/gcc/arm-none-eabi/8.2.1/../../../../arm-none-eabi/lib/thumb/v7e-m/nofp\libcr_c.a(strchr.o)
                              ./lwip/src/apps/httpd/httpd.o (strchr)
c:/nxp/mcuxpressoide_11.0.1_2563/ide/plugins/com.nxp.mcuxpresso.tools.win32_11.0.1.201907311258/tools/bin/../lib/gcc/arm-none-eabi/8.2.1/../../../../arm-none-eabi/lib/thumb/v7e-m/nofp\libcr_c.a(strcmp.o)
                              ./lwip/src/apps/httpd/fs.o (strcmp)
c:/nxp/mcuxpressoide_11.0.1_2563/ide/plugins/com.nxp.mcuxpresso.tools.win32_11.0.1.201907311258/tools/bin/../lib/gcc/arm-none-eabi/8.2.1/../../../../arm-none-eabi/lib/thumb/v7e-m/nofp\libcr_c.a(strcpy.o)
                              ./lwip/src/apps/httpd/fs.o (strcpy)
c:/nxp/mcuxpressoide_11.0.1_2563/ide/plugins/com.nxp.mcuxpresso.tools.win32_11.0.1.201907311258/tools/bin/../lib/gcc/arm-none-eabi/8.2.1/../../../../arm-none-eabi/lib/thumb/v7e-m/nofp\libcr_c.a(strlen.o)
                              ./lwip/src/core/def.o (strlen)
c:/nxp/mcuxpressoide_11.0.1_2563/ide/plugins/com.nxp.mcuxpresso.tools.win32_11.0.1.201907311258/tools/bin/../lib/gcc/arm-none-eabi/8.2.1/../../../../arm-none-eabi/lib/thumb/v7e-m/nofp\libcr_c.a(strncmp.o)
                              ./lwip/src/core/def.o (strncmp)
c:/nxp/mcuxpressoide_11.0.1_2563/ide/plugins/com.nxp.mcuxpresso.tools.win32_11.0.1.201907311258/tools/bin/../lib/gcc/arm-none-eabi/8.2.1/../../../../arm-none-eabi/lib/thumb/v7e-m/nofp\libcr_c.a(strstr.o)
                              ./lwip/src/apps/httpd/httpd.o (strstr)
c:/nxp/mcuxpressoide_11.0.1_2563/ide/plugins/com.nxp.mcuxpresso.tools.win32_11.0.1.201907311258/tools/bin/../lib/gcc/arm-none-eabi/8.2.1/../../../../arm-none-eabi/lib/thumb/v7e-m/nofp\libcr_c.a(_deferredlazyseek.o)
                              c:/nxp/mcuxpressoide_11.0.1_2563/ide/plugins/com.nxp.mcuxpresso.tools.win32_11.0.1.201907311258/tools/bin/../lib/gcc/arm-none-eabi/8.2.1/../../../../arm-none-eabi/lib/thumb/v7e-m/nofp\libcr_c.a(printf.o) (__flsbuf)
c:/nxp/mcuxpressoide_11.0.1_2563/ide/plugins/com.nxp.mcuxpresso.tools.win32_11.0.1.201907311258/tools/bin/../lib/gcc/arm-none-eabi/8.2.1/../../../../arm-none-eabi/lib/thumb/v7e-m/nofp\libcr_c.a(_fdopen.o)
                              c:/nxp/mcuxpressoide_11.0.1_2563/ide/plugins/com.nxp.mcuxpresso.tools.win32_11.0.1.201907311258/tools/bin/../lib/gcc/arm-none-eabi/8.2.1/../../../../arm-none-eabi/lib/thumb/v7e-m/nofp\libcr_c.a(initio.o) (_fdopen)
[...]
Memory Configuration

Name             Origin             Length             Attributes
PROGRAM_FLASH    0x00000000         0x00080000         xr
SRAM_UPPER       0x20000000         0x00010000         xrw
SRAM_LOWER       0x1fff0000         0x00010000         xrw
FLEX_RAM         0x14000000         0x00001000         xrw
*default*        0x00000000         0xffffffff

Linker script and memory map

                0x00000001                __ram_vector_table__ = 0x1
LOAD ./utilities/fsl_debug_console.o
LOAD ./startup/startup_mk60d10.o
LOAD ./source/lwip_httpsrv_bm.o
LOAD ./source/semihost_hardfault.o
LOAD ./lwip/src/netif/ppp/auth.o
LOAD ./lwip/src/netif/ppp/ccp.o
LOAD ./lwip/src/netif/ppp/chap-md5.o
LOAD ./lwip/src/netif/ppp/chap-new.o
LOAD ./lwip/src/netif/ppp/chap_ms.o
LOAD ./lwip/src/netif/ppp/demand.o
LOAD ./lwip/src/netif/ppp/eap.o
LOAD ./lwip/src/netif/ppp/eui64.o
LOAD ./lwip/src/netif/ppp/fsm.o
LOAD ./lwip/src/netif/ppp/ipcp.o
LOAD ./lwip/src/netif/ppp/ipv6cp.o
LOAD ./lwip/src/netif/ppp/lcp.o
LOAD ./lwip/src/netif/ppp/lwip_ecp.o
LOAD ./lwip/src/netif/ppp/magic.o
LOAD ./lwip/src/netif/ppp/mppe.o
LOAD ./lwip/src/netif/ppp/multilink.o
LOAD ./lwip/src/netif/ppp/ppp.o
LOAD ./lwip/src/netif/ppp/pppapi.o
LOAD ./lwip/src/netif/ppp/pppcrypt.o
LOAD ./lwip/src/netif/ppp/pppoe.o
LOAD ./lwip/src/netif/ppp/pppol2tp.o
LOAD ./lwip/src/netif/ppp/pppos.o
LOAD ./lwip/src/netif/ppp/upap.o
LOAD ./lwip/src/netif/ppp/utils.o
LOAD ./lwip/src/netif/ppp/vj.o
LOAD ./lwip/src/netif/ethernet.o
LOAD ./lwip/src/netif/lowpan6.o
LOAD ./lwip/src/netif/slipif.o
LOAD ./lwip/src/core/ipv6/dhcp6.o
LOAD ./lwip/src/core/ipv6/ethip6.o
LOAD ./lwip/src/core/ipv6/icmp6.o
LOAD ./lwip/src/core/ipv6/inet6.o
LOAD ./lwip/src/core/ipv6/ip6.o
LOAD ./lwip/src/core/ipv6/ip6_addr.o
LOAD ./lwip/src/core/ipv6/ip6_frag.o
LOAD ./lwip/src/core/ipv6/mld6.o
LOAD ./lwip/src/core/ipv6/nd6.o
LOAD ./lwip/src/core/ipv4/autoip.o
LOAD ./lwip/src/core/ipv4/dhcp.o
LOAD ./lwip/src/core/ipv4/etharp.o
LOAD ./lwip/src/core/ipv4/icmp.o
LOAD ./lwip/src/core/ipv4/igmp.o
LOAD ./lwip/src/core/ipv4/ip4.o
LOAD ./lwip/src/core/ipv4/ip4_addr.o
LOAD ./lwip/src/core/ipv4/ip4_frag.o
LOAD ./lwip/src/core/def.o
LOAD ./lwip/src/core/dns.o
LOAD ./lwip/src/core/inet_chksum.o
LOAD ./lwip/src/core/init.o
LOAD ./lwip/src/core/ip.o
LOAD ./lwip/src/core/mem.o
LOAD ./lwip/src/core/memp.o
LOAD ./lwip/src/core/netif.o
LOAD ./lwip/src/core/pbuf.o
LOAD ./lwip/src/core/raw.o
LOAD ./lwip/src/core/stats.o
LOAD ./lwip/src/core/sys.o
LOAD ./lwip/src/core/tcp.o
LOAD ./lwip/src/core/tcp_in.o
LOAD ./lwip/src/core/tcp_out.o
LOAD ./lwip/src/core/timeouts.o
LOAD ./lwip/src/core/udp.o
LOAD ./lwip/src/apps/httpd/fs.o
LOAD ./lwip/src/apps/httpd/httpd.o
LOAD ./lwip/src/api/api_lib.o
LOAD ./lwip/src/api/api_msg.o
LOAD ./lwip/src/api/err.o
LOAD ./lwip/src/api/netbuf.o
LOAD ./lwip/src/api/netdb.o
LOAD ./lwip/src/api/netifapi.o
LOAD ./lwip/src/api/sockets.o
LOAD ./lwip/src/api/tcpip.o
LOAD ./lwip/port/ethernetif.o
LOAD ./lwip/port/sys_arch.o
LOAD ./drivers/fsl_clock.o
LOAD ./drivers/fsl_common.o
LOAD ./drivers/fsl_enet.o
LOAD ./drivers/fsl_flash.o
LOAD ./drivers/fsl_gpio.o
LOAD ./drivers/fsl_sim.o
LOAD ./drivers/fsl_smc.o
LOAD ./drivers/fsl_uart.o
LOAD ./board/board.o
LOAD ./board/clock_config.o
LOAD ./board/fsl_phy.o
LOAD ./board/pin_mux.o
LOAD ./CMSIS/system_MK60D10.o
START GROUP
LOAD c:/nxp/mcuxpressoide_11.0.1_2563/ide/plugins/com.nxp.mcuxpresso.tools.win32_11.0.1.201907311258/tools/bin/../lib/gcc/arm-none-eabi/8.2.1/../../../../arm-none-eabi/lib/thumb/v7e-m/nofp\libcr_semihost_nf.a
LOAD c:/nxp/mcuxpressoide_11.0.1_2563/ide/plugins/com.nxp.mcuxpresso.tools.win32_11.0.1.201907311258/tools/bin/../lib/gcc/arm-none-eabi/8.2.1/../../../../arm-none-eabi/lib/thumb/v7e-m/nofp\libcr_c.a
LOAD c:/nxp/mcuxpressoide_11.0.1_2563/ide/plugins/com.nxp.mcuxpresso.tools.win32_11.0.1.201907311258/tools/bin/../lib/gcc/arm-none-eabi/8.2.1/thumb/v7e-m/nofp\libcr_eabihelpers.a
LOAD c:/nxp/mcuxpressoide_11.0.1_2563/ide/plugins/com.nxp.mcuxpresso.tools.win32_11.0.1.201907311258/tools/bin/../lib/gcc/arm-none-eabi/8.2.1/thumb/v7e-m/nofp\libgcc.a
END GROUP
                0x00000000                __base_PROGRAM_FLASH = 0x0
                0x00000000                __base_Flash = 0x0
                0x00080000                __top_PROGRAM_FLASH = 0x80000
                0x00080000                __top_Flash = 0x80000
                0x20000000                __base_SRAM_UPPER = 0x20000000
                0x20000000                __base_RAM = 0x20000000
                0x20010000                __top_SRAM_UPPER = 0x20010000
                0x20010000                __top_RAM = 0x20010000
                0x1fff0000                __base_SRAM_LOWER = 0x1fff0000
                0x1fff0000                __base_RAM2 = 0x1fff0000
                0x20000000                __top_SRAM_LOWER = 0x20000000
                0x20000000                __top_RAM2 = 0x20000000
                0x14000000                __base_FLEX_RAM = 0x14000000
                0x14000000                __base_RAM3 = 0x14000000
                0x14001000                __top_FLEX_RAM = 0x14001000
                0x14001000                __top_RAM3 = 0x14001000

.text           0x00000000     0xce30
 FILL mask 0xff
                0x00000000                __vectors_start__ = ABSOLUTE (.)
 *(SORT_BY_ALIGNMENT(.isr_vector))
 .isr_vector    0x00000000      0x1bc ./startup/startup_mk60d10.o
                0x00000000                g_pfnVectors
                0x00000000                __Vectors
                0x000001bc                . = ALIGN (0x4)
                0x000001bc                __section_table_start = .
                0x000001bc                __data_section_table = .
                0x000001bc        0x4 LONG 0xce30 LOADADDR (.data)
                0x000001c0        0x4 LONG 0x20000000 ADDR (.data)
                0x000001c4        0x4 LONG 0x18 SIZEOF (.data)
                0x000001c8        0x4 LONG 0xce30 LOADADDR (.data_RAM2)
                0x000001cc        0x4 LONG 0x1fff0000 ADDR (.data_RAM2)
                0x000001d0        0x4 LONG 0x0 SIZEOF (.data_RAM2)
                0x000001d4        0x4 LONG 0xce30 LOADADDR (.data_RAM3)
                0x000001d8        0x4 LONG 0x14000000 ADDR (.data_RAM3)
                0x000001dc        0x4 LONG 0x0 SIZEOF (.data_RAM3)
                0x000001e0                __data_section_table_end = .
                0x000001e0                __bss_section_table = .
                0x000001e0        0x4 LONG 0x20000018 ADDR (.bss)
                0x000001e4        0x4 LONG 0xd824 SIZEOF (.bss)
                0x000001e8        0x4 LONG 0x1fff0000 ADDR (.bss_RAM2)
                0x000001ec        0x4 LONG 0x0 SIZEOF (.bss_RAM2)
                0x000001f0        0x4 LONG 0x14000000 ADDR (.bss_RAM3)
                0x000001f4        0x4 LONG 0x0 SIZEOF (.bss_RAM3)
                0x000001f8                __bss_section_table_end = .
                0x000001f8                __section_table_end = .
 *(SORT_BY_ALIGNMENT(.after_vectors*))
 .after_vectors.reset
                0x000001f8       0x4c ./startup/startup_mk60d10.o
                0x000001f8                ResetISR
 .after_vectors
                0x00000244       0x14 ./startup/startup_mk60d10.o
                0x00000244                NMI_Handler
                0x00000248                MemManage_Handler
                0x0000024a                BusFault_Handler
                0x0000024c                UsageFault_Handler
                0x0000024e                SVC_Handler
                0x00000250                DebugMon_Handler
                0x00000252                PendSV_Handler
                0x00000256                DMA_Error_DriverIRQHandler
                0x00000256                LPTMR0_DriverIRQHandler
                0x00000256                SPI1_DriverIRQHandler
                0x00000256                FTM1_DriverIRQHandler
                0x00000256                FTM2_DriverIRQHandler
                0x00000256                PIT2_DriverIRQHandler
                0x00000256                SDHC_DriverIRQHandler
                0x00000256                I2S0_Tx_DriverIRQHandler
                0x00000256                TSI0_DriverIRQHandler
                0x00000256                RTC_Seconds_DriverIRQHandler
                0x00000256                Reserved109_DriverIRQHandler
                0x00000256                DMA6_DriverIRQHandler
                0x00000256                LLWU_DriverIRQHandler
                0x00000256                MCM_DriverIRQHandler
                0x00000256                MCG_DriverIRQHandler
                0x00000256                ENET_1588_Timer_DriverIRQHandler
                0x00000256                DAC1_DriverIRQHandler
                0x00000256                DMA12_DriverIRQHandler
                0x00000256                CMP1_DriverIRQHandler
                0x00000256                FTM0_DriverIRQHandler
                0x00000256                IntDefaultHandler
                0x00000256                USB0_DriverIRQHandler
                0x00000256                UART5_ERR_DriverIRQHandler
                0x00000256                PORTC_DriverIRQHandler
                0x00000256                DMA11_DriverIRQHandler
                0x00000256                DAC0_DriverIRQHandler
                0x00000256                DMA10_DriverIRQHandler
                0x00000256                CMP2_DriverIRQHandler
                0x00000256                UART2_ERR_DriverIRQHandler
                0x00000256                SPI2_DriverIRQHandler
                0x00000256                LVD_LVW_DriverIRQHandler
                0x00000256                PIT0_DriverIRQHandler
                0x00000256                PORTB_DriverIRQHandler
                0x00000256                DMA5_DriverIRQHandler
                0x00000256                DMA4_DriverIRQHandler
                0x00000256                USBDCD_DriverIRQHandler
                0x00000256                UART3_ERR_DriverIRQHandler
                0x00000256                DMA3_DriverIRQHandler
                0x00000256                DMA8_DriverIRQHandler
                0x00000256                DMA9_DriverIRQHandler
                0x00000256                UART0_ERR_DriverIRQHandler
                0x00000256                CMT_DriverIRQHandler
                0x00000256                ADC1_DriverIRQHandler
                0x00000256                PORTA_DriverIRQHandler
                0x00000256                DMA14_DriverIRQHandler
                0x00000256                PIT3_DriverIRQHandler
                0x00000256                PIT1_DriverIRQHandler
                0x00000256                WDOG_EWM_DriverIRQHandler
                0x00000256                PDB0_DriverIRQHandler
                0x00000256                Reserved95_DriverIRQHandler
                0x00000256                RTC_DriverIRQHandler
                0x00000256                I2S0_Rx_DriverIRQHandler
                0x00000256                Read_Collision_DriverIRQHandler
                0x00000256                SWI_DriverIRQHandler
                0x00000256                UART4_ERR_DriverIRQHandler
                0x00000256                DMA0_DriverIRQHandler
                0x00000256                UART0_LON_DriverIRQHandler
                0x00000256                Reserved102_DriverIRQHandler
                0x00000256                DMA1_DriverIRQHandler
                0x00000256                I2C1_DriverIRQHandler
                0x00000256                ENET_Receive_DriverIRQHandler
                0x00000256                DMA13_DriverIRQHandler
                0x00000256                ENET_Error_DriverIRQHandler
                0x00000256                DMA15_DriverIRQHandler
                0x00000256                SPI0_DriverIRQHandler
                0x00000256                ADC0_DriverIRQHandler
                0x00000256                FTFL_DriverIRQHandler
                0x00000256                CMP0_DriverIRQHandler
                0x00000256                CAN0_DriverIRQHandler
                0x00000256                Reserved59_DriverIRQHandler
                0x00000256                RNG_DriverIRQHandler
                0x00000256                UART1_ERR_DriverIRQHandler
                0x00000256                DMA2_DriverIRQHandler
                0x00000256                ENET_Transmit_DriverIRQHandler
                0x00000256                PORTD_DriverIRQHandler
                0x00000256                PORTE_DriverIRQHandler
                0x00000256                I2C0_DriverIRQHandler
                0x00000256                CAN1_DriverIRQHandler
                0x00000256                DMA7_DriverIRQHandler
                0x00000256                Reserved108_DriverIRQHandler
 .after_vectors.init_data
                0x00000258       0x1c ./startup/startup_mk60d10.o
                0x00000258                data_init
 .after_vectors.init_bss
                0x00000274       0x12 ./startup/startup_mk60d10.o
                0x00000274                bss_init
                0x00000400                . = 0x400
 *fill*         0x00000286      0x17a ff
                0x00000400                PROVIDE (__FLASH_CONFIG_START__ = .)
 *(SORT_BY_ALIGNMENT(.FlashConfig))
 .FlashConfig   0x00000400       0x10 ./startup/startup_mk60d10.o
                0x00000400                Flash_Config
                0x00000410                PROVIDE (__FLASH_CONFIG_END__ = .)
                0x00000001                ASSERT (! ((__FLASH_CONFIG_START__ == __FLASH_CONFIG_END__)), Linker Flash Config Support Enabled, but no .FlashConfig section provided within application)
 *(SORT_BY_ALIGNMENT(.text*))
 .text.DbgConsole_Init
                0x00000410       0x64 ./utilities/fsl_debug_console.o
                0x00000410                DbgConsole_Init
 .text.MCUInit  0x00000474       0x2c ./source/lwip_httpsrv_bm.o
                0x00000474                MCUInit
 .text.PortsInit
                0x000004a0       0x40 ./source/lwip_httpsrv_bm.o
                0x000004a0                PortsInit
 .text.startup.main
                0x000004e0       0xa4 ./source/lwip_httpsrv_bm.o
                0x000004e0                main
 .text.ethernet_input
                0x00000584       0xa4 ./lwip/src/netif/ethernet.o
                0x00000584                ethernet_input
 .text.ethernet_output
                0x00000628       0x60 ./lwip/src/netif/ethernet.o
                0x00000628                ethernet_output
 .text.dhcp_option_short
                0x00000688       0x34 ./lwip/src/core/ipv4/dhcp.o
 .text.dhcp_option
                0x000006bc       0x38 ./lwip/src/core/ipv4/dhcp.o
 .text.dhcp_option_byte
                0x000006f4       0x28 ./lwip/src/core/ipv4/dhcp.o
 .text.dhcp_option_trailer
                0x0000071c       0x58 ./lwip/src/core/ipv4/dhcp.o
 .text.dhcp_option_long
                0x00000774       0x4c ./lwip/src/core/ipv4/dhcp.o
 .text.dhcp_create_msg
                0x000007c0      0x184 ./lwip/src/core/ipv4/dhcp.o
 .text.dhcp_delete_msg
                0x00000944       0x40 ./lwip/src/core/ipv4/dhcp.o
 .text.dhcp_discover
                0x00000984       0xc4 ./lwip/src/core/ipv4/dhcp.o
 .text.dhcp_select
                0x00000a48       0xf4 ./lwip/src/core/ipv4/dhcp.o
 .text.dhcp_reboot
                0x00000b3c       0xdc ./lwip/src/core/ipv4/dhcp.o
 .text.dhcp_bind
                0x00000c18       0xf8 ./lwip/src/core/ipv4/dhcp.o
 .text.dhcp_arp_reply
                0x00000d10       0xa0 ./lwip/src/core/ipv4/dhcp.o
                0x00000d10                dhcp_arp_reply
 .text.dhcp_renew
                0x00000db0       0xbc ./lwip/src/core/ipv4/dhcp.o
                0x00000db0                dhcp_renew
 .text.dhcp_release
                0x00000e6c       0xa0 ./lwip/src/core/ipv4/dhcp.o
                0x00000e6c                dhcp_release
 .text.dhcp_coarse_tmr
                0x00000f0c      0x15c ./lwip/src/core/ipv4/dhcp.o
                0x00000f0c                dhcp_coarse_tmr
 .text.dhcp_fine_tmr
                0x00001068       0x7c ./lwip/src/core/ipv4/dhcp.o
                0x00001068                dhcp_fine_tmr
 .text.etharp_free_entry
                0x000010e4       0x3c ./lwip/src/core/ipv4/etharp.o
 .text.etharp_find_entry.isra.0
                0x00001120       0xfc ./lwip/src/core/ipv4/etharp.o
 .text.etharp_raw.constprop.1
                0x0000121c       0xc4 ./lwip/src/core/ipv4/etharp.o
 .text.etharp_input
                0x000012e0      0x188 ./lwip/src/core/ipv4/etharp.o
                0x000012e0                etharp_input
 .text.etharp_request
                0x00001468       0x20 ./lwip/src/core/ipv4/etharp.o
                0x00001468                etharp_request
 .text.etharp_tmr
                0x00001488       0x54 ./lwip/src/core/ipv4/etharp.o
                0x00001488                etharp_tmr
 .text.etharp_output_to_arp_index
                0x000014dc       0x90 ./lwip/src/core/ipv4/etharp.o
 .text.etharp_query
                0x0000156c      0x114 ./lwip/src/core/ipv4/etharp.o
                0x0000156c                etharp_query
 .text.etharp_output
                0x00001680      0x104 ./lwip/src/core/ipv4/etharp.o
                0x00001680                etharp_output
 .text.icmp_send_response.isra.0
                0x00001784       0x88 ./lwip/src/core/ipv4/icmp.o
 .text.icmp_input
                0x0000180c      0x158 ./lwip/src/core/ipv4/icmp.o
                0x0000180c                icmp_input
 .text.ip4_route
                0x00001964       0x58 ./lwip/src/core/ipv4/ip4.o
                0x00001964                ip4_route
 .text.ip4_input
                0x000019bc      0x1a0 ./lwip/src/core/ipv4/ip4.o
                0x000019bc                ip4_input
 .text.ip4_output_if_src
                0x00001b5c      0x108 ./lwip/src/core/ipv4/ip4.o
                0x00001b5c                ip4_output_if_src
 .text.ip_reass_dequeue_datagram
                0x00001c64       0x34 ./lwip/src/core/ipv4/ip4_frag.o
 .text.ip_reass_free_complete_datagram
                0x00001c98       0xb4 ./lwip/src/core/ipv4/ip4_frag.o
 .text.ip_reass_remove_oldest_datagram
                0x00001d4c       0x78 ./lwip/src/core/ipv4/ip4_frag.o
 .text.ipfrag_free_pbuf_custom
                0x00001dc4       0x24 ./lwip/src/core/ipv4/ip4_frag.o
 .text.ip_reass_tmr
                0x00001de8       0x2c ./lwip/src/core/ipv4/ip4_frag.o
                0x00001de8                ip_reass_tmr
 .text.ip4_reass
                0x00001e14      0x2e8 ./lwip/src/core/ipv4/ip4_frag.o
                0x00001e14                ip4_reass
 .text.ip4_frag
                0x000020fc      0x1a0 ./lwip/src/core/ipv4/ip4_frag.o
                0x000020fc                ip4_frag
 .text.lwip_itoa
                0x0000229c       0x54 ./lwip/src/core/def.o
                0x0000229c                lwip_itoa
 .text.mem_init
                0x000022f0       0x3c ./lwip/src/core/mem.o
                0x000022f0                mem_init
 .text.mem_free
                0x0000232c      0x11c ./lwip/src/core/mem.o
                0x0000232c                mem_free
 .text.mem_trim
                0x00002448       0xe4 ./lwip/src/core/mem.o
                0x00002448                mem_trim
 .text.mem_malloc
                0x0000252c       0xf4 ./lwip/src/core/mem.o
                0x0000252c                mem_malloc
 .text.do_memp_malloc_pool.isra.0
                0x00002620       0x2c ./lwip/src/core/memp.o
 .text.do_memp_free_pool.isra.1
                0x0000264c       0x28 ./lwip/src/core/memp.o
 .text.memp_init
                0x00002674       0x1c ./lwip/src/core/memp.o
                0x00002674                memp_init
 .text.memp_malloc
                0x00002690       0x28 ./lwip/src/core/memp.o
                0x00002690                memp_malloc
 .text.memp_free
                0x000026b8       0x24 ./lwip/src/core/memp.o
                0x000026b8                memp_free
 .text.netif_set_ipaddr
                0x000026dc       0x48 ./lwip/src/core/netif.o
                0x000026dc                netif_set_ipaddr
 .text.netif_add
                0x00002724       0x78 ./lwip/src/core/netif.o
                0x00002724                netif_add
 .text.netif_set_default
                0x0000279c        0xc ./lwip/src/core/netif.o
                0x0000279c                netif_set_default
 .text.pbuf_header_impl.part.0
                0x000027a8       0x6c ./lwip/src/core/pbuf.o
 .text.pbuf_alloced_custom
                0x00002814       0x50 ./lwip/src/core/pbuf.o
                0x00002814                pbuf_alloced_custom
 .text.pbuf_header
                0x00002864       0x20 ./lwip/src/core/pbuf.o
                0x00002864                pbuf_header
 .text.pbuf_header_force
                0x00002884       0x20 ./lwip/src/core/pbuf.o
                0x00002884                pbuf_header_force
 .text.pbuf_free
                0x000028a4       0xa4 ./lwip/src/core/pbuf.o
                0x000028a4                pbuf_free
 .text.pbuf_alloc
                0x00002948      0x168 ./lwip/src/core/pbuf.o
                0x00002948                pbuf_alloc
 .text.pbuf_realloc
                0x00002ab0       0xac ./lwip/src/core/pbuf.o
                0x00002ab0                pbuf_realloc
 .text.pbuf_cat
                0x00002b5c       0x54 ./lwip/src/core/pbuf.o
                0x00002b5c                pbuf_cat
 .text.pbuf_copy
                0x00002bb0       0xd8 ./lwip/src/core/pbuf.o
                0x00002bb0                pbuf_copy
 .text.pbuf_copy_partial
                0x00002c88       0x74 ./lwip/src/core/pbuf.o
                0x00002c88                pbuf_copy_partial
 .text.tcp_new_port
                0x00002cfc       0x54 ./lwip/src/core/tcp.o
 .text.tcp_backlog_accepted
                0x00002d50       0x3c ./lwip/src/core/tcp.o
                0x00002d50                tcp_backlog_accepted
 .text.tcp_bind
                0x00002d8c       0x84 ./lwip/src/core/tcp.o
                0x00002d8c                tcp_bind
 .text.tcp_listen_with_backlog
                0x00002e10       0xac ./lwip/src/core/tcp.o
                0x00002e10                tcp_listen_with_backlog
 .text.tcp_update_rcv_ann_wnd
                0x00002ebc       0x48 ./lwip/src/core/tcp.o
                0x00002ebc                tcp_update_rcv_ann_wnd
 .text.tcp_recved
                0x00002f04       0x68 ./lwip/src/core/tcp.o
                0x00002f04                tcp_recved
 .text.tcp_recv
                0x00002f6c       0x1c ./lwip/src/core/tcp.o
                0x00002f6c                tcp_recv
 .text.tcp_sent
                0x00002f88       0x1c ./lwip/src/core/tcp.o
                0x00002f88                tcp_sent
 .text.tcp_err  0x00002fa4       0x20 ./lwip/src/core/tcp.o
                0x00002fa4                tcp_err
 .text.tcp_poll
                0x00002fc4       0x20 ./lwip/src/core/tcp.o
                0x00002fc4                tcp_poll
 .text.tcp_slowtmr
                0x00002fe4      0x34c ./lwip/src/core/tcp.o
                0x00002fe4                tcp_slowtmr
 .text.tcp_pcb_remove
                0x00003330       0x74 ./lwip/src/core/tcp.o
                0x00003330                tcp_pcb_remove
 .text.tcp_close_shutdown
                0x000033a4      0x188 ./lwip/src/core/tcp.o
 .text.tcp_fasttmr
                0x0000352c       0x70 ./lwip/src/core/tcp.o
                0x0000352c                tcp_fasttmr
 .text.tcp_tmr  0x0000359c       0x24 ./lwip/src/core/tcp.o
                0x0000359c                tcp_tmr
 .text.tcp_abandon
                0x000035c0       0xd8 ./lwip/src/core/tcp.o
                0x000035c0                tcp_abandon
 .text.tcp_kill_state
                0x00003698       0x3c ./lwip/src/core/tcp.o
 .text.tcp_next_iss
                0x000036d4       0x18 ./lwip/src/core/tcp.o
                0x000036d4                tcp_next_iss
 .text.tcp_alloc
                0x000036ec      0x120 ./lwip/src/core/tcp.o
                0x000036ec                tcp_alloc
 .text.tcp_netif_ip_addr_changed
                0x0000380c       0x4c ./lwip/src/core/tcp.o
                0x0000380c                tcp_netif_ip_addr_changed
 .text.tcp_receive
                0x00003858      0x560 ./lwip/src/core/tcp_in.o
 .text.tcp_getoptbyte
                0x00003db8       0x40 ./lwip/src/core/tcp_in.o
 .text.tcp_parseopt.isra.1.part.2
                0x00003df8       0x7c ./lwip/src/core/tcp_in.o
 .text.tcp_input
                0x00003e74      0x9e0 ./lwip/src/core/tcp_in.o
                0x00003e74                tcp_input
 .text.tcp_trigger_input_pcb_close
                0x00004854       0x10 ./lwip/src/core/tcp_in.o
                0x00004854                tcp_trigger_input_pcb_close
 .text.tcp_pbuf_prealloc
                0x00004864       0x64 ./lwip/src/core/tcp_out.o
 .text.tcp_create_segment
                0x000048c8       0xac ./lwip/src/core/tcp_out.o
 .text.tcp_output_alloc_header.constprop.1
                0x00004974       0x6c ./lwip/src/core/tcp_out.o
 .text.tcp_write
                0x000049e0      0x43c ./lwip/src/core/tcp_out.o
                0x000049e0                tcp_write
 .text.tcp_enqueue_flags
                0x00004e1c       0xf0 ./lwip/src/core/tcp_out.o
                0x00004e1c                tcp_enqueue_flags
 .text.tcp_output
                0x00004f0c      0x2a4 ./lwip/src/core/tcp_out.o
                0x00004f0c                tcp_output
 .text.tcp_rst  0x000051b0       0xb8 ./lwip/src/core/tcp_out.o
                0x000051b0                tcp_rst
 .text.sys_timeout
                0x00005268       0x90 ./lwip/src/core/timeouts.o
                0x00005268                sys_timeout
 .text.tcp_timer_needed
                0x000052f8       0x34 ./lwip/src/core/timeouts.o
                0x000052f8                tcp_timer_needed
 .text.tcpip_tcp_timer
                0x0000532c       0x38 ./lwip/src/core/timeouts.o
 .text.sys_timeouts_init
                0x00005364       0x54 ./lwip/src/core/timeouts.o
                0x00005364                sys_timeouts_init
 .text.cyclic_timer
                0x000053b8       0x1c ./lwip/src/core/timeouts.o
 .text.sys_check_timeouts
                0x000053d4       0x4c ./lwip/src/core/timeouts.o
                0x000053d4                sys_check_timeouts
 .text.udp_input
                0x00005420      0x144 ./lwip/src/core/udp.o
                0x00005420                udp_input
 .text.udp_bind
                0x00005564       0xa8 ./lwip/src/core/udp.o
                0x00005564                udp_bind
 .text.udp_sendto_if_src
                0x0000560c       0xe0 ./lwip/src/core/udp.o
                0x0000560c                udp_sendto_if_src
 .text.udp_netif_ip_addr_changed
                0x000056ec       0x2c ./lwip/src/core/udp.o
                0x000056ec                udp_netif_ip_addr_changed
 .text.cgi_server_update
                0x00005718       0x90 ./lwip/src/apps/httpd/fs.o
                0x00005718                cgi_server_update
 .text.cgi_handler_basic
                0x000057a8      0x204 ./lwip/src/apps/httpd/fs.o
                0x000057a8                cgi_handler_basic
 .text.cgi_ex_init
                0x000059ac        0xc ./lwip/src/apps/httpd/fs.o
                0x000059ac                cgi_ex_init
 .text.fs_open_custom
                0x000059b8       0x4c ./lwip/src/apps/httpd/fs.o
                0x000059b8                fs_open_custom
 .text.fs_open  0x00005a04       0x50 ./lwip/src/apps/httpd/fs.o
                0x00005a04                fs_open
 .text.http_get_404_file
                0x00005a54       0x3c ./lwip/src/apps/httpd/httpd.o
 .text.http_accept
                0x00005a90       0x78 ./lwip/src/apps/httpd/httpd.o
 .text.http_close_conn
                0x00005b08       0x58 ./lwip/src/apps/httpd/httpd.o
 .text.http_check_eof
                0x00005b60       0x2c ./lwip/src/apps/httpd/httpd.o
 .text.http_recv
                0x00005b8c      0x528 ./lwip/src/apps/httpd/httpd.o
 .text.httpd_init
                0x000060b4       0x60 ./lwip/src/apps/httpd/httpd.o
                0x000060b4                httpd_init
 .text.http_set_cgi_handlers
                0x00006114       0x34 ./lwip/src/apps/httpd/httpd.o
                0x00006114                http_set_cgi_handlers
 .text.low_level_output
                0x00006148       0x7c ./lwip/port/ethernetif.o
 .text.ethernetif_input
                0x000061c4       0x30 ./lwip/port/ethernetif.o
                0x000061c4                ethernetif_input
 .text.ethernetif_init
                0x000061f4      0x120 ./lwip/port/ethernetif.o
                0x000061f4                ethernetif_init
 .text.sys_assert
                0x00006314       0x14 ./lwip/port/sys_arch.o
                0x00006314                sys_assert
 .text.time_isr
                0x00006328       0x10 ./lwip/port/sys_arch.o
                0x00006328                time_isr
 .text.time_init
                0x00006338       0x44 ./lwip/port/sys_arch.o
                0x00006338                time_init
 .text.sys_now  0x0000637c        0xc ./lwip/port/sys_arch.o
                0x0000637c                sys_now
 .text.CLOCK_GetMcgExtClkFreq
                0x00006388       0x1c ./drivers/fsl_clock.o
 .text.CLOCK_GetFllExtRefClkFreq
                0x000063a4       0x40 ./drivers/fsl_clock.o
 .text.CLOCK_GetInternalRefClkSelectFreq
                0x000063e4       0x28 ./drivers/fsl_clock.o
 .text.CLOCK_GetOsc0ErClkFreq
                0x0000640c       0x18 ./drivers/fsl_clock.o
                0x0000640c                CLOCK_GetOsc0ErClkFreq
 .text.CLOCK_GetEr32kClkFreq
                0x00006424       0x40 ./drivers/fsl_clock.o
                0x00006424                CLOCK_GetEr32kClkFreq
 .text.CLOCK_SetSimConfig
                0x00006464       0x3c ./drivers/fsl_clock.o
                0x00006464                CLOCK_SetSimConfig
 .text.CLOCK_GetFllFreq
                0x000064a0       0x50 ./drivers/fsl_clock.o
                0x000064a0                CLOCK_GetFllFreq
 .text.CLOCK_GetInternalRefClkFreq
                0x000064f0       0x14 ./drivers/fsl_clock.o
                0x000064f0                CLOCK_GetInternalRefClkFreq
 .text.CLOCK_GetPll0Freq
                0x00006504       0x2c ./drivers/fsl_clock.o
                0x00006504                CLOCK_GetPll0Freq
 .text.CLOCK_GetPllFllSelClkFreq
                0x00006530       0x18 ./drivers/fsl_clock.o
                0x00006530                CLOCK_GetPllFllSelClkFreq
 .text.CLOCK_GetOutClkFreq
                0x00006548       0x28 ./drivers/fsl_clock.o
                0x00006548                CLOCK_GetOutClkFreq
 .text.CLOCK_GetBusClkFreq
                0x00006570       0x20 ./drivers/fsl_clock.o
                0x00006570                CLOCK_GetBusClkFreq
 .text.CLOCK_GetFixedFreqClkFreq
                0x00006590       0x34 ./drivers/fsl_clock.o
                0x00006590                CLOCK_GetFixedFreqClkFreq
 .text.CLOCK_GetFreq
                0x000065c4       0xb0 ./drivers/fsl_clock.o
                0x000065c4                CLOCK_GetFreq
 .text.CLOCK_SetExternalRefClkConfig
                0x00006674       0x34 ./drivers/fsl_clock.o
                0x00006674                CLOCK_SetExternalRefClkConfig
 .text.CLOCK_SetInternalRefClkConfig
                0x000066a8       0x80 ./drivers/fsl_clock.o
                0x000066a8                CLOCK_SetInternalRefClkConfig
 .text.CLOCK_EnablePll0
                0x00006728       0x34 ./drivers/fsl_clock.o
                0x00006728                CLOCK_EnablePll0
 .text.CLOCK_InitOsc0
                0x0000675c       0x64 ./drivers/fsl_clock.o
                0x0000675c                CLOCK_InitOsc0
 .text.CLOCK_SetPbeMode
                0x000067c0       0x50 ./drivers/fsl_clock.o
                0x000067c0                CLOCK_SetPbeMode
 .text.CLOCK_BootToPeeMode
                0x00006810       0x30 ./drivers/fsl_clock.o
                0x00006810                CLOCK_BootToPeeMode
 .text.ENET_GetInstance
                0x00006840       0x10 ./drivers/fsl_enet.o
                0x00006840                ENET_GetInstance
 .text.ENET_GetDefaultConfig
                0x00006850       0x1c ./drivers/fsl_enet.o
                0x00006850                ENET_GetDefaultConfig
 .text.ENET_SetSMI
                0x0000686c       0x38 ./drivers/fsl_enet.o
                0x0000686c                ENET_SetSMI
 .text.ENET_Init
                0x000068a4      0x2b4 ./drivers/fsl_enet.o
                0x000068a4                ENET_Init
 .text.ENET_GetRxFrameSize
                0x00006b58       0x48 ./drivers/fsl_enet.o
                0x00006b58                ENET_GetRxFrameSize
 .text.ENET_SendFrame
                0x00006ba0       0xc8 ./drivers/fsl_enet.o
                0x00006ba0                ENET_SendFrame
 .text.ENET_Transmit_IRQHandler
                0x00006c68       0x18 ./drivers/fsl_enet.o
                0x00006c68                ENET_Transmit_IRQHandler
 .text.ENET_Receive_IRQHandler
                0x00006c80       0x18 ./drivers/fsl_enet.o
                0x00006c80                ENET_Receive_IRQHandler
 .text.ENET_Error_IRQHandler
                0x00006c98       0x18 ./drivers/fsl_enet.o
                0x00006c98                ENET_Error_IRQHandler
 .text.ENET_1588_Timer_IRQHandler
                0x00006cb0       0x14 ./drivers/fsl_enet.o
                0x00006cb0                ENET_1588_Timer_IRQHandler
 .text.UART_GetInstance
                0x00006cc4       0x4c ./drivers/fsl_uart.o
                0x00006cc4                UART_GetInstance
 .text.UART_Init
                0x00006d10       0xd4 ./drivers/fsl_uart.o
                0x00006d10                UART_Init
 .text.UART0_DriverIRQHandler
                0x00006de4       0x18 ./drivers/fsl_uart.o
                0x00006de4                UART0_DriverIRQHandler
 .text.UART1_DriverIRQHandler
                0x00006dfc       0x18 ./drivers/fsl_uart.o
                0x00006dfc                UART1_DriverIRQHandler
 .text.UART2_DriverIRQHandler
                0x00006e14       0x18 ./drivers/fsl_uart.o
                0x00006e14                UART2_DriverIRQHandler
 .text.UART3_DriverIRQHandler
                0x00006e2c       0x18 ./drivers/fsl_uart.o
                0x00006e2c                UART3_DriverIRQHandler
 .text.UART4_DriverIRQHandler
                0x00006e44       0x18 ./drivers/fsl_uart.o
                0x00006e44                UART4_DriverIRQHandler
 .text.UART5_DriverIRQHandler
                0x00006e5c       0x18 ./drivers/fsl_uart.o
                0x00006e5c                UART5_DriverIRQHandler
 .text.BOARD_InitDebugConsole
                0x00006e74       0x1c ./board/board.o
                0x00006e74                BOARD_InitDebugConsole
 .text.BOARD_BootClockRUN
                0x00006e90       0x6c ./board/clock_config.o
                0x00006e90                BOARD_BootClockRUN
 .text.PHY_Write
                0x00006efc       0x34 ./board/fsl_phy.o
                0x00006efc                PHY_Write
 .text.PHY_Read
                0x00006f30       0x38 ./board/fsl_phy.o
                0x00006f30                PHY_Read
 .text.PHY_Init
                0x00006f68       0xbc ./board/fsl_phy.o
                0x00006f68                PHY_Init
 .text.BOARD_InitPins
                0x00007024       0xc0 ./board/pin_mux.o
                0x00007024                BOARD_InitPins
 .text.SystemInit
                0x000070e4       0x1c ./CMSIS/system_MK60D10.o
                0x000070e4                SystemInit
 .text._initio  0x00007100       0x78 c:/nxp/mcuxpressoide_11.0.1_2563/ide/plugins/com.nxp.mcuxpresso.tools.win32_11.0.1.201907311258/tools/bin/../lib/gcc/arm-none-eabi/8.2.1/../../../../arm-none-eabi/lib/thumb/v7e-m/nofp\libcr_c.a(initio.o)
                0x00007100                _initio
 .text.__vfprintf
                0x00007178      0xbdc c:/nxp/mcuxpressoide_11.0.1_2563/ide/plugins/com.nxp.mcuxpresso.tools.win32_11.0.1.201907311258/tools/bin/../lib/gcc/arm-none-eabi/8.2.1/../../../../arm-none-eabi/lib/thumb/v7e-m/nofp\libcr_c.a(printf.o)
                0x00007178                __vfprintf
 .text._vsnprintf
                0x00007d54       0x68 c:/nxp/mcuxpressoide_11.0.1_2563/ide/plugins/com.nxp.mcuxpresso.tools.win32_11.0.1.201907311258/tools/bin/../lib/gcc/arm-none-eabi/8.2.1/../../../../arm-none-eabi/lib/thumb/v7e-m/nofp\libcr_c.a(printf.o)
                0x00007d54                _vsnprintf
 .text._printf  0x00007dbc       0x54 c:/nxp/mcuxpressoide_11.0.1_2563/ide/plugins/com.nxp.mcuxpresso.tools.win32_11.0.1.201907311258/tools/bin/../lib/gcc/arm-none-eabi/8.2.1/../../../../arm-none-eabi/lib/thumb/v7e-m/nofp\libcr_c.a(printf.o)
                0x00007dbc                _printf
 .text.setvbuf  0x00007e10       0x40 c:/nxp/mcuxpressoide_11.0.1_2563/ide/plugins/com.nxp.mcuxpresso.tools.win32_11.0.1.201907311258/tools/bin/../lib/gcc/arm-none-eabi/8.2.1/../../../../arm-none-eabi/lib/thumb/v7e-m/nofp\libcr_c.a(setvbuf.o)
                0x00007e10                setvbuf
 .text._Cwritebuf
                0x00007e50       0x6c c:/nxp/mcuxpressoide_11.0.1_2563/ide/plugins/com.nxp.mcuxpresso.tools.win32_11.0.1.201907311258/tools/bin/../lib/gcc/arm-none-eabi/8.2.1/../../../../arm-none-eabi/lib/thumb/v7e-m/nofp\libcr_c.a(_writebuf.o)
                0x00007e50                _Cwritebuf
 .text.malloc   0x00007ebc       0xc8 c:/nxp/mcuxpressoide_11.0.1_2563/ide/plugins/com.nxp.mcuxpresso.tools.win32_11.0.1.201907311258/tools/bin/../lib/gcc/arm-none-eabi/8.2.1/../../../../arm-none-eabi/lib/thumb/v7e-m/nofp\libcr_c.a(alloc.o)
                0x00007ebc                malloc
 .text._Csys_alloc
                0x00007f84       0x20 c:/nxp/mcuxpressoide_11.0.1_2563/ide/plugins/com.nxp.mcuxpresso.tools.win32_11.0.1.201907311258/tools/bin/../lib/gcc/arm-none-eabi/8.2.1/../../../../arm-none-eabi/lib/thumb/v7e-m/nofp\libcr_c.a(alloc.o)
                0x00007f84                _Csys_alloc
 .text.fflush   0x00007fa4       0x44 c:/nxp/mcuxpressoide_11.0.1_2563/ide/plugins/com.nxp.mcuxpresso.tools.win32_11.0.1.201907311258/tools/bin/../lib/gcc/arm-none-eabi/8.2.1/../../../../arm-none-eabi/lib/thumb/v7e-m/nofp\libcr_c.a(fflush.o)
                0x00007fa4                fflush
 .text.fseek    0x00007fe8      0x100 c:/nxp/mcuxpressoide_11.0.1_2563/ide/plugins/com.nxp.mcuxpresso.tools.win32_11.0.1.201907311258/tools/bin/../lib/gcc/arm-none-eabi/8.2.1/../../../../arm-none-eabi/lib/thumb/v7e-m/nofp\libcr_c.a(fseek.o)
                0x00007fe8                fseek
 .text.ftell    0x000080e8       0x48 c:/nxp/mcuxpressoide_11.0.1_2563/ide/plugins/com.nxp.mcuxpresso.tools.win32_11.0.1.201907311258/tools/bin/../lib/gcc/arm-none-eabi/8.2.1/../../../../arm-none-eabi/lib/thumb/v7e-m/nofp\libcr_c.a(ftell.o)
                0x000080e8                ftell
 .text._sbrk    0x00008130       0x3c c:/nxp/mcuxpressoide_11.0.1_2563/ide/plugins/com.nxp.mcuxpresso.tools.win32_11.0.1.201907311258/tools/bin/../lib/gcc/arm-none-eabi/8.2.1/../../../../arm-none-eabi/lib/thumb/v7e-m/nofp\libcr_c.a(_cr_sbrk.o)
                0x00008130                _sbrk
 .text.__check_heap_overflow
                0x0000816c       0x18 c:/nxp/mcuxpressoide_11.0.1_2563/ide/plugins/com.nxp.mcuxpresso.tools.win32_11.0.1.201907311258/tools/bin/../lib/gcc/arm-none-eabi/8.2.1/../../../../arm-none-eabi/lib/thumb/v7e-m/nofp\libcr_c.a(_cr_check_heap.o)
                0x0000816c                __check_heap_overflow
 .text.__sys_appexit
                0x00008184        0xc c:/nxp/mcuxpressoide_11.0.1_2563/ide/plugins/com.nxp.mcuxpresso.tools.win32_11.0.1.201907311258/tools/bin/../lib/gcc/arm-none-eabi/8.2.1/../../../../arm-none-eabi/lib/thumb/v7e-m/nofp\libcr_semihost_nf.a(__sys_appexit.o)
                0x00008184                __sys_appexit
                0x00008184                __exit
 .text.DMA0_IRQHandler
                0x00008190        0x8 ./startup/startup_mk60d10.o
                0x00008190                DMA0_IRQHandler
 .text.DMA1_IRQHandler
                0x00008198        0x8 ./startup/startup_mk60d10.o
                0x00008198                DMA1_IRQHandler
 .text.DMA2_IRQHandler
                0x000081a0        0x8 ./startup/startup_mk60d10.o
                0x000081a0                DMA2_IRQHandler
 .text.DMA3_IRQHandler
                0x000081a8        0x8 ./startup/startup_mk60d10.o
                0x000081a8                DMA3_IRQHandler
 .text.DMA4_IRQHandler
                0x000081b0        0x8 ./startup/startup_mk60d10.o
                0x000081b0                DMA4_IRQHandler
 .text.DMA5_IRQHandler
                0x000081b8        0x8 ./startup/startup_mk60d10.o
                0x000081b8                DMA5_IRQHandler
 .text.DMA6_IRQHandler
                0x000081c0        0x8 ./startup/startup_mk60d10.o
                0x000081c0                DMA6_IRQHandler
 .text.DMA7_IRQHandler
                0x000081c8        0x8 ./startup/startup_mk60d10.o
                0x000081c8                DMA7_IRQHandler
 .text.DMA8_IRQHandler
                0x000081d0        0x8 ./startup/startup_mk60d10.o
                0x000081d0                DMA8_IRQHandler
 .text.DMA9_IRQHandler
                0x000081d8        0x8 ./startup/startup_mk60d10.o
                0x000081d8                DMA9_IRQHandler
 .text.DMA10_IRQHandler
                0x000081e0        0x8 ./startup/startup_mk60d10.o
                0x000081e0                DMA10_IRQHandler
 .text.DMA11_IRQHandler
                0x000081e8        0x8 ./startup/startup_mk60d10.o
                0x000081e8                DMA11_IRQHandler
 .text.DMA12_IRQHandler
                0x000081f0        0x8 ./startup/startup_mk60d10.o
                0x000081f0                DMA12_IRQHandler
 .text.DMA13_IRQHandler
                0x000081f8        0x8 ./startup/startup_mk60d10.o
                0x000081f8                DMA13_IRQHandler
 .text.DMA14_IRQHandler
                0x00008200        0x8 ./startup/startup_mk60d10.o
                0x00008200                DMA14_IRQHandler
 .text.DMA15_IRQHandler
                0x00008208        0x8 ./startup/startup_mk60d10.o
                0x00008208                DMA15_IRQHandler
 .text.DMA_Error_IRQHandler
                0x00008210        0x8 ./startup/startup_mk60d10.o
                0x00008210                DMA_Error_IRQHandler
 .text.MCM_IRQHandler
                0x00008218        0x8 ./startup/startup_mk60d10.o
                0x00008218                MCM_IRQHandler
 .text.FTFL_IRQHandler
                0x00008220        0x8 ./startup/startup_mk60d10.o
                0x00008220                FTFL_IRQHandler
 .text.Read_Collision_IRQHandler
                0x00008228        0x8 ./startup/startup_mk60d10.o
                0x00008228                Read_Collision_IRQHandler
 .text.LVD_LVW_IRQHandler
                0x00008230        0x8 ./startup/startup_mk60d10.o
                0x00008230                LVD_LVW_IRQHandler
 .text.LLWU_IRQHandler
                0x00008238        0x8 ./startup/startup_mk60d10.o
                0x00008238                LLWU_IRQHandler
 .text.WDOG_EWM_IRQHandler
                0x00008240        0x8 ./startup/startup_mk60d10.o
                0x00008240                WDOG_EWM_IRQHandler
 .text.RNG_IRQHandler
                0x00008248        0x8 ./startup/startup_mk60d10.o
                0x00008248                RNG_IRQHandler
 .text.I2C0_IRQHandler
                0x00008250        0x8 ./startup/startup_mk60d10.o
                0x00008250                I2C0_IRQHandler
 .text.I2C1_IRQHandler
                0x00008258        0x8 ./startup/startup_mk60d10.o
                0x00008258                I2C1_IRQHandler
 .text.SPI0_IRQHandler
                0x00008260        0x8 ./startup/startup_mk60d10.o
                0x00008260                SPI0_IRQHandler
 .text.SPI1_IRQHandler
                0x00008268        0x8 ./startup/startup_mk60d10.o
                0x00008268                SPI1_IRQHandler
 .text.SPI2_IRQHandler
                0x00008270        0x8 ./startup/startup_mk60d10.o
                0x00008270                SPI2_IRQHandler
 .text.CAN0_ORed_Message_buffer_IRQHandler
                0x00008278        0x8 ./startup/startup_mk60d10.o
                0x00008278                CAN0_ORed_Message_buffer_IRQHandler
 .text.CAN0_Bus_Off_IRQHandler
                0x00008280        0x8 ./startup/startup_mk60d10.o
                0x00008280                CAN0_Bus_Off_IRQHandler
 .text.CAN0_Error_IRQHandler
                0x00008288        0x8 ./startup/startup_mk60d10.o
                0x00008288                CAN0_Error_IRQHandler
 .text.CAN0_Tx_Warning_IRQHandler
                0x00008290        0x8 ./startup/startup_mk60d10.o
                0x00008290                CAN0_Tx_Warning_IRQHandler
 .text.CAN0_Rx_Warning_IRQHandler
                0x00008298        0x8 ./startup/startup_mk60d10.o
                0x00008298                CAN0_Rx_Warning_IRQHandler
 .text.CAN0_Wake_Up_IRQHandler
                0x000082a0        0x8 ./startup/startup_mk60d10.o
                0x000082a0                CAN0_Wake_Up_IRQHandler
 .text.I2S0_Tx_IRQHandler
                0x000082a8        0x8 ./startup/startup_mk60d10.o
                0x000082a8                I2S0_Tx_IRQHandler
 .text.I2S0_Rx_IRQHandler
                0x000082b0        0x8 ./startup/startup_mk60d10.o
                0x000082b0                I2S0_Rx_IRQHandler
 .text.CAN1_ORed_Message_buffer_IRQHandler
                0x000082b8        0x8 ./startup/startup_mk60d10.o
                0x000082b8                CAN1_ORed_Message_buffer_IRQHandler
 .text.CAN1_Bus_Off_IRQHandler
                0x000082c0        0x8 ./startup/startup_mk60d10.o
                0x000082c0                CAN1_Bus_Off_IRQHandler
 .text.CAN1_Error_IRQHandler
                0x000082c8        0x8 ./startup/startup_mk60d10.o
                0x000082c8                CAN1_Error_IRQHandler
 .text.CAN1_Tx_Warning_IRQHandler
                0x000082d0        0x8 ./startup/startup_mk60d10.o
                0x000082d0                CAN1_Tx_Warning_IRQHandler
 .text.CAN1_Rx_Warning_IRQHandler
                0x000082d8        0x8 ./startup/startup_mk60d10.o
                0x000082d8                CAN1_Rx_Warning_IRQHandler
 .text.CAN1_Wake_Up_IRQHandler
                0x000082e0        0x8 ./startup/startup_mk60d10.o
                0x000082e0                CAN1_Wake_Up_IRQHandler
 .text.Reserved59_IRQHandler
                0x000082e8        0x8 ./startup/startup_mk60d10.o
                0x000082e8                Reserved59_IRQHandler
 .text.UART0_LON_IRQHandler
                0x000082f0        0x8 ./startup/startup_mk60d10.o
                0x000082f0                UART0_LON_IRQHandler
 .text.UART0_RX_TX_IRQHandler
                0x000082f8        0x8 ./startup/startup_mk60d10.o
                0x000082f8                UART0_RX_TX_IRQHandler
 .text.UART0_ERR_IRQHandler
                0x00008300        0x8 ./startup/startup_mk60d10.o
                0x00008300                UART0_ERR_IRQHandler
 .text.UART1_RX_TX_IRQHandler
                0x00008308        0x8 ./startup/startup_mk60d10.o
                0x00008308                UART1_RX_TX_IRQHandler
 .text.UART1_ERR_IRQHandler
                0x00008310        0x8 ./startup/startup_mk60d10.o
                0x00008310                UART1_ERR_IRQHandler
 .text.UART2_RX_TX_IRQHandler
                0x00008318        0x8 ./startup/startup_mk60d10.o
                0x00008318                UART2_RX_TX_IRQHandler
 .text.UART2_ERR_IRQHandler
                0x00008320        0x8 ./startup/startup_mk60d10.o
                0x00008320                UART2_ERR_IRQHandler
 .text.UART3_RX_TX_IRQHandler
                0x00008328        0x8 ./startup/startup_mk60d10.o
                0x00008328                UART3_RX_TX_IRQHandler
 .text.UART3_ERR_IRQHandler
                0x00008330        0x8 ./startup/startup_mk60d10.o
                0x00008330                UART3_ERR_IRQHandler
 .text.UART4_RX_TX_IRQHandler
                0x00008338        0x8 ./startup/startup_mk60d10.o
                0x00008338                UART4_RX_TX_IRQHandler
 .text.UART4_ERR_IRQHandler
                0x00008340        0x8 ./startup/startup_mk60d10.o
                0x00008340                UART4_ERR_IRQHandler
 .text.UART5_RX_TX_IRQHandler
                0x00008348        0x8 ./startup/startup_mk60d10.o
                0x00008348                UART5_RX_TX_IRQHandler
 .text.UART5_ERR_IRQHandler
                0x00008350        0x8 ./startup/startup_mk60d10.o
                0x00008350                UART5_ERR_IRQHandler
 .text.ADC0_IRQHandler
                0x00008358        0x8 ./startup/startup_mk60d10.o
                0x00008358                ADC0_IRQHandler
 .text.ADC1_IRQHandler
                0x00008360        0x8 ./startup/startup_mk60d10.o
                0x00008360                ADC1_IRQHandler
 .text.CMP0_IRQHandler
                0x00008368        0x8 ./startup/startup_mk60d10.o
                0x00008368                CMP0_IRQHandler
 .text.CMP1_IRQHandler
                0x00008370        0x8 ./startup/startup_mk60d10.o
                0x00008370                CMP1_IRQHandler
 .text.CMP2_IRQHandler
                0x00008378        0x8 ./startup/startup_mk60d10.o
                0x00008378                CMP2_IRQHandler
 .text.FTM0_IRQHandler
                0x00008380        0x8 ./startup/startup_mk60d10.o
                0x00008380                FTM0_IRQHandler
 .text.FTM1_IRQHandler
                0x00008388        0x8 ./startup/startup_mk60d10.o
                0x00008388                FTM1_IRQHandler
 .text.FTM2_IRQHandler
                0x00008390        0x8 ./startup/startup_mk60d10.o
                0x00008390                FTM2_IRQHandler
 .text.CMT_IRQHandler
                0x00008398        0x8 ./startup/startup_mk60d10.o
                0x00008398                CMT_IRQHandler
 .text.RTC_IRQHandler
                0x000083a0        0x8 ./startup/startup_mk60d10.o
                0x000083a0                RTC_IRQHandler
 .text.RTC_Seconds_IRQHandler
                0x000083a8        0x8 ./startup/startup_mk60d10.o
                0x000083a8                RTC_Seconds_IRQHandler
 .text.PIT0_IRQHandler
                0x000083b0        0x8 ./startup/startup_mk60d10.o
                0x000083b0                PIT0_IRQHandler
 .text.PIT1_IRQHandler
                0x000083b8        0x8 ./startup/startup_mk60d10.o
                0x000083b8                PIT1_IRQHandler
 .text.PIT2_IRQHandler
                0x000083c0        0x8 ./startup/startup_mk60d10.o
                0x000083c0                PIT2_IRQHandler
 .text.PIT3_IRQHandler
                0x000083c8        0x8 ./startup/startup_mk60d10.o
                0x000083c8                PIT3_IRQHandler
 .text.PDB0_IRQHandler
                0x000083d0        0x8 ./startup/startup_mk60d10.o
                0x000083d0                PDB0_IRQHandler
 .text.USB0_IRQHandler
                0x000083d8        0x8 ./startup/startup_mk60d10.o
                0x000083d8                USB0_IRQHandler
 .text.USBDCD_IRQHandler
                0x000083e0        0x8 ./startup/startup_mk60d10.o
                0x000083e0                USBDCD_IRQHandler
 .text.Reserved95_IRQHandler
                0x000083e8        0x8 ./startup/startup_mk60d10.o
                0x000083e8                Reserved95_IRQHandler
 .text.SDHC_IRQHandler
                0x000083f0        0x8 ./startup/startup_mk60d10.o
                0x000083f0                SDHC_IRQHandler
 .text.DAC0_IRQHandler
                0x000083f8        0x8 ./startup/startup_mk60d10.o
                0x000083f8                DAC0_IRQHandler
 .text.DAC1_IRQHandler
                0x00008400        0x8 ./startup/startup_mk60d10.o
                0x00008400                DAC1_IRQHandler
 .text.TSI0_IRQHandler
                0x00008408        0x8 ./startup/startup_mk60d10.o
                0x00008408                TSI0_IRQHandler
 .text.MCG_IRQHandler
                0x00008410        0x8 ./startup/startup_mk60d10.o
                0x00008410                MCG_IRQHandler
 .text.LPTMR0_IRQHandler
                0x00008418        0x8 ./startup/startup_mk60d10.o
                0x00008418                LPTMR0_IRQHandler
 .text.Reserved102_IRQHandler
                0x00008420        0x8 ./startup/startup_mk60d10.o
                0x00008420                Reserved102_IRQHandler
 .text.PORTA_IRQHandler
                0x00008428        0x8 ./startup/startup_mk60d10.o
                0x00008428                PORTA_IRQHandler
 .text.PORTB_IRQHandler
                0x00008430        0x8 ./startup/startup_mk60d10.o
                0x00008430                PORTB_IRQHandler
 .text.PORTC_IRQHandler
                0x00008438        0x8 ./startup/startup_mk60d10.o
                0x00008438                PORTC_IRQHandler
 .text.PORTD_IRQHandler
                0x00008440        0x8 ./startup/startup_mk60d10.o
                0x00008440                PORTD_IRQHandler
 .text.PORTE_IRQHandler
                0x00008448        0x8 ./startup/startup_mk60d10.o
                0x00008448                PORTE_IRQHandler
 .text.Reserved108_IRQHandler
                0x00008450        0x8 ./startup/startup_mk60d10.o
                0x00008450                Reserved108_IRQHandler
 .text.Reserved109_IRQHandler
                0x00008458        0x8 ./startup/startup_mk60d10.o
                0x00008458                Reserved109_IRQHandler
 .text.SWI_IRQHandler
                0x00008460        0x8 ./startup/startup_mk60d10.o
                0x00008460                SWI_IRQHandler
 .text.SysTick_Handler
                0x00008468        0x4 ./source/lwip_httpsrv_bm.o
                0x00008468                SysTick_Handler
 .text.HardFault_Handler
                0x0000846c       0x2a ./source/semihost_hardfault.o
                0x0000846c                HardFault_Handler
 .text.dhcp_set_state
                0x00008496       0x10 ./lwip/src/core/ipv4/dhcp.o
 .text.dhcp_check
                0x000084a6       0x2a ./lwip/src/core/ipv4/dhcp.o
 .text.dhcp_supplied_address
                0x000084d0       0x1a ./lwip/src/core/ipv4/dhcp.o
                0x000084d0                dhcp_supplied_address
 .text.icmp_dest_unreach
                0x000084ea        0xa ./lwip/src/core/ipv4/icmp.o
                0x000084ea                icmp_dest_unreach
 .text.icmp_time_exceeded
                0x000084f4        0xa ./lwip/src/core/ipv4/icmp.o
                0x000084f4                icmp_time_exceeded
 .text.ip4_output_if
                0x000084fe       0x22 ./lwip/src/core/ipv4/ip4.o
                0x000084fe                ip4_output_if
 .text.ip4_addr_isbroadcast_u32
                0x00008520       0x32 ./lwip/src/core/ipv4/ip4_addr.o
                0x00008520                ip4_addr_isbroadcast_u32
 .text.lwip_htons
                0x00008552        0x6 ./lwip/src/core/def.o
                0x00008552                lwip_htons
 .text.lwip_htonl
                0x00008558        0x4 ./lwip/src/core/def.o
                0x00008558                lwip_htonl
 .text.lwip_strnstr
                0x0000855c       0x42 ./lwip/src/core/def.o
                0x0000855c                lwip_strnstr
 .text.lwip_stricmp
                0x0000859e       0x2e ./lwip/src/core/def.o
                0x0000859e                lwip_stricmp
 .text.lwip_standard_chksum
                0x000085cc       0x5a ./lwip/src/core/inet_chksum.o
                0x000085cc                lwip_standard_chksum
 .text.inet_chksum_pseudo
                0x00008626       0x92 ./lwip/src/core/inet_chksum.o
                0x00008626                inet_chksum_pseudo
 .text.ip_chksum_pseudo
                0x000086b8        0x4 ./lwip/src/core/inet_chksum.o
                0x000086b8                ip_chksum_pseudo
 .text.inet_chksum
                0x000086bc        0xc ./lwip/src/core/inet_chksum.o
                0x000086bc                inet_chksum
 .text.inet_chksum_pbuf
                0x000086c8       0x46 ./lwip/src/core/inet_chksum.o
                0x000086c8                inet_chksum_pbuf
 .text.lwip_init
                0x0000870e       0x1e ./lwip/src/core/init.o
                0x0000870e                lwip_init
 .text.memp_init_pool
                0x0000872c       0x26 ./lwip/src/core/memp.o
                0x0000872c                memp_init_pool
 .text.netif_issue_reports.part.0
                0x00008752       0x12 ./lwip/src/core/netif.o
 .text.netif_init
                0x00008764        0x2 ./lwip/src/core/netif.o
                0x00008764                netif_init
 .text.netif_set_addr
                0x00008766       0x38 ./lwip/src/core/netif.o
                0x00008766                netif_set_addr
 .text.netif_set_up
                0x0000879e       0x1e ./lwip/src/core/netif.o
                0x0000879e                netif_set_up
 .text.pbuf_clen
                0x000087bc       0x10 ./lwip/src/core/pbuf.o
                0x000087bc                pbuf_clen
 .text.pbuf_ref
                0x000087cc       0x1a ./lwip/src/core/pbuf.o
                0x000087cc                pbuf_ref
 .text.pbuf_chain
                0x000087e6       0x12 ./lwip/src/core/pbuf.o
                0x000087e6                pbuf_chain
 .text.tcp_init
                0x000087f8        0x2 ./lwip/src/core/tcp.o
                0x000087f8                tcp_init
 .text.tcp_seg_free
                0x000087fa       0x1c ./lwip/src/core/tcp.o
                0x000087fa                tcp_seg_free
 .text.tcp_segs_free
                0x00008816       0x10 ./lwip/src/core/tcp.o
                0x00008816                tcp_segs_free
 .text.tcp_setprio
                0x00008826        0x4 ./lwip/src/core/tcp.o
                0x00008826                tcp_setprio
 .text.tcp_arg  0x0000882a        0x6 ./lwip/src/core/tcp.o
                0x0000882a                tcp_arg
 .text.tcp_accept
                0x00008830        0xc ./lwip/src/core/tcp.o
                0x00008830                tcp_accept
 .text.tcp_pcb_purge
                0x0000883c       0x3c ./lwip/src/core/tcp.o
                0x0000883c                tcp_pcb_purge
 .text.tcp_close
                0x00008878       0x14 ./lwip/src/core/tcp.o
                0x00008878                tcp_close
 .text.tcp_recv_null
                0x0000888c       0x24 ./lwip/src/core/tcp.o
                0x0000888c                tcp_recv_null
 .text.tcp_process_refused_data
                0x000088b0       0x64 ./lwip/src/core/tcp.o
                0x000088b0                tcp_process_refused_data
 .text.tcp_abort
                0x00008914        0x6 ./lwip/src/core/tcp.o
                0x00008914                tcp_abort
 .text.tcp_accept_null
                0x0000891a        0xe ./lwip/src/core/tcp.o
 .text.tcp_netif_ip_addr_changed_pcblist.isra.5
                0x00008928       0x1c ./lwip/src/core/tcp.o
 .text.tcp_new_ip_type
                0x00008944        0x6 ./lwip/src/core/tcp.o
                0x00008944                tcp_new_ip_type
 .text.tcp_eff_send_mss_impl
                0x0000894a       0x1e ./lwip/src/core/tcp.o
                0x0000894a                tcp_eff_send_mss_impl
 .text.tcp_send_fin
                0x00008968       0x46 ./lwip/src/core/tcp_out.o
                0x00008968                tcp_send_fin
 .text.tcp_send_empty_ack
                0x000089ae       0x86 ./lwip/src/core/tcp_out.o
                0x000089ae                tcp_send_empty_ack
 .text.tcp_rexmit_rto
                0x00008a34       0x32 ./lwip/src/core/tcp_out.o
                0x00008a34                tcp_rexmit_rto
 .text.tcp_rexmit
                0x00008a66       0x4e ./lwip/src/core/tcp_out.o
                0x00008a66                tcp_rexmit
 .text.tcp_rexmit_fast
                0x00008ab4       0x4e ./lwip/src/core/tcp_out.o
                0x00008ab4                tcp_rexmit_fast
 .text.tcp_keepalive
                0x00008b02       0x70 ./lwip/src/core/tcp_out.o
                0x00008b02                tcp_keepalive
 .text.tcp_zero_window_probe
                0x00008b72       0xd6 ./lwip/src/core/tcp_out.o
                0x00008b72                tcp_zero_window_probe
 .text.udp_init
                0x00008c48        0x2 ./lwip/src/core/udp.o
                0x00008c48                udp_init
 .text.udp_sendto_if
                0x00008c4a       0x32 ./lwip/src/core/udp.o
                0x00008c4a                udp_sendto_if
 .text.fs_close_custom
                0x00008c7c       0x14 ./lwip/src/apps/httpd/fs.o
                0x00008c7c                fs_close_custom
 .text.fs_close
                0x00008c90        0xa ./lwip/src/apps/httpd/fs.o
                0x00008c90                fs_close
 .text.fs_bytes_left
                0x00008c9a        0x8 ./lwip/src/apps/httpd/fs.o
                0x00008c9a                fs_bytes_left
 .text.http_write
                0x00008ca2       0x66 ./lwip/src/apps/httpd/httpd.o
 .text.http_state_eof
                0x00008d08       0x1e ./lwip/src/apps/httpd/httpd.o
 .text.http_err
                0x00008d26       0x16 ./lwip/src/apps/httpd/httpd.o
 .text.http_send
                0x00008d3c      0x164 ./lwip/src/apps/httpd/httpd.o
 .text.http_sent
                0x00008ea0       0x18 ./lwip/src/apps/httpd/httpd.o
 .text.http_poll
                0x00008eb8       0x3a ./lwip/src/apps/httpd/httpd.o
 .text.low_level_input.isra.1
                0x00008ef2       0x88 ./lwip/port/ethernetif.o
 .text.sys_arch_protect
                0x00008f7a        0x8 ./lwip/port/sys_arch.o
                0x00008f7a                sys_arch_protect
 .text.sys_arch_unprotect
                0x00008f82        0x6 ./lwip/port/sys_arch.o
                0x00008f82                sys_arch_unprotect
 .text.ENET_UpdateReadBuffers
                0x00008f88       0x26 ./drivers/fsl_enet.o
 .text.ENET_TransmitIRQHandler
                0x00008fae       0x28 ./drivers/fsl_enet.o
                0x00008fae                ENET_TransmitIRQHandler
 .text.ENET_ReceiveIRQHandler
                0x00008fd6       0x28 ./drivers/fsl_enet.o
                0x00008fd6                ENET_ReceiveIRQHandler
 .text.ENET_ErrorIRQHandler
                0x00008ffe       0x40 ./drivers/fsl_enet.o
                0x00008ffe                ENET_ErrorIRQHandler
 .text.ENET_SetMacAddr
                0x0000903e       0x14 ./drivers/fsl_enet.o
                0x0000903e                ENET_SetMacAddr
 .text.ENET_StartSMIWrite
                0x00009052       0x2a ./drivers/fsl_enet.o
                0x00009052                ENET_StartSMIWrite
 .text.ENET_StartSMIRead
                0x0000907c       0x22 ./drivers/fsl_enet.o
                0x0000907c                ENET_StartSMIRead
 .text.ENET_ReadFrame
                0x0000909e       0x92 ./drivers/fsl_enet.o
                0x0000909e                ENET_ReadFrame
 .text.UART_GetDefaultConfig
                0x00009130       0x12 ./drivers/fsl_uart.o
                0x00009130                UART_GetDefaultConfig
 .text.UART_GetStatusFlags
                0x00009142       0x16 ./drivers/fsl_uart.o
                0x00009142                UART_GetStatusFlags
 .text.UART_WriteBlocking
                0x00009158       0x16 ./drivers/fsl_uart.o
                0x00009158                UART_WriteBlocking
 .text.UART_ReadBlocking
                0x0000916e       0x4c ./drivers/fsl_uart.o
                0x0000916e                UART_ReadBlocking
 .text.UART0_RX_TX_DriverIRQHandler
                0x000091ba        0x4 ./drivers/fsl_uart.o
                0x000091ba                UART0_RX_TX_DriverIRQHandler
 .text.UART1_RX_TX_DriverIRQHandler
                0x000091be        0x4 ./drivers/fsl_uart.o
                0x000091be                UART1_RX_TX_DriverIRQHandler
 .text.UART2_RX_TX_DriverIRQHandler
                0x000091c2        0x4 ./drivers/fsl_uart.o
                0x000091c2                UART2_RX_TX_DriverIRQHandler
 .text.UART3_RX_TX_DriverIRQHandler
                0x000091c6        0x4 ./drivers/fsl_uart.o
                0x000091c6                UART3_RX_TX_DriverIRQHandler
 .text.UART4_RX_TX_DriverIRQHandler
                0x000091ca        0x4 ./drivers/fsl_uart.o
                0x000091ca                UART4_RX_TX_DriverIRQHandler
 .text.UART5_RX_TX_DriverIRQHandler
                0x000091ce        0x4 ./drivers/fsl_uart.o
                0x000091ce                UART5_RX_TX_DriverIRQHandler
 .text.PHY_GetLinkStatus
                0x000091d2       0x1e ./board/fsl_phy.o
                0x000091d2                PHY_GetLinkStatus
 .text.PHY_GetLinkSpeedDuplex
                0x000091f0       0x3a ./board/fsl_phy.o
                0x000091f0                PHY_GetLinkSpeedDuplex
 .text.__main   0x0000922a        0xe c:/nxp/mcuxpressoide_11.0.1_2563/ide/plugins/com.nxp.mcuxpresso.tools.win32_11.0.1.201907311258/tools/bin/../lib/gcc/arm-none-eabi/8.2.1/../../../../arm-none-eabi/lib/thumb/v7e-m/nofp\libcr_semihost_nf.a(_cr__main.o)
                0x0000922a                __CR_SEMIHOST
                0x0000922a                __main
 .text.memcpy   0x00009238        0x4 c:/nxp/mcuxpressoide_11.0.1_2563/ide/plugins/com.nxp.mcuxpresso.tools.win32_11.0.1.201907311258/tools/bin/../lib/gcc/arm-none-eabi/8.2.1/../../../../arm-none-eabi/lib/thumb/v7e-m/nofp\libcr_c.a(memcpy.o)
                0x00009238                memcpy
 .text.memset   0x0000923c        0x4 c:/nxp/mcuxpressoide_11.0.1_2563/ide/plugins/com.nxp.mcuxpresso.tools.win32_11.0.1.201907311258/tools/bin/../lib/gcc/arm-none-eabi/8.2.1/../../../../arm-none-eabi/lib/thumb/v7e-m/nofp\libcr_c.a(memset.o)
                0x0000923c                memset
 .text.memcmp   0x00009240       0x44 c:/nxp/mcuxpressoide_11.0.1_2563/ide/plugins/com.nxp.mcuxpresso.tools.win32_11.0.1.201907311258/tools/bin/../lib/gcc/arm-none-eabi/8.2.1/../../../../arm-none-eabi/lib/thumb/v7e-m/nofp\libcr_c.a(memcmp.o)
                0x00009240                memcmp
 .text.no_fp_display
                0x00009284        0x4 c:/nxp/mcuxpressoide_11.0.1_2563/ide/plugins/com.nxp.mcuxpresso.tools.win32_11.0.1.201907311258/tools/bin/../lib/gcc/arm-none-eabi/8.2.1/../../../../arm-none-eabi/lib/thumb/v7e-m/nofp\libcr_c.a(printf.o)
 .text.strchr   0x00009288       0x18 c:/nxp/mcuxpressoide_11.0.1_2563/ide/plugins/com.nxp.mcuxpresso.tools.win32_11.0.1.201907311258/tools/bin/../lib/gcc/arm-none-eabi/8.2.1/../../../../arm-none-eabi/lib/thumb/v7e-m/nofp\libcr_c.a(strchr.o)
                0x00009288                strchr
 .text.strcmp   0x000092a0       0x46 c:/nxp/mcuxpressoide_11.0.1_2563/ide/plugins/com.nxp.mcuxpresso.tools.win32_11.0.1.201907311258/tools/bin/../lib/gcc/arm-none-eabi/8.2.1/../../../../arm-none-eabi/lib/thumb/v7e-m/nofp\libcr_c.a(strcmp.o)
                0x000092a0                strcmp
 .text.strcpy   0x000092e6       0x42 c:/nxp/mcuxpressoide_11.0.1_2563/ide/plugins/com.nxp.mcuxpresso.tools.win32_11.0.1.201907311258/tools/bin/../lib/gcc/arm-none-eabi/8.2.1/../../../../arm-none-eabi/lib/thumb/v7e-m/nofp\libcr_c.a(strcpy.o)
                0x000092e6                strcpy
 .text.strlen   0x00009328       0x4c c:/nxp/mcuxpressoide_11.0.1_2563/ide/plugins/com.nxp.mcuxpresso.tools.win32_11.0.1.201907311258/tools/bin/../lib/gcc/arm-none-eabi/8.2.1/../../../../arm-none-eabi/lib/thumb/v7e-m/nofp\libcr_c.a(strlen.o)
                0x00009328                strlen
 .text.strncmp  0x00009374       0x58 c:/nxp/mcuxpressoide_11.0.1_2563/ide/plugins/com.nxp.mcuxpresso.tools.win32_11.0.1.201907311258/tools/bin/../lib/gcc/arm-none-eabi/8.2.1/../../../../arm-none-eabi/lib/thumb/v7e-m/nofp\libcr_c.a(strncmp.o)
                0x00009374                strncmp
 .text.strstr   0x000093cc       0x20 c:/nxp/mcuxpressoide_11.0.1_2563/ide/plugins/com.nxp.mcuxpresso.tools.win32_11.0.1.201907311258/tools/bin/../lib/gcc/arm-none-eabi/8.2.1/../../../../arm-none-eabi/lib/thumb/v7e-m/nofp\libcr_c.a(strstr.o)
                0x000093cc                strstr
 .text._deferredlazyseek
                0x000093ec       0x40 c:/nxp/mcuxpressoide_11.0.1_2563/ide/plugins/com.nxp.mcuxpresso.tools.win32_11.0.1.201907311258/tools/bin/../lib/gcc/arm-none-eabi/8.2.1/../../../../arm-none-eabi/lib/thumb/v7e-m/nofp\libcr_c.a(_deferredlazyseek.o)
                0x000093ec                _deferredlazyseek
 .text.__flsbuf
                0x0000942c      0x140 c:/nxp/mcuxpressoide_11.0.1_2563/ide/plugins/com.nxp.mcuxpresso.tools.win32_11.0.1.201907311258/tools/bin/../lib/gcc/arm-none-eabi/8.2.1/../../../../arm-none-eabi/lib/thumb/v7e-m/nofp\libcr_c.a(_deferredlazyseek.o)
                0x0000942c                __flsbuf
 .text._fdopen  0x0000956c       0x68 c:/nxp/mcuxpressoide_11.0.1_2563/ide/plugins/com.nxp.mcuxpresso.tools.win32_11.0.1.201907311258/tools/bin/../lib/gcc/arm-none-eabi/8.2.1/../../../../arm-none-eabi/lib/thumb/v7e-m/nofp\libcr_c.a(_fdopen.o)
                0x0000956c                _fdopen
 .text._fflush  0x000095d4       0x52 c:/nxp/mcuxpressoide_11.0.1_2563/ide/plugins/com.nxp.mcuxpresso.tools.win32_11.0.1.201907311258/tools/bin/../lib/gcc/arm-none-eabi/8.2.1/../../../../arm-none-eabi/lib/thumb/v7e-m/nofp\libcr_c.a(_fflush.o)
                0x000095d4                _fflush
 .text.free     0x00009626       0x30 c:/nxp/mcuxpressoide_11.0.1_2563/ide/plugins/com.nxp.mcuxpresso.tools.win32_11.0.1.201907311258/tools/bin/../lib/gcc/arm-none-eabi/8.2.1/../../../../arm-none-eabi/lib/thumb/v7e-m/nofp\libcr_c.a(alloc.o)
                0x00009626                free
 .text.fclose   0x00009656       0x58 c:/nxp/mcuxpressoide_11.0.1_2563/ide/plugins/com.nxp.mcuxpresso.tools.win32_11.0.1.201907311258/tools/bin/../lib/gcc/arm-none-eabi/8.2.1/../../../../arm-none-eabi/lib/thumb/v7e-m/nofp\libcr_c.a(fclose.o)
                0x00009656                fclose
 .text.remove   0x000096ae       0x14 c:/nxp/mcuxpressoide_11.0.1_2563/ide/plugins/com.nxp.mcuxpresso.tools.win32_11.0.1.201907311258/tools/bin/../lib/gcc/arm-none-eabi/8.2.1/../../../../arm-none-eabi/lib/thumb/v7e-m/nofp\libcr_c.a(remove.o)
                0x000096ae                remove
 .text._do_fflush
                0x000096c2       0x40 c:/nxp/mcuxpressoide_11.0.1_2563/ide/plugins/com.nxp.mcuxpresso.tools.win32_11.0.1.201907311258/tools/bin/../lib/gcc/arm-none-eabi/8.2.1/../../../../arm-none-eabi/lib/thumb/v7e-m/nofp\libcr_c.a(_do_fflush.o)
                0x000096c2                _do_fflush
 .text.__aeabi_division_uldivmod
                0x00009702      0x174 c:/nxp/mcuxpressoide_11.0.1_2563/ide/plugins/com.nxp.mcuxpresso.tools.win32_11.0.1.201907311258/tools/bin/../lib/gcc/arm-none-eabi/8.2.1/thumb/v7e-m/nofp\libcr_eabihelpers.a(division_64.o)
                0x00009702                __aeabi_uldivmod
                0x00009706                __bhs_ldivmod1
 .text.__aeabi_division_idiv0
                0x00009876        0x2 c:/nxp/mcuxpressoide_11.0.1_2563/ide/plugins/com.nxp.mcuxpresso.tools.win32_11.0.1.201907311258/tools/bin/../lib/gcc/arm-none-eabi/8.2.1/thumb/v7e-m/nofp\libcr_eabihelpers.a(division_idiv0.o)
                0x00009876                __aeabi_idiv0
 .text.__aeabi_memcpy
                0x00009878       0x34 c:/nxp/mcuxpressoide_11.0.1_2563/ide/plugins/com.nxp.mcuxpresso.tools.win32_11.0.1.201907311258/tools/bin/../lib/gcc/arm-none-eabi/8.2.1/thumb/v7e-m/nofp\libcr_eabihelpers.a(memcpy.o)
                0x00009878                __aeabi_memcpy
                0x00009882                __aeabi_memcpy8
                0x00009882                __aeabi_memcpy4
 .text.__aeabi_memset_lowlevel
                0x000098ac       0x32 c:/nxp/mcuxpressoide_11.0.1_2563/ide/plugins/com.nxp.mcuxpresso.tools.win32_11.0.1.201907311258/tools/bin/../lib/gcc/arm-none-eabi/8.2.1/thumb/v7e-m/nofp\libcr_eabihelpers.a(memcpy.o)
                0x000098ac                __aeabi_lowlevel_memset
 .text.__sys_close
                0x000098de        0xc c:/nxp/mcuxpressoide_11.0.1_2563/ide/plugins/com.nxp.mcuxpresso.tools.win32_11.0.1.201907311258/tools/bin/../lib/gcc/arm-none-eabi/8.2.1/../../../../arm-none-eabi/lib/thumb/v7e-m/nofp\libcr_semihost_nf.a(__sys_close.o)
                0x000098de                __sys_close
 .text.__sys_flen
                0x000098ea        0xc c:/nxp/mcuxpressoide_11.0.1_2563/ide/plugins/com.nxp.mcuxpresso.tools.win32_11.0.1.201907311258/tools/bin/../lib/gcc/arm-none-eabi/8.2.1/../../../../arm-none-eabi/lib/thumb/v7e-m/nofp\libcr_semihost_nf.a(__sys_flen.o)
                0x000098ea                __sys_flen
 .text.__sys_istty
                0x000098f6        0xc c:/nxp/mcuxpressoide_11.0.1_2563/ide/plugins/com.nxp.mcuxpresso.tools.win32_11.0.1.201907311258/tools/bin/../lib/gcc/arm-none-eabi/8.2.1/../../../../arm-none-eabi/lib/thumb/v7e-m/nofp\libcr_semihost_nf.a(__sys_istty.o)
                0x000098f6                __sys_istty
 .text.__sys_remove
                0x00009902        0xc c:/nxp/mcuxpressoide_11.0.1_2563/ide/plugins/com.nxp.mcuxpresso.tools.win32_11.0.1.201907311258/tools/bin/../lib/gcc/arm-none-eabi/8.2.1/../../../../arm-none-eabi/lib/thumb/v7e-m/nofp\libcr_semihost_nf.a(__sys_remove.o)
                0x00009902                __sys_remove
 .text.__sys_seek
                0x0000990e        0xc c:/nxp/mcuxpressoide_11.0.1_2563/ide/plugins/com.nxp.mcuxpresso.tools.win32_11.0.1.201907311258/tools/bin/../lib/gcc/arm-none-eabi/8.2.1/../../../../arm-none-eabi/lib/thumb/v7e-m/nofp\libcr_semihost_nf.a(__sys_seek.o)
                0x0000990e                __sys_seek
 .text.__sys_tmpnam
                0x0000991a        0xc c:/nxp/mcuxpressoide_11.0.1_2563/ide/plugins/com.nxp.mcuxpresso.tools.win32_11.0.1.201907311258/tools/bin/../lib/gcc/arm-none-eabi/8.2.1/../../../../arm-none-eabi/lib/thumb/v7e-m/nofp\libcr_semihost_nf.a(__sys_tmpnam.o)
                0x0000991a                __sys_tmpnam
 .text.__sys_write
                0x00009926        0xc c:/nxp/mcuxpressoide_11.0.1_2563/ide/plugins/com.nxp.mcuxpresso.tools.win32_11.0.1.201907311258/tools/bin/../lib/gcc/arm-none-eabi/8.2.1/../../../../arm-none-eabi/lib/thumb/v7e-m/nofp\libcr_semihost_nf.a(__sys_write.o)
                0x00009926                __sys_write
 *(SORT_BY_ALIGNMENT(.rodata) SORT_BY_ALIGNMENT(.rodata.*) SORT_BY_ALIGNMENT(.constdata) SORT_BY_ALIGNMENT(.constdata.*))
 *fill*         0x00009932        0x2 ff
 .rodata.ip_addr_any
                0x00009934        0x4 ./lwip/src/core/ipv4/ip4_addr.o
                0x00009934                ip_addr_any
 .rodata.ip_addr_broadcast
                0x00009938        0x4 ./lwip/src/core/ipv4/ip4_addr.o
                0x00009938                ip_addr_broadcast
 .rodata.memp_FRAG_PBUF
                0x0000993c       0x10 ./lwip/src/core/memp.o
                0x0000993c                memp_FRAG_PBUF
 .rodata.memp_PBUF
                0x0000994c       0x10 ./lwip/src/core/memp.o
                0x0000994c                memp_PBUF
 .rodata.memp_PBUF_POOL
                0x0000995c       0x10 ./lwip/src/core/memp.o
                0x0000995c                memp_PBUF_POOL
 .rodata.memp_REASSDATA
                0x0000996c       0x10 ./lwip/src/core/memp.o
                0x0000996c                memp_REASSDATA
 .rodata.memp_SYS_TIMEOUT
                0x0000997c       0x10 ./lwip/src/core/memp.o
                0x0000997c                memp_SYS_TIMEOUT
 .rodata.memp_TCP_PCB
                0x0000998c       0x10 ./lwip/src/core/memp.o
                0x0000998c                memp_TCP_PCB
 .rodata.memp_TCP_PCB_LISTEN
                0x0000999c       0x10 ./lwip/src/core/memp.o
                0x0000999c                memp_TCP_PCB_LISTEN
 .rodata.memp_TCP_SEG
                0x000099ac       0x10 ./lwip/src/core/memp.o
                0x000099ac                memp_TCP_SEG
 .rodata.memp_UDP_PCB
                0x000099bc       0x10 ./lwip/src/core/memp.o
                0x000099bc                memp_UDP_PCB
 .rodata.memp_pools
                0x000099cc       0x24 ./lwip/src/core/memp.o
                0x000099cc                memp_pools
 .rodata.tcp_pcb_lists
                0x000099f0       0x10 ./lwip/src/core/tcp.o
                0x000099f0                tcp_pcb_lists
 .rodata.lwip_cyclic_timers
                0x00009a00       0x28 ./lwip/src/core/timeouts.o
                0x00009a00                lwip_cyclic_timers
 .rodata.cgi_handlers
                0x00009a28       0x18 ./lwip/src/apps/httpd/fs.o
 .rodata.file__404_html
                0x00009a40       0x14 ./lwip/src/apps/httpd/fs.o
                0x00009a40                file__404_html
 .rodata.file__img_sics_gif
                0x00009a54       0x14 ./lwip/src/apps/httpd/fs.o
                0x00009a54                file__img_sics_gif
 .rodata.file__index_html
                0x00009a68       0x14 ./lwip/src/apps/httpd/fs.o
                0x00009a68                file__index_html
 .rodata.g_psDefaultFilenames
                0x00009a7c       0x28 ./lwip/src/apps/httpd/httpd.o
                0x00009a7c                g_psDefaultFilenames
 .rodata.g_psHTTPHeaders
                0x00009aa4       0xa0 ./lwip/src/apps/httpd/httpd.o
 .rodata.s_enetClock
                0x00009b44        0x4 ./drivers/fsl_enet.o
                0x00009b44                s_enetClock
 .rodata.s_uartClock
                0x00009b48       0x18 ./drivers/fsl_uart.o
 .rodata.oscConfig_BOARD_BootClockRUN
                0x00009b60        0x8 ./board/clock_config.o
                0x00009b60                oscConfig_BOARD_BootClockRUN
 .rodata.simConfig_BOARD_BootClockRUN
                0x00009b68        0x8 ./board/clock_config.o
                0x00009b68                simConfig_BOARD_BootClockRUN
 .rodata.__num_Ciob_streams
                0x00009b70        0x4 c:/nxp/mcuxpressoide_11.0.1_2563/ide/plugins/com.nxp.mcuxpresso.tools.win32_11.0.1.201907311258/tools/bin/../lib/gcc/arm-none-eabi/8.2.1/../../../../arm-none-eabi/lib/thumb/v7e-m/nofp\libcr_semihost_nf.a(__ciob.o)
                0x00009b70                __num_Ciob_streams
 .rodata.fllFactorTable.6401
                0x00009b74       0x10 ./drivers/fsl_clock.o
 .rodata.main.str1.1
                0x00009b84       0x4c ./source/lwip_httpsrv_bm.o
                                 0x7f (size before relaxing)
 .rodata.ethbroadcast
                0x00009bd0        0x6 ./lwip/src/netif/ethernet.o
                0x00009bd0                ethbroadcast
 .rodata.ethernet_output.str1.1
                0x00009bd6       0x31 ./lwip/src/netif/ethernet.o
 .rodata.ethzero
                0x00009c07        0x6 ./lwip/src/netif/ethernet.o
                0x00009c07                ethzero
 .rodata.dhcp_bind.str1.1
                0x00009c0d       0x31 ./lwip/src/core/ipv4/dhcp.o
 .rodata.dhcp_create_msg.str1.1
                0x00009c3e       0xc9 ./lwip/src/core/ipv4/dhcp.o
 .rodata.dhcp_delete_msg.str1.1
                0x00009d07       0x6a ./lwip/src/core/ipv4/dhcp.o
 .rodata.dhcp_option.str1.1
                0x00009d71       0x48 ./lwip/src/core/ipv4/dhcp.o
 .rodata.dhcp_option_byte.str1.1
                0x00009db9       0x3b ./lwip/src/core/ipv4/dhcp.o
 .rodata.dhcp_option_long.str1.1
                0x00009df4       0x40 ./lwip/src/core/ipv4/dhcp.o
 .rodata.dhcp_option_short.str1.1
                0x00009e34       0x41 ./lwip/src/core/ipv4/dhcp.o
 .rodata.dhcp_option_trailer.str1.1
                0x00009e75       0x8d ./lwip/src/core/ipv4/dhcp.o
 .rodata.dhcp_set_struct.str1.1
                0x00009f02       0x24 ./lwip/src/core/ipv4/dhcp.o
                                 0x3f (size before relaxing)
 .rodata.etharp_find_entry.isra.0.str1.1
                0x00009f26       0x40 ./lwip/src/core/ipv4/etharp.o
 .rodata.etharp_get_entry.str1.1
                0x00009f66       0x1f ./lwip/src/core/ipv4/etharp.o
 .rodata.etharp_input.str1.1
                0x00009f85       0x24 ./lwip/src/core/ipv4/etharp.o
 .rodata.etharp_output.str1.1
                0x00009fa9       0x24 ./lwip/src/core/ipv4/etharp.o
                                  0xa (size before relaxing)
 .rodata.etharp_output_to_arp_index.str1.1
                0x00009fa9       0x30 ./lwip/src/core/ipv4/etharp.o
 .rodata.etharp_query.str1.1
                0x00009fd9       0x1a ./lwip/src/core/ipv4/etharp.o
 .rodata.etharp_raw.constprop.1.str1.1
                0x00009ff3       0x72 ./lwip/src/core/ipv4/etharp.o
                                 0x80 (size before relaxing)
 .rodata.icmp_input.str1.1
                0x0000a065       0x67 ./lwip/src/core/ipv4/icmp.o
 .rodata.icmp_send_response.isra.0.str1.1
                0x0000a0cc       0x2c ./lwip/src/core/ipv4/icmp.o
 .rodata.ip4_output_if_src.str1.1
                0x0000a0f8       0x39 ./lwip/src/core/ipv4/ip4.o
 .rodata.ip4_frag.str1.1
                0x0000a131       0x61 ./lwip/src/core/ipv4/ip4_frag.o
 .rodata.ip4_reass.str1.1
                0x0000a192       0xb1 ./lwip/src/core/ipv4/ip4_frag.o
 .rodata.ip_reass_dequeue_datagram.str1.1
                0x0000a243       0x19 ./lwip/src/core/ipv4/ip4_frag.o
 .rodata.ip_reass_free_complete_datagram.str1.1
                0x0000a25c       0x56 ./lwip/src/core/ipv4/ip4_frag.o
 .rodata.ipfrag_free_pbuf_custom.str1.1
                0x0000a2b2        0xc ./lwip/src/core/ipv4/ip4_frag.o
 .rodata.lwip_itoa.str1.1
                0x0000a2be       0x48 ./lwip/src/core/def.o
 .rodata.mem_free.str1.1
                0x0000a306       0xc2 ./lwip/src/core/mem.o
 .rodata.mem_malloc.str1.1
                0x0000a3c8       0x9b ./lwip/src/core/mem.o
 .rodata.mem_trim.str1.1
                0x0000a463       0x37 ./lwip/src/core/mem.o
 .rodata.do_memp_free_pool.isra.1.str1.1
                0x0000a49a       0x20 ./lwip/src/core/memp.o
 .rodata.do_memp_malloc_pool.isra.0.str1.1
                0x0000a4ba       0x23 ./lwip/src/core/memp.o
 .rodata.memp_free.str1.1
                0x0000a4dd       0x1b ./lwip/src/core/memp.o
 .rodata.memp_malloc.str1.1
                0x0000a4f8       0x1d ./lwip/src/core/memp.o
 .rodata.str1.1
                0x0000a515       0x5e ./lwip/src/core/memp.o
 .rodata.netif_add.str1.1
                0x0000a573       0x17 ./lwip/src/core/netif.o
 .rodata.CSWTCH.15
                0x0000a58a        0x5 ./lwip/src/core/pbuf.o
 .rodata.pbuf_alloc.str1.1
                0x0000a58f       0xa8 ./lwip/src/core/pbuf.o
 .rodata.pbuf_alloced_custom.str1.1
                0x0000a637       0x24 ./lwip/src/core/pbuf.o
 .rodata.pbuf_cat.str1.1
                0x0000a65b       0x72 ./lwip/src/core/pbuf.o
 .rodata.pbuf_copy.str1.1
                0x0000a6cd       0x99 ./lwip/src/core/pbuf.o
 .rodata.pbuf_copy_partial.str1.1
                0x0000a766       0x42 ./lwip/src/core/pbuf.o
 .rodata.pbuf_free.str1.1
                0x0000a7a8       0x4c ./lwip/src/core/pbuf.o
 .rodata.pbuf_header.str1.1
                0x0000a7f4       0x4c ./lwip/src/core/pbuf.o
                                  0xa (size before relaxing)
 .rodata.pbuf_header_impl.part.0.str1.1
                0x0000a7f4       0x2c ./lwip/src/core/pbuf.o
 .rodata.pbuf_realloc.str1.1
                0x0000a820       0x78 ./lwip/src/core/pbuf.o
 .rodata.tcp_abandon.str1.1
                0x0000a898       0x31 ./lwip/src/core/tcp.o
 .rodata.tcp_backlog_delayed.str1.1
                0x0000a8c9       0x21 ./lwip/src/core/tcp.o
 .rodata.tcp_backoff
                0x0000a8ea        0xd ./lwip/src/core/tcp.o
 .rodata.tcp_bind.str1.1
                0x0000a8f7       0x28 ./lwip/src/core/tcp.o
 .rodata.tcp_close_shutdown.str1.1
                0x0000a91f       0x19 ./lwip/src/core/tcp.o
 .rodata.tcp_err.str1.1
                0x0000a938       0x26 ./lwip/src/core/tcp.o
 .rodata.tcp_listen_with_backlog.str1.1
                0x0000a95e       0x4f ./lwip/src/core/tcp.o
 .rodata.tcp_pcb_remove.str1.1
                0x0000a9ad       0x31 ./lwip/src/core/tcp.o
 .rodata.tcp_persist_backoff
                0x0000a9de        0x7 ./lwip/src/core/tcp.o
 .rodata.tcp_poll.str1.1
                0x0000a9e5       0x1e ./lwip/src/core/tcp.o
 .rodata.tcp_recv.str1.1
                0x0000aa03       0x27 ./lwip/src/core/tcp.o
 .rodata.tcp_recved.str1.1
                0x0000aa2a       0x47 ./lwip/src/core/tcp.o
 .rodata.tcp_sent.str1.1
                0x0000aa71       0x27 ./lwip/src/core/tcp.o
 .rodata.tcp_slowtmr.str1.1
                0x0000aa98      0x152 ./lwip/src/core/tcp.o
 .rodata.tcp_update_rcv_ann_wnd.str1.1
                0x0000abea       0x1a ./lwip/src/core/tcp.o
 .rodata.tcp_input.str1.1
                0x0000ac04      0x1b6 ./lwip/src/core/tcp_in.o
 .rodata.tcp_receive.str1.1
                0x0000adba       0xf9 ./lwip/src/core/tcp_in.o
 .rodata.tcp_create_segment.str1.1
                0x0000aeb3       0x15 ./lwip/src/core/tcp_out.o
 .rodata.tcp_enqueue_flags.str1.1
                0x0000aec8       0xf8 ./lwip/src/core/tcp_out.o
 .rodata.tcp_output.str1.1
                0x0000afc0       0x3d ./lwip/src/core/tcp_out.o
 .rodata.tcp_output_alloc_header.constprop.1.str1.1
                0x0000affd       0x2e ./lwip/src/core/tcp_out.o
 .rodata.tcp_pbuf_prealloc.str1.1
                0x0000b02b       0x14 ./lwip/src/core/tcp_out.o
 .rodata.tcp_write.str1.1
                0x0000b03f      0x20f ./lwip/src/core/tcp_out.o
 .rodata.sys_timeout.str1.1
                0x0000b24e       0x3d ./lwip/src/core/timeouts.o
 .rodata.udp_input.str1.1
                0x0000b28b       0x14 ./lwip/src/core/udp.o
 .rodata.udp_sendto_if_src.str1.1
                0x0000b29f       0x2e ./lwip/src/core/udp.o
 .rodata.cgi_handler_basic.str1.1
                0x0000b2cd       0x76 ./lwip/src/apps/httpd/fs.o
                                 0x7d (size before relaxing)
 .rodata.cgi_server_update.str1.1
                0x0000b343       0x66 ./lwip/src/apps/httpd/fs.o
 .rodata.data__404_html
                0x0000b3a9      0x2b8 ./lwip/src/apps/httpd/fs.o
 .rodata.data__img_sics_gif
                0x0000b661      0x34f ./lwip/src/apps/httpd/fs.o
 .rodata.data__index_html
                0x0000b9b0      0xf6e ./lwip/src/apps/httpd/fs.o
 .rodata.str1.1
                0x0000c91e        0xe ./lwip/src/apps/httpd/fs.o
 .rodata        0x0000c92c        0x4 ./lwip/src/apps/httpd/httpd.o
 .rodata.http_check_eof.str1.1
                0x0000c930       0x37 ./lwip/src/apps/httpd/httpd.o
 .rodata.http_get_404_file.str1.1
                0x0000c967       0x14 ./lwip/src/apps/httpd/httpd.o
                                 0x1e (size before relaxing)
 .rodata.http_recv.str1.1
                0x0000c97b      0x182 ./lwip/src/apps/httpd/httpd.o
                                0x18c (size before relaxing)
 .rodata.http_set_cgi_handlers.str1.1
                0x0000cafd       0x29 ./lwip/src/apps/httpd/httpd.o
 .rodata.httpd_init.str1.1
                0x0000cb26       0x55 ./lwip/src/apps/httpd/httpd.o
 .rodata.str1.1
                0x0000cb7b      0x23f ./lwip/src/apps/httpd/httpd.o
                                0x267 (size before relaxing)
 .rodata.ethernetif_input.str1.1
                0x0000cdba        0xe ./lwip/port/ethernetif.o
 .rodata.low_level_output.str1.1
                0x0000cdba       0x1b ./lwip/port/ethernetif.o
 .rodata.sys_assert.str1.1
                0x0000cdd5        0x3 ./lwip/port/sys_arch.o
 .rodata.mcgConfig_BOARD_BootClockRUN
                0x0000cdd8        0xb ./board/clock_config.o
                0x0000cdd8                mcgConfig_BOARD_BootClockRUN
 .rodata._initio.str1.1
                0x0000cde3        0x3 c:/nxp/mcuxpressoide_11.0.1_2563/ide/plugins/com.nxp.mcuxpresso.tools.win32_11.0.1.201907311258/tools/bin/../lib/gcc/arm-none-eabi/8.2.1/../../../../arm-none-eabi/lib/thumb/v7e-m/nofp\libcr_c.a(initio.o)
                                  0x4 (size before relaxing)
 .rodata.__vfprintf.str1.1
                0x0000cde3       0x33 c:/nxp/mcuxpressoide_11.0.1_2563/ide/plugins/com.nxp.mcuxpresso.tools.win32_11.0.1.201907311258/tools/bin/../lib/gcc/arm-none-eabi/8.2.1/../../../../arm-none-eabi/lib/thumb/v7e-m/nofp\libcr_c.a(printf.o)
                                 0x38 (size before relaxing)
 .rodata._Csys_alloc.str1.1
                0x0000ce16       0x18 c:/nxp/mcuxpressoide_11.0.1_2563/ide/plugins/com.nxp.mcuxpresso.tools.win32_11.0.1.201907311258/tools/bin/../lib/gcc/arm-none-eabi/8.2.1/../../../../arm-none-eabi/lib/thumb/v7e-m/nofp\libcr_c.a(alloc.o)
                0x0000ce30                . = ALIGN (0x4)
 *fill*         0x0000ce2e        0x2 ff

.glue_7         0x0000ce30        0x0
 .glue_7        0x0000ce30        0x0 linker stubs

.glue_7t        0x0000ce30        0x0
 .glue_7t       0x0000ce30        0x0 linker stubs

.vfp11_veneer   0x0000ce30        0x0
 .vfp11_veneer  0x0000ce30        0x0 linker stubs

.v4_bx          0x0000ce30        0x0
 .v4_bx         0x0000ce30        0x0 linker stubs

.iplt           0x0000ce30        0x0
 .iplt          0x0000ce30        0x0 ./utilities/fsl_debug_console.o

.rel.dyn        0x0000ce30        0x0
 .rel.iplt      0x0000ce30        0x0 ./utilities/fsl_debug_console.o

.ARM.extab
 *(SORT_BY_ALIGNMENT(.ARM.extab*) SORT_BY_ALIGNMENT(.gnu.linkonce.armextab.*))
                0x0000ce30                __exidx_start = .

.ARM.exidx
 *(SORT_BY_ALIGNMENT(.ARM.exidx*) SORT_BY_ALIGNMENT(.gnu.linkonce.armexidx.*))
                0x0000ce30                __exidx_end = .
                0x0000ce30                _etext = .

.m_usb_data
 *(SORT_BY_ALIGNMENT(m_usb_bdt))

.data_RAM2      0x1fff0000        0x0 load address 0x0000ce30
 FILL mask 0xff
                [!provide]                PROVIDE (__start_data_RAM2 = .)
 *(SORT_BY_ALIGNMENT(.ramfunc.$RAM2))
 *(SORT_BY_ALIGNMENT(.ramfunc.$SRAM_LOWER))
 *(SORT_BY_ALIGNMENT(.data.$RAM2))
 *(SORT_BY_ALIGNMENT(.data.$SRAM_LOWER))
 *(SORT_BY_ALIGNMENT(.data.$RAM2.*))
 *(SORT_BY_ALIGNMENT(.data.$SRAM_LOWER.*))
                0x1fff0000                . = ALIGN (0x4)
                [!provide]                PROVIDE (__end_data_RAM2 = .)

.data_RAM3      0x14000000        0x0 load address 0x0000ce30
 FILL mask 0xff
                [!provide]                PROVIDE (__start_data_RAM3 = .)
 *(SORT_BY_ALIGNMENT(.ramfunc.$RAM3))
 *(SORT_BY_ALIGNMENT(.ramfunc.$FLEX_RAM))
 *(SORT_BY_ALIGNMENT(.data.$RAM3))
 *(SORT_BY_ALIGNMENT(.data.$FLEX_RAM))
 *(SORT_BY_ALIGNMENT(.data.$RAM3.*))
 *(SORT_BY_ALIGNMENT(.data.$FLEX_RAM.*))
                0x14000000                . = ALIGN (0x4)
                [!provide]                PROVIDE (__end_data_RAM3 = .)

.uninit_RESERVED
                0x20000000        0x0
                0x20000000                . = ALIGN (0x4)
 *(SORT_BY_ALIGNMENT(.bss.$RESERVED*))
                0x20000000                . = ALIGN (0x4)
                0x20000000                _end_uninit_RESERVED = .

.data           0x20000000       0x18 load address 0x0000ce30
 FILL mask 0xff
                0x20000000                _data = .
 *(SORT_BY_ALIGNMENT(vtable))
 *(SORT_BY_ALIGNMENT(.ramfunc*))
 *(SORT_BY_ALIGNMENT(CodeQuickAccess))
 *(SORT_BY_ALIGNMENT(DataQuickAccess))
 *(SORT_BY_ALIGNMENT(RamFunction))
 *(SORT_BY_ALIGNMENT(.data*))
 .data.xid.7428
                0x20000000        0x4 ./lwip/src/core/ipv4/dhcp.o
 .data.iss.7446
                0x20000004        0x4 ./lwip/src/core/tcp.o
 .data.s_fastIrcFreq
                0x20000008        0x4 ./drivers/fsl_clock.o
 .data.s_slowIrcFreq
                0x2000000c        0x4 ./drivers/fsl_clock.o
 .data.SystemCoreClock
                0x20000010        0x4 ./CMSIS/system_MK60D10.o
                0x20000010                SystemCoreClock
 .data.tcp_port
                0x20000014        0x2 ./lwip/src/core/tcp.o
 .data.udp_port
                0x20000016        0x2 ./lwip/src/core/udp.o
                0x20000018                . = ALIGN (0x4)
                0x20000018                _edata = .

.igot.plt       0x20000018        0x0 load address 0x0000ce48
 .igot.plt      0x20000018        0x0 ./utilities/fsl_debug_console.o

.bss_RAM2       0x1fff0000        0x0
                0x1fff0000                . = ALIGN (0x4)
                [!provide]                PROVIDE (__start_bss_RAM2 = .)
 *(SORT_BY_ALIGNMENT(.bss.$RAM2))
 *(SORT_BY_ALIGNMENT(.bss.$SRAM_LOWER))
 *(SORT_BY_ALIGNMENT(.bss.$RAM2.*))
 *(SORT_BY_ALIGNMENT(.bss.$SRAM_LOWER.*))
                0x1fff0000                . = ALIGN ((. != 0x0)?0x4:0x1)
                [!provide]                PROVIDE (__end_bss_RAM2 = .)

.bss_RAM3       0x14000000        0x0
                0x14000000                . = ALIGN (0x4)
                [!provide]                PROVIDE (__start_bss_RAM3 = .)
 *(SORT_BY_ALIGNMENT(.bss.$RAM3))
 *(SORT_BY_ALIGNMENT(.bss.$FLEX_RAM))
 *(SORT_BY_ALIGNMENT(.bss.$RAM3.*))
 *(SORT_BY_ALIGNMENT(.bss.$FLEX_RAM.*))
                0x14000000                . = ALIGN ((. != 0x0)?0x4:0x1)
                [!provide]                PROVIDE (__end_bss_RAM3 = .)

.bss            0x20000018     0xd824
                0x20000018                . = ALIGN (0x4)
                0x20000018                _bss = .
 *(SORT_BY_ALIGNMENT(.bss*))
 .bss.s_debugConsole
                0x20000018       0x10 ./utilities/fsl_debug_console.o
 .bss.dhcp_pcb  0x20000028        0x4 ./lwip/src/core/ipv4/dhcp.o
 .bss.arp_table
                0x2000002c       0xf0 ./lwip/src/core/ipv4/etharp.o
 .bss.reassdatagrams
                0x2000011c        0x4 ./lwip/src/core/ipv4/ip4_frag.o
 .bss.ip_data   0x20000120       0x18 ./lwip/src/core/ip.o
                0x20000120                ip_data
 .bss.lfree     0x20000138        0x4 ./lwip/src/core/mem.o
 .bss.ram       0x2000013c        0x4 ./lwip/src/core/mem.o
 .bss.ram_end   0x20000140        0x4 ./lwip/src/core/mem.o
 .bss.memp_tab_FRAG_PBUF
                0x20000144        0x4 ./lwip/src/core/memp.o
 .bss.memp_tab_PBUF
                0x20000148        0x4 ./lwip/src/core/memp.o
 .bss.memp_tab_PBUF_POOL
                0x2000014c        0x4 ./lwip/src/core/memp.o
 .bss.memp_tab_REASSDATA
                0x20000150        0x4 ./lwip/src/core/memp.o
 .bss.memp_tab_SYS_TIMEOUT
                0x20000154        0x4 ./lwip/src/core/memp.o
 .bss.memp_tab_TCP_PCB
                0x20000158        0x4 ./lwip/src/core/memp.o
 .bss.memp_tab_TCP_PCB_LISTEN
                0x2000015c        0x4 ./lwip/src/core/memp.o
 .bss.memp_tab_TCP_SEG
                0x20000160        0x4 ./lwip/src/core/memp.o